Component: ARM Compiler 5.06 update 6 (build 750) Tool: armlink [4d35ed]

==============================================================================

Section Cross References

    startup_stm32f103xb.o(RESET) refers to startup_stm32f103xb.o(STACK) for __initial_sp
    startup_stm32f103xb.o(RESET) refers to startup_stm32f103xb.o(.text) for Reset_Handler
    startup_stm32f103xb.o(RESET) refers to stm32f1xx_it.o(i.NMI_Handler) for NMI_Handler
    startup_stm32f103xb.o(RESET) refers to stm32f1xx_it.o(i.HardFault_Handler) for HardFault_Handler
    startup_stm32f103xb.o(RESET) refers to stm32f1xx_it.o(i.MemManage_Handler) for MemManage_Handler
    startup_stm32f103xb.o(RESET) refers to stm32f1xx_it.o(i.BusFault_Handler) for BusFault_Handler
    startup_stm32f103xb.o(RESET) refers to stm32f1xx_it.o(i.UsageFault_Handler) for UsageFault_Handler
    startup_stm32f103xb.o(RESET) refers to stm32f1xx_it.o(i.SVC_Handler) for SVC_Handler
    startup_stm32f103xb.o(RESET) refers to stm32f1xx_it.o(i.DebugMon_Handler) for DebugMon_Handler
    startup_stm32f103xb.o(RESET) refers to stm32f1xx_it.o(i.PendSV_Handler) for PendSV_Handler
    startup_stm32f103xb.o(RESET) refers to stm32f1xx_it.o(i.SysTick_Handler) for SysTick_Handler
    startup_stm32f103xb.o(RESET) refers to stm32f1xx_it.o(i.DMA1_Channel3_IRQHandler) for DMA1_Channel3_IRQHandler
    startup_stm32f103xb.o(RESET) refers to stm32f1xx_it.o(i.EXTI9_5_IRQHandler) for EXTI9_5_IRQHandler
    startup_stm32f103xb.o(RESET) refers to stm32f1xx_it.o(i.TIM2_IRQHandler) for TIM2_IRQHandler
    startup_stm32f103xb.o(RESET) refers to stm32f1xx_it.o(i.USART3_IRQHandler) for USART3_IRQHandler
    startup_stm32f103xb.o(.text) refers to system_stm32f1xx.o(i.SystemInit) for SystemInit
    startup_stm32f103xb.o(.text) refers to entry.o(.ARM.Collect$$$$00000000) for __main
    oled.o(i.Address_set) refers to oled.o(i.LCD_WR_REG) for LCD_WR_REG
    oled.o(i.Address_set) refers to oled.o(i.LCD_WR_DATA) for LCD_WR_DATA
    oled.o(i.Draw_Circle) refers to oled.o(i.LCD_DrawPoint) for LCD_DrawPoint
    oled.o(i.LCD_Clear) refers to oled.o(i.Address_set) for Address_set
    oled.o(i.LCD_Clear) refers to oled.o(i.LCD_WR_DATA) for LCD_WR_DATA
    oled.o(i.LCD_DPC) refers to oled.o(.data) for LCD_1bit_240120
    oled.o(i.LCD_DrawLine) refers to oled.o(i.LCD_DrawPoint) for LCD_DrawPoint
    oled.o(i.LCD_DrawPoint) refers to oled.o(.data) for LCD_1bit_240120
    oled.o(i.LCD_DrawPoint_big) refers to oled.o(i.LCD_Fill) for LCD_Fill
    oled.o(i.LCD_DrawPoint_big) refers to oled.o(.data) for POINT_COLOR
    oled.o(i.LCD_DrawRectangle) refers to oled.o(i.LCD_DrawLine) for LCD_DrawLine
    oled.o(i.LCD_Fill) refers to oled.o(i.Address_set) for Address_set
    oled.o(i.LCD_Fill) refers to oled.o(i.LCD_WR_DATA) for LCD_WR_DATA
    oled.o(i.LCD_Init) refers to oled.o(i.LCD_delay_ms) for LCD_delay_ms
    oled.o(i.LCD_Init) refers to oled.o(i.LCD_WR_REG) for LCD_WR_REG
    oled.o(i.LCD_Init) refers to oled.o(i.LCD_WR_DATA8) for LCD_WR_DATA8
    oled.o(i.LCD_Init) refers to oled.o(i.LCD_Clear) for LCD_Clear
    oled.o(i.LCD_Init) refers to oled.o(.data) for BACK_COLOR
    oled.o(i.LCD_Show2Num) refers to oled.o(i.mypow) for mypow
    oled.o(i.LCD_Show2Num) refers to oled.o(i.LCD_ShowChar) for LCD_ShowChar
    oled.o(i.LCD_ShowChar) refers to oled.o(i.Address_set) for Address_set
    oled.o(i.LCD_ShowChar) refers to oled.o(i.LCD_WR_DATA) for LCD_WR_DATA
    oled.o(i.LCD_ShowChar) refers to oled.o(i.LCD_DrawPoint) for LCD_DrawPoint
    oled.o(i.LCD_ShowChar) refers to oled.o(.data) for POINT_COLOR
    oled.o(i.LCD_ShowChar) refers to oled.o(.constdata) for asc2_1608
    oled.o(i.LCD_ShowNum) refers to oled.o(i.mypow) for mypow
    oled.o(i.LCD_ShowNum) refers to oled.o(i.LCD_ShowChar) for LCD_ShowChar
    oled.o(i.LCD_ShowString) refers to oled.o(i.LCD_Clear) for LCD_Clear
    oled.o(i.LCD_ShowString) refers to oled.o(i.LCD_ShowChar) for LCD_ShowChar
    oled.o(i.LCD_SyncPart_1bit) refers to oled.o(i.Address_set) for Address_set
    oled.o(i.LCD_SyncPart_1bit) refers to oled.o(i.LCD_WR_DATA) for LCD_WR_DATA
    oled.o(i.LCD_SyncPart_1bit) refers to oled.o(.data) for LCD_1bit_240120
    oled.o(i.LCD_Sync_1bit) refers to oled.o(i.Address_set) for Address_set
    oled.o(i.LCD_Sync_1bit) refers to oled.o(i.LCD_WR_DATA) for LCD_WR_DATA
    oled.o(i.LCD_Sync_1bit) refers to oled.o(.data) for LCD_1bit_240120
    oled.o(i.LCD_WR_DATA) refers to oled.o(i.LCD_Writ_Bus) for LCD_Writ_Bus
    oled.o(i.LCD_WR_DATA8) refers to oled.o(i.LCD_Writ_Bus) for LCD_Writ_Bus
    oled.o(i.LCD_WR_REG) refers to oled.o(i.LCD_Writ_Bus) for LCD_Writ_Bus
    oled.o(i.showhanzi) refers to oled.o(i.Address_set) for Address_set
    oled.o(i.showhanzi) refers to oled.o(i.LCD_WR_DATA) for LCD_WR_DATA
    oled.o(i.showhanzi) refers to oled.o(.data) for hanzi
    i2c_soft.o(i.IIC1_Ack) refers to i2c_soft.o(i.delay_us) for delay_us
    i2c_soft.o(i.IIC1_NAck) refers to i2c_soft.o(i.delay_us) for delay_us
[...]
    UART_Transmit_IT                         0x080029a9   Thumb Code   104  stm32f1xx_hal_uart.o(i.UART_Transmit_IT)
    i.USART3_IRQHandler                      0x08002a10   Section        0  stm32f1xx_it.o(i.USART3_IRQHandler)
    i.UsageFault_Handler                     0x08002a20   Section        0  stm32f1xx_it.o(i.UsageFault_Handler)
    i.VL53L0X_CheckAndLoadInterruptSettings  0x08002a24   Section        0  vl53l0x_api.o(i.VL53L0X_CheckAndLoadInterruptSettings)
    i.VL53L0X_ClearInterruptMask             0x08002aa8   Section        0  vl53l0x_api.o(i.VL53L0X_ClearInterruptMask)
    i.VL53L0X_DataInit                       0x08002afc   Section        0  vl53l0x_api.o(i.VL53L0X_DataInit)
    i.VL53L0X_GetDeviceMode                  0x08002ca8   Section        0  vl53l0x_api.o(i.VL53L0X_GetDeviceMode)
    i.VL53L0X_GetDeviceParameters            0x08002cb2   Section        0  vl53l0x_api.o(i.VL53L0X_GetDeviceParameters)
    i.VL53L0X_GetFractionEnable              0x08002d52   Section        0  vl53l0x_api.o(i.VL53L0X_GetFractionEnable)
    i.VL53L0X_GetInterMeasurementPeriodMilliSeconds 0x08002d74   Section        0  vl53l0x_api.o(i.VL53L0X_GetInterMeasurementPeriodMilliSeconds)
    i.VL53L0X_GetInterruptMaskStatus         0x08002db2   Section        0  vl53l0x_api.o(i.VL53L0X_GetInterruptMaskStatus)
    i.VL53L0X_GetInterruptThresholds         0x08002de2   Section        0  vl53l0x_api.o(i.VL53L0X_GetInterruptThresholds)
    i.VL53L0X_GetLimitCheckEnable            0x08002e24   Section        0  vl53l0x_api.o(i.VL53L0X_GetLimitCheckEnable)
    i.VL53L0X_GetLimitCheckValue             0x08002e40   Section        0  vl53l0x_api.o(i.VL53L0X_GetLimitCheckValue)
    i.VL53L0X_GetMeasurementDataReady        0x08002ef6   Section        0  vl53l0x_api.o(i.VL53L0X_GetMeasurementDataReady)
    i.VL53L0X_GetMeasurementTimingBudgetMicroSeconds 0x08002f4c   Section        0  vl53l0x_api.o(i.VL53L0X_GetMeasurementTimingBudgetMicroSeconds)
    i.VL53L0X_GetOffsetCalibrationDataMicroMeter 0x08002f62   Section        0  vl53l0x_api.o(i.VL53L0X_GetOffsetCalibrationDataMicroMeter)
    i.VL53L0X_GetPalErrorString              0x08002f78   Section        0  vl53l0x_api.o(i.VL53L0X_GetPalErrorString)
    i.VL53L0X_GetRangingMeasurementData      0x08002f8e   Section        0  vl53l0x_api.o(i.VL53L0X_GetRangingMeasurementData)
    i.VL53L0X_GetSequenceStepEnables         0x080030fc   Section        0  vl53l0x_api.o(i.VL53L0X_GetSequenceStepEnables)
    i.VL53L0X_GetVcselPulsePeriod            0x08003172   Section        0  vl53l0x_api.o(i.VL53L0X_GetVcselPulsePeriod)
    i.VL53L0X_GetWrapAroundCheckEnable       0x08003190   Section        0  vl53l0x_api.o(i.VL53L0X_GetWrapAroundCheckEnable)
    i.VL53L0X_GetXTalkCompensationEnable     0x080031ce   Section        0  vl53l0x_api.o(i.VL53L0X_GetXTalkCompensationEnable)
    i.VL53L0X_GetXTalkCompensationRateMegaCps 0x080031da   Section        0  vl53l0x_api.o(i.VL53L0X_GetXTalkCompensationRateMegaCps)
    i.VL53L0X_PerformRefCalibration          0x08003212   Section        0  vl53l0x_api.o(i.VL53L0X_PerformRefCalibration)
    i.VL53L0X_PerformRefSpadManagement       0x08003232   Section        0  vl53l0x_api.o(i.VL53L0X_PerformRefSpadManagement)
    i.VL53L0X_PerformSingleMeasurement       0x08003250   Section        0  vl53l0x_api.o(i.VL53L0X_PerformSingleMeasurement)
    i.VL53L0X_PerformSingleRangingMeasurement 0x0800328c   Section        0  vl53l0x_api.o(i.VL53L0X_PerformSingleRangingMeasurement)
    i.VL53L0X_PollingDelay                   0x080032c4   Section        0  vl53l0x_platform.o(i.VL53L0X_PollingDelay)
    i.VL53L0X_RdByte                         0x080032de   Section        0  vl53l0x_platform.o(i.VL53L0X_RdByte)
    i.VL53L0X_RdDWord                        0x0800330a   Section        0  vl53l0x_platform.o(i.VL53L0X_RdDWord)
    i.VL53L0X_RdWord                         0x08003336   Section        0  vl53l0x_platform.o(i.VL53L0X_RdWord)
    i.VL53L0X_ReadMulti                      0x08003362   Section        0  vl53l0x_platform.o(i.VL53L0X_ReadMulti)
    i.VL53L0X_SetDeviceAddress               0x08003398   Section        0  vl53l0x_api.o(i.VL53L0X_SetDeviceAddress)
    i.VL53L0X_SetDeviceMode                  0x080033bc   Section        0  vl53l0x_api.o(i.VL53L0X_SetDeviceMode)
    i.VL53L0X_SetGpioConfig                  0x080033ee   Section        0  vl53l0x_api.o(i.VL53L0X_SetGpioConfig)
    i.VL53L0X_SetLimitCheckEnable            0x08003554   Section        0  vl53l0x_api.o(i.VL53L0X_SetLimitCheckEnable)
    i.VL53L0X_SetLimitCheckValue             0x08003616   Section        0  vl53l0x_api.o(i.VL53L0X_SetLimitCheckValue)
    i.VL53L0X_SetMeasurementTimingBudgetMicroSeconds 0x0800368c   Section        0  vl53l0x_api.o(i.VL53L0X_SetMeasurementTimingBudgetMicroSeconds)
    i.VL53L0X_SetOffsetCalibrationDataMicroMeter 0x080036a2   Section        0  vl53l0x_api.o(i.VL53L0X_SetOffsetCalibrationDataMicroMeter)
    i.VL53L0X_SetRefCalibration              0x080036b8   Section        0  vl53l0x_api.o(i.VL53L0X_SetRefCalibration)
    i.VL53L0X_SetReferenceSpads              0x080036d6   Section        0  vl53l0x_api.o(i.VL53L0X_SetReferenceSpads)
    i.VL53L0X_SetSequenceStepEnable          0x080036f4   Section        0  vl53l0x_api.o(i.VL53L0X_SetSequenceStepEnable)
    i.VL53L0X_SetVcselPulsePeriod            0x080037b8   Section        0  vl53l0x_api.o(i.VL53L0X_SetVcselPulsePeriod)
    i.VL53L0X_SetXTalkCompensationRateMegaCps 0x080037d6   Section        0  vl53l0x_api.o(i.VL53L0X_SetXTalkCompensationRateMegaCps)
    i.VL53L0X_StartMeasurement               0x08003816   Section        0  vl53l0x_api.o(i.VL53L0X_StartMeasurement)
    i.VL53L0X_StaticInit                     0x08003924   Section        0  vl53l0x_api.o(i.VL53L0X_StaticInit)
    i.VL53L0X_UpdateByte                     0x08003ac4   Section        0  vl53l0x_platform.o(i.VL53L0X_UpdateByte)
    i.VL53L0X_WrByte                         0x08003b16   Section        0  vl53l0x_platform.o(i.VL53L0X_WrByte)
    i.VL53L0X_WrWord                         0x08003b42   Section        0  vl53l0x_platform.o(i.VL53L0X_WrWord)
    i.VL53L0X_WriteMulti                     0x08003b6e   Section        0  vl53l0x_platform.o(i.VL53L0X_WriteMulti)
    i.VL53L0X_calc_dmax                      0x08003bac   Section        0  vl53l0x_api_core.o(i.VL53L0X_calc_dmax)
    i.VL53L0X_calc_macro_period_ps           0x08003d38   Section        0  vl53l0x_api_core.o(i.VL53L0X_calc_macro_period_ps)
    i.VL53L0X_calc_sigma_estimate            0x08003d50   Section        0  vl53l0x_api_core.o(i.VL53L0X_calc_sigma_estimate)
    i.VL53L0X_calc_timeout_mclks             0x08004060   Section        0  vl53l0x_api_core.o(i.VL53L0X_calc_timeout_mclks)
    i.VL53L0X_calc_timeout_us                0x08004094   Section        0  vl53l0x_api_core.o(i.VL53L0X_calc_timeout_us)
    i.VL53L0X_decode_timeout                 0x080040c8   Section        0  vl53l0x_api_core.o(i.VL53L0X_decode_timeout)
    i.VL53L0X_decode_vcsel_period            0x080040d6   Section        0  vl53l0x_api_core.o(i.VL53L0X_decode_vcsel_period)
    i.VL53L0X_device_read_strobe             0x080040e2   Section        0  vl53l0x_api_core.o(i.VL53L0X_device_read_strobe)
    i.VL53L0X_encode_timeout                 0x08004134   Section        0  vl53l0x_api_core.o(i.VL53L0X_encode_timeout)
    i.VL53L0X_encode_vcsel_period            0x0800415c   Section        0  vl53l0x_api_core.o(i.VL53L0X_encode_vcsel_period)
    i.VL53L0X_get_info_from_device           0x0800416a   Section        0  vl53l0x_api_core.o(i.VL53L0X_get_info_from_device)
    i.VL53L0X_get_measurement_timing_budget_micro_seconds 0x080046b4   Section        0  vl53l0x_api_core.o(i.VL53L0X_get_measurement_timing_budget_micro_seconds)
    i.VL53L0X_get_offset_calibration_data_micro_meter 0x080047a2   Section        0  vl53l0x_api_calibration.o(i.VL53L0X_get_offset_calibration_data_micro_meter)
    i.VL53L0X_get_pal_error_string           0x080047f8   Section        0  vl53l0x_api_strings.o(i.VL53L0X_get_pal_error_string)
    i.VL53L0X_get_pal_range_status           0x08004ac4   Section        0  vl53l0x_api_core.o(i.VL53L0X_get_pal_range_status)
    i.VL53L0X_get_total_signal_rate          0x08004cf8   Section        0  vl53l0x_api_core.o(i.VL53L0X_get_total_signal_rate)
    i.VL53L0X_get_total_xtalk_rate           0x08004d20   Section        0  vl53l0x_api_core.o(i.VL53L0X_get_total_xtalk_rate)
    i.VL53L0X_get_vcsel_pulse_period         0x08004d5a   Section        0  vl53l0x_api_core.o(i.VL53L0X_get_vcsel_pulse_period)
    i.VL53L0X_isqrt                          0x08004da0   Section        0  vl53l0x_api_core.o(i.VL53L0X_isqrt)
    i.VL53L0X_load_tuning_settings           0x08004dcc   Section        0  vl53l0x_api_core.o(i.VL53L0X_load_tuning_settings)
    i.VL53L0X_measurement_poll_for_completion 0x08004eb6   Section        0  vl53l0x_api_core.o(i.VL53L0X_measurement_poll_for_completion)
    i.VL53L0X_perform_phase_calibration      0x08004ef8   Section        0  vl53l0x_api_calibration.o(i.VL53L0X_perform_phase_calibration)
    i.VL53L0X_perform_ref_calibration        0x08004f74   Section        0  vl53l0x_api_calibration.o(i.VL53L0X_perform_ref_calibration)
    i.VL53L0X_perform_ref_spad_management    0x08004fc0   Section        0  vl53l0x_api_calibration.o(i.VL53L0X_perform_ref_spad_management)
    i.VL53L0X_perform_single_ref_calibration 0x08005252   Section        0  vl53l0x_api_calibration.o(i.VL53L0X_perform_single_ref_calibration)
    i.VL53L0X_perform_vhv_calibration        0x08005292   Section        0  vl53l0x_api_calibration.o(i.VL53L0X_perform_vhv_calibration)
    i.VL53L0X_read_byte                      0x08005310   Section        0  vl53l0x_i2c.o(i.VL53L0X_read_byte)
    i.VL53L0X_read_dword                     0x0800532c   Section        0  vl53l0x_i2c.o(i.VL53L0X_read_dword)
    i.VL53L0X_read_multi                     0x08005366   Section        0  vl53l0x_i2c.o(i.VL53L0X_read_multi)
    i.VL53L0X_read_word                      0x0800538e   Section        0  vl53l0x_i2c.o(i.VL53L0X_read_word)
    i.VL53L0X_ref_calibration_io             0x080053b8   Section        0  vl53l0x_api_calibration.o(i.VL53L0X_ref_calibration_io)
    i.VL53L0X_set_measurement_timing_budget_micro_seconds 0x08005468   Section        0  vl53l0x_api_core.o(i.VL53L0X_set_measurement_timing_budget_micro_seconds)
    i.VL53L0X_set_offset_calibration_data_micro_meter 0x08005590   Section        0  vl53l0x_api_calibration.o(i.VL53L0X_set_offset_calibration_data_micro_meter)
    i.VL53L0X_set_ref_calibration            0x080055e4   Section        0  vl53l0x_api_calibration.o(i.VL53L0X_set_ref_calibration)
    i.VL53L0X_set_reference_spads            0x08005612   Section        0  vl53l0x_api_calibration.o(i.VL53L0X_set_reference_spads)
    i.VL53L0X_set_vcsel_pulse_period         0x080056d4   Section        0  vl53l0x_api_core.o(i.VL53L0X_set_vcsel_pulse_period)
    i.VL53L0X_write_byte                     0x080059d2   Section        0  vl53l0x_i2c.o(i.VL53L0X_write_byte)
    i.VL53L0X_write_multi                    0x080059ec   Section        0  vl53l0x_i2c.o(i.VL53L0X_write_multi)
    i.VL53L0X_write_word                     0x08005a14   Section        0  vl53l0x_i2c.o(i.VL53L0X_write_word)
    i.VL_IIC_Ack                             0x08005a6c   Section        0  vl53l0x_i2c.o(i.VL_IIC_Ack)
    i.VL_IIC_NAck                            0x08005abc   Section        0  vl53l0x_i2c.o(i.VL_IIC_NAck)
    i.VL_IIC_Read_Byte                       0x08005b0c   Section        0  vl53l0x_i2c.o(i.VL_IIC_Read_Byte)
    i.VL_IIC_Read_nByte                      0x08005b7c   Section        0  vl53l0x_i2c.o(i.VL_IIC_Read_nByte)
    i.VL_IIC_Send_Byte                       0x08005be4   Section        0  vl53l0x_i2c.o(i.VL_IIC_Send_Byte)
    i.VL_IIC_Start                           0x08005c58   Section        0  vl53l0x_i2c.o(i.VL_IIC_Start)
    i.VL_IIC_Stop                            0x08005ca4   Section        0  vl53l0x_i2c.o(i.VL_IIC_Stop)
    i.VL_IIC_Wait_Ack                        0x08005cf0   Section        0  vl53l0x_i2c.o(i.VL_IIC_Wait_Ack)
    i.VL_IIC_Write_nByte                     0x08005d54   Section        0  vl53l0x_i2c.o(i.VL_IIC_Write_nByte)
    i.__0printf$8                            0x08005da0   Section        0  printf8.o(i.__0printf$8)
    i.__0sprintf$8                           0x08005dc0   Section        0  printf8.o(i.__0sprintf$8)
    i.__NVIC_GetPriorityGrouping             0x08005de8   Section        0  stm32f1xx_hal_cortex.o(i.__NVIC_GetPriorityGrouping)
    __NVIC_GetPriorityGrouping               0x08005de9   Thumb Code    10  stm32f1xx_hal_cortex.o(i.__NVIC_GetPriorityGrouping)
    i.__NVIC_SetPriority                     0x08005df8   Section        0  stm32f1xx_hal_cortex.o(i.__NVIC_SetPriority)
    __NVIC_SetPriority                       0x08005df9   Thumb Code    32  stm32f1xx_hal_cortex.o(i.__NVIC_SetPriority)
    i.__scatterload_copy                     0x08005e20   Section       14  handlers.o(i.__scatterload_copy)
    i.__scatterload_null                     0x08005e2e   Section        2  handlers.o(i.__scatterload_null)
    i.__scatterload_zeroinit                 0x08005e30   Section       14  handlers.o(i.__scatterload_zeroinit)
    i._printf_core                           0x08005e40   Section        0  printf8.o(i._printf_core)
    _printf_core                             0x08005e41   Thumb Code   996  printf8.o(i._printf_core)
    i._printf_post_padding                   0x08006250   Section        0  printf8.o(i._printf_post_padding)
    _printf_post_padding                     0x08006251   Thumb Code    36  printf8.o(i._printf_post_padding)
    i._printf_pre_padding                    0x08006274   Section        0  printf8.o(i._printf_pre_padding)
    _printf_pre_padding                      0x08006275   Thumb Code    46  printf8.o(i._printf_pre_padding)
    i._sputc                                 0x080062a2   Section        0  printf8.o(i._sputc)
    _sputc                                   0x080062a3   Thumb Code    10  printf8.o(i._sputc)
    i.delay_ms                               0x080062ac   Section        0  vl53l0x.o(i.delay_ms)
    i.delay_us                               0x080062d2   Section        0  vl53l0x_i2c.o(i.delay_us)
    i.enable_ref_spads                       0x080062e0   Section        0  vl53l0x_api_calibration.o(i.enable_ref_spads)
    i.enable_spad_bit                        0x0800638c   Section        0  vl53l0x_api_calibration.o(i.enable_spad_bit)
    i.fputc                                  0x080063c0   Section        0  uart.o(i.fputc)
    i.get_next_good_spad                     0x080063dc   Section        0  vl53l0x_api_calibration.o(i.get_next_good_spad)
    i.get_ref_spad_map                       0x08006444   Section        0  vl53l0x_api_calibration.o(i.get_ref_spad_map)
    i.get_sequence_step_timeout              0x0800645c   Section        0  vl53l0x_api_core.o(i.get_sequence_step_timeout)
    i.is_aperture                            0x08006580   Section        0  vl53l0x_api_calibration.o(i.is_aperture)
    i.main                                   0x08006598   Section        0  main.o(i.main)
    i.perform_ref_signal_measurement         0x08006718   Section        0  vl53l0x_api_calibration.o(i.perform_ref_signal_measurement)
    i.print_pal_error                        0x08006788   Section        0  vl53l0x.o(i.print_pal_error)
    i.sequence_step_enabled                  0x080067bc   Section        0  vl53l0x_api.o(i.sequence_step_enabled)
    i.set_ref_spad_map                       0x08006804   Section        0  vl53l0x_api_calibration.o(i.set_ref_spad_map)
    i.set_sequence_step_timeout              0x0800681c   Section        0  vl53l0x_api_core.o(i.set_sequence_step_timeout)
    i.vl53l0x_Addr_set                       0x08006950   Section        0  vl53l0x.o(i.vl53l0x_Addr_set)
    i.vl53l0x_reset                          0x080069f4   Section        0  vl53l0x.o(i.vl53l0x_reset)
    i.vl53l0x_set_mode                       0x08006a34   Section        0  vl53l0x_gen.o(i.vl53l0x_set_mode)
    .constdata                               0x08006bd0   Section     1520  oled.o(.constdata)
    .constdata                               0x080071c0   Section       24  system_stm32f1xx.o(.constdata)
    .data                                    0x20000000   Section     5142  oled.o(.data)
    .data                                    0x20001418   Section        8  uart.o(.data)
    .data                                    0x20001420   Section        4  main.o(.data)
    .data                                    0x20001424   Section        9  stm32f1xx_hal.o(.data)
    .data                                    0x20001430   Section        4  system_stm32f1xx.o(.data)
    .data                                    0x20001434   Section      681  vl53l0x_api.o(.data)
    .data                                    0x200016e0   Section       16  vl53l0x_api_calibration.o(.data)
    .data                                    0x200016f0   Section       57  vl53l0x.o(.data)
    .bss                                     0x2000172c   Section      452  main.o(.bss)
    .bss                                     0x200018f0   Section       48  vl53l0x_cali.o(.bss)
    .bss                                     0x20001920   Section       60  vl53l0x_gen.o(.bss)
    buf                                      0x2000193c   Data          32  vl53l0x_gen.o(.bss)
    .bss                                     0x2000195c   Section      451  vl53l0x.o(.bss)
    STACK                                    0x20001b20   Section     1024  startup_stm32f103xb.o(STACK)

    Global Symbols

    Symbol Name                              Value     Ov Type        Size  Object(Section)

    BuildAttributes$$THM_ISAv4$P$D$K$B$S$PE$A:L22UL41UL21$X:L11$S22US41US21$IEEE1$IW$USESV6$~STKCKD$USESV7$~SHL$OSPACE$ROPI$EBA8$MICROLIB$REQ8$PRES8$EABIv2 0x00000000   Number         0  anon$$obj.o ABSOLUTE
    __ARM_use_no_argv                        0x00000000   Number         0  main.o ABSOLUTE
    __use_no_errno                           0x00000000   Number         0  useno.o ABSOLUTE
    __use_no_exception_handling              0x00000000   Number         0  useno.o ABSOLUTE
    __use_no_fp                              0x00000000   Number         0  useno.o ABSOLUTE
    __use_no_heap                            0x00000000   Number         0  useno.o ABSOLUTE
    __use_no_heap_region                     0x00000000   Number         0  useno.o ABSOLUTE
    __use_no_semihosting                     0x00000000   Number         0  useno.o ABSOLUTE
    __use_no_semihosting_swi                 0x00000000   Number         0  useno.o ABSOLUTE
    __use_no_signal_handling                 0x00000000   Number         0  useno.o ABSOLUTE
    _printf_a                                0x00000000   Number         0  stubs.o ABSOLUTE
    _printf_c                                0x00000000   Number         0  stubs.o ABSOLUTE
    _printf_charcount                        0x00000000   Number         0  stubs.o ABSOLUTE
    _printf_d                                0x00000000   Number         0  stubs.o ABSOLUTE
    _printf_e                                0x00000000   Number         0  stubs.o ABSOLUTE
    _printf_f                                0x00000000   Number         0  stubs.o ABSOLUTE
    _printf_flags                            0x00000000   Number         0  stubs.o ABSOLUTE
    _printf_fp_dec                           0x00000000   Number         0  stubs.o ABSOLUTE
    _printf_fp_hex                           0x00000000   Number         0  stubs.o ABSOLUTE
    _printf_g                                0x00000000   Number         0  stubs.o ABSOLUTE
    _printf_i                                0x00000000   Number         0  stubs.o ABSOLUTE
    _printf_int_dec                          0x00000000   Number         0  stubs.o ABSOLUTE
    _printf_l                                0x00000000   Number         0  stubs.o ABSOLUTE
    _printf_lc                               0x00000000   Number         0  stubs.o ABSOLUTE
    _printf_ll                               0x00000000   Number         0  stubs.o ABSOLUTE
    _printf_lld                              0x00000000   Number         0  stubs.o ABSOLUTE
    _printf_lli                              0x00000000   Number         0  stubs.o ABSOLUTE
    _printf_llo                              0x00000000   Number         0  stubs.o ABSOLUTE
    _printf_llu                              0x00000000   Number         0  stubs.o ABSOLUTE
    _printf_llx                              0x00000000   Number         0  stubs.o ABSOLUTE
    _printf_longlong_dec                     0x00000000   Number         0  stubs.o ABSOLUTE
    _printf_longlong_hex                     0x00000000   Number         0  stubs.o ABSOLUTE
    _printf_longlong_oct                     0x00000000   Number         0  stubs.o ABSOLUTE
    _printf_ls                               0x00000000   Number         0  stubs.o ABSOLUTE
    _printf_mbtowc                           0x00000000   Number         0  stubs.o ABSOLUTE
    _printf_n                                0x00000000   Number         0  stubs.o ABSOLUTE
    _printf_o                                0x00000000   Number         0  stubs.o ABSOLUTE
    _printf_p                                0x00000000   Number         0  stubs.o ABSOLUTE
    _printf_percent                          0x00000000   Number         0  stubs.o ABSOLUTE
    _printf_pre_padding                      0x00000000   Number         0  stubs.o ABSOLUTE
    _printf_return_value                     0x00000000   Number         0  stubs.o ABSOLUTE
    _printf_s                                0x00000000   Number         0  stubs.o ABSOLUTE
    _printf_sizespec                         0x00000000   Number         0  stubs.o ABSOLUTE
    _printf_str                              0x00000000   Number         0  stubs.o ABSOLUTE
    _printf_truncate_signed                  0x00000000   Number         0  stubs.o ABSOLUTE
    _printf_truncate_unsigned                0x00000000   Number         0  stubs.o ABSOLUTE
    _printf_u                                0x00000000   Number         0  stubs.o ABSOLUTE
    _printf_wc                               0x00000000   Number         0  stubs.o ABSOLUTE
    _printf_wctomb                           0x00000000   Number         0  stubs.o ABSOLUTE
    _printf_widthprec                        0x00000000   Number         0  stubs.o ABSOLUTE
    _printf_x                                0x00000000   Number         0  stubs.o ABSOLUTE
    __cpp_initialize__aeabi_                  - Undefined Weak Reference
    __cxa_finalize                            - Undefined Weak Reference
    _clock_init                               - Undefined Weak Reference
    _microlib_exit                            - Undefined Weak Reference
    __Vectors_Size                           0x000000ec   Number         0  startup_stm32f103xb.o ABSOLUTE
    __Vectors                                0x08000000   Data           4  startup_stm32f103xb.o(RESET)
    __Vectors_End                            0x080000ec   Data           0  startup_stm32f103xb.o(RESET)
    __main                                   0x080000ed   Thumb Code     0  entry.o(.ARM.Collect$$$$00000000)
    _main_stk                                0x080000ed   Thumb Code     0  entry2.o(.ARM.Collect$$$$00000001)
    _main_scatterload                        0x080000f1   Thumb Code     0  entry5.o(.ARM.Collect$$$$00000004)
    __main_after_scatterload                 0x080000f5   Thumb Code     0  entry5.o(.ARM.Collect$$$$00000004)
    _main_clock                              0x080000f5   Thumb Code     0  entry7b.o(.ARM.Collect$$$$00000008)
    _main_cpp_init                           0x080000f5   Thumb Code     0  entry8b.o(.ARM.Collect$$$$0000000A)
    _main_init                               0x080000f5   Thumb Code     0  entry9a.o(.ARM.Collect$$$$0000000B)
    __rt_final_cpp                           0x080000fd   Thumb Code     0  entry10a.o(.ARM.Collect$$$$0000000D)
    __rt_final_exit                          0x080000fd   Thumb Code     0  entry11a.o(.ARM.Collect$$$$0000000F)
    Reset_Handler                            0x08000101   Thumb Code     8  startup_stm32f103xb.o(.text)
    ADC1_2_IRQHandler                        0x0800011b   Thumb Code     0  startup_stm32f103xb.o(.text)
    CAN1_RX1_IRQHandler                      0x0800011b   Thumb Code     0  startup_stm32f103xb.o(.text)
    CAN1_SCE_IRQHandler                      0x0800011b   Thumb Code     0  startup_stm32f103xb.o(.text)
    DMA1_Channel1_IRQHandler                 0x0800011b   Thumb Code     0  startup_stm32f103xb.o(.text)
    DMA1_Channel2_IRQHandler                 0x0800011b   Thumb Code     0  startup_stm32f103xb.o(.text)
    DMA1_Channel4_IRQHandler                 0x0800011b   Thumb Code     0  startup_stm32f103xb.o(.text)
    DMA1_Channel5_IRQHandler                 0x0800011b   Thumb Code     0  startup_stm32f103xb.o(.text)
    DMA1_Channel6_IRQHandler                 0x0800011b   Thumb Code     0  startup_stm32f103xb.o(.text)
    DMA1_Channel7_IRQHandler                 0x0800011b   Thumb Code     0  startup_stm32f103xb.o(.text)
    EXTI0_IRQHandler                         0x0800011b   Thumb Code     0  startup_stm32f103xb.o(.text)
    EXTI15_10_IRQHandler                     0x0800011b   Thumb Code     0  startup_stm32f103xb.o(.text)
    EXTI1_IRQHandler                         0x0800011b   Thumb Code     0  startup_stm32f103xb.o(.text)
    EXTI2_IRQHandler                         0x0800011b   Thumb Code     0  startup_stm32f103xb.o(.text)
    EXTI3_IRQHandler                         0x0800011b   Thumb Code     0  startup_stm32f103xb.o(.text)
    EXTI4_IRQHandler                         0x0800011b   Thumb Code     0  startup_stm32f103xb.o(.text)
    FLASH_IRQHandler                         0x0800011b   Thumb Code     0  startup_stm32f103xb.o(.text)
    I2C1_ER_IRQHandler                       0x0800011b   Thumb Code     0  startup_stm32f103xb.o(.text)
    I2C1_EV_IRQHandler                       0x0800011b   Thumb Code     0  startup_stm32f103xb.o(.text)
    I2C2_ER_IRQHandler                       0x0800011b   Thumb Code     0  startup_stm32f103xb.o(.text)
    I2C2_EV_IRQHandler                       0x0800011b   Thumb Code     0  startup_stm32f103xb.o(.text)
    PVD_IRQHandler                           0x0800011b   Thumb Code     0  startup_stm32f103xb.o(.text)
    RCC_IRQHandler                           0x0800011b   Thumb Code     0  startup_stm32f103xb.o(.text)
    RTC_Alarm_IRQHandler                     0x0800011b   Thumb Code     0  startup_stm32f103xb.o(.text)
    RTC_IRQHandler                           0x0800011b   Thumb Code     0  startup_stm32f103xb.o(.text)
    SPI1_IRQHandler                          0x0800011b   Thumb Code     0  startup_stm32f103xb.o(.text)
    SPI2_IRQHandler                          0x0800011b   Thumb Code     0  startup_stm32f103xb.o(.text)
    TAMPER_IRQHandler                        0x0800011b   Thumb Code     0  startup_stm32f103xb.o(.text)
    TIM1_BRK_IRQHandler                      0x0800011b   Thumb Code     0  startup_stm32f103xb.o(.text)
    TIM1_CC_IRQHandler                       0x0800011b   Thumb Code     0  startup_stm32f103xb.o(.text)
    TIM1_TRG_COM_IRQHandler                  0x0800011b   Thumb Code     0  startup_stm32f103xb.o(.text)
    TIM1_UP_IRQHandler                       0x0800011b   Thumb Code     0  startup_stm32f103xb.o(.text)
    TIM3_IRQHandler                          0x0800011b   Thumb Code     0  startup_stm32f103xb.o(.text)
    TIM4_IRQHandler                          0x0800011b   Thumb Code     0  startup_stm32f103xb.o(.text)
    USART1_IRQHandler                        0x0800011b   Thumb Code     0  startup_stm32f103xb.o(.text)
    USART2_IRQHandler                        0x0800011b   Thumb Code     0  startup_stm32f103xb.o(.text)
    USBWakeUp_IRQHandler                     0x0800011b   Thumb Code     0  startup_stm32f103xb.o(.text)
    USB_HP_CAN1_TX_IRQHandler                0x0800011b   Thumb Code     0  startup_stm32f103xb.o(.text)
    USB_LP_CAN1_RX0_IRQHandler               0x0800011b   Thumb Code     0  startup_stm32f103xb.o(.text)
    WWDG_IRQHandler                          0x0800011b   Thumb Code     0  startup_stm32f103xb.o(.text)
    __aeabi_llsr                             0x08000125   Thumb Code    32  llushr.o(.text)
    _ll_ushift_r                             0x08000125   Thumb Code     0  llushr.o(.text)
    __aeabi_memcpy                           0x08000145   Thumb Code    36  memcpya.o(.text)
    __aeabi_memcpy4                          0x08000145   Thumb Code     0  memcpya.o(.text)
    __aeabi_memcpy8                          0x08000145   Thumb Code     0  memcpya.o(.text)
    __aeabi_memset                           0x08000169   Thumb Code    14  memseta.o(.text)
    __aeabi_memset4                          0x08000169   Thumb Code     0  memseta.o(.text)
    __aeabi_memset8                          0x08000169   Thumb Code     0  memseta.o(.text)
    __aeabi_memclr                           0x08000177   Thumb Code     4  memseta.o(.text)
    __aeabi_memclr4                          0x08000177   Thumb Code     0  memseta.o(.text)
    __aeabi_memclr8                          0x08000177   Thumb Code     0  memseta.o(.text)
    _memset$wrapper                          0x0800017b   Thumb Code    18  memseta.o(.text)
    strcpy                                   0x0800018d   Thumb Code    18  strcpy.o(.text)
    __aeabi_uldivmod                         0x0800019f   Thumb Code    98  uldiv.o(.text)
    __scatterload                            0x08000201   Thumb Code    28  init.o(.text)
    __scatterload_rt2                        0x08000201   Thumb Code     0  init.o(.text)
    __aeabi_llsl                             0x08000225   Thumb Code    30  llshl.o(.text)
    _ll_shift_l                              0x08000225   Thumb Code     0  llshl.o(.text)
    __decompress                             0x08000243   Thumb Code     0  __dczerorl2.o(.text)
    __decompress1                            0x08000243   Thumb Code    86  __dczerorl2.o(.text)
    Address_set                              0x08000299   Thumb Code    62  oled.o(i.Address_set)
    BusFault_Handler                         0x080002d7   Thumb Code     4  stm32f1xx_it.o(i.BusFault_Handler)
    DMA1_Channel3_IRQHandler                 0x080002dd   Thumb Code    10  stm32f1xx_it.o(i.DMA1_Channel3_IRQHandler)
    DebugMon_Handler                         0x080002ed   Thumb Code     2  stm32f1xx_it.o(i.DebugMon_Handler)
    EXTI9_5_IRQHandler                       0x080002ef   Thumb Code    10  stm32f1xx_it.o(i.EXTI9_5_IRQHandler)
    Error_Handler                            0x080002f9   Thumb Code     2  main.o(i.Error_Handler)
    HAL_DMA_Abort_IT                         0x080002fd   Thumb Code   172  stm32f1xx_hal_dma.o(i.HAL_DMA_Abort_IT)
    HAL_DMA_IRQHandler                       0x080003ad   Thumb Code   408  stm32f1xx_hal_dma.o(i.HAL_DMA_IRQHandler)
    HAL_DMA_Init                             0x08000549   Thumb Code   100  stm32f1xx_hal_dma.o(i.HAL_DMA_Init)
    HAL_GPIO_EXTI_Callback                   0x080005b1   Thumb Code     2  stm32f1xx_hal_gpio.o(i.HAL_GPIO_EXTI_Callback)
    HAL_GPIO_EXTI_IRQHandler                 0x080005b5   Thumb Code    24  stm32f1xx_hal_gpio.o(i.HAL_GPIO_EXTI_IRQHandler)
    HAL_GPIO_Init                            0x080005d1   Thumb Code   766  stm32f1xx_hal_gpio.o(i.HAL_GPIO_Init)
    HAL_GPIO_WritePin                        0x080008f1   Thumb Code    12  stm32f1xx_hal_gpio.o(i.HAL_GPIO_WritePin)
    HAL_GetTick                              0x080008fd   Thumb Code     6  stm32f1xx_hal.o(i.HAL_GetTick)
    HAL_IncTick                              0x08000909   Thumb Code    16  stm32f1xx_hal.o(i.HAL_IncTick)
    HAL_Init                                 0x08000921   Thumb Code    34  stm32f1xx_hal.o(i.HAL_Init)
    HAL_InitTick                             0x08000949   Thumb Code    64  stm32f1xx_hal.o(i.HAL_InitTick)
    HAL_MspInit                              0x08000995   Thumb Code    76  stm32f1xx_hal_msp.o(i.HAL_MspInit)
    HAL_NVIC_EnableIRQ                       0x080009e9   Thumb Code    32  stm32f1xx_hal_cortex.o(i.HAL_NVIC_EnableIRQ)
    HAL_NVIC_SetPriority                     0x08000a09   Thumb Code   124  stm32f1xx_hal_cortex.o(i.HAL_NVIC_SetPriority)
    HAL_NVIC_SetPriorityGrouping             0x08000a85   Thumb Code    32  stm32f1xx_hal_cortex.o(i.HAL_NVIC_SetPriorityGrouping)
    HAL_RCC_ClockConfig                      0x08000aad   Thumb Code   376  stm32f1xx_hal_rcc.o(i.HAL_RCC_ClockConfig)
    HAL_RCC_GetHCLKFreq                      0x08000c39   Thumb Code     6  stm32f1xx_hal_rcc.o(i.HAL_RCC_GetHCLKFreq)
    HAL_RCC_GetPCLK1Freq                     0x08000c45   Thumb Code    22  stm32f1xx_hal_rcc.o(i.HAL_RCC_GetPCLK1Freq)
    HAL_RCC_GetPCLK2Freq                     0x08000c65   Thumb Code    22  stm32f1xx_hal_rcc.o(i.HAL_RCC_GetPCLK2Freq)
    HAL_RCC_GetSysClockFreq                  0x08000c85   Thumb Code   116  stm32f1xx_hal_rcc.o(i.HAL_RCC_GetSysClockFreq)
    HAL_RCC_OscConfig                        0x08000d19   Thumb Code  1114  stm32f1xx_hal_rcc.o(i.HAL_RCC_OscConfig)
    HAL_SPI_Init                             0x0800117d   Thumb Code   136  stm32f1xx_hal_spi.o(i.HAL_SPI_Init)
    HAL_SPI_MspInit                          0x08001205   Thumb Code   236  stm32f1xx_hal_msp.o(i.HAL_SPI_MspInit)
    HAL_SYSTICK_Config                       0x0800130d   Thumb Code    52  stm32f1xx_hal_cortex.o(i.HAL_SYSTICK_Config)
    HAL_TIMEx_BreakCallback                  0x08001341   Thumb Code     2  stm32f1xx_hal_tim_ex.o(i.HAL_TIMEx_BreakCallback)
    HAL_TIMEx_CommutCallback                 0x08001343   Thumb Code     2  stm32f1xx_hal_tim_ex.o(i.HAL_TIMEx_CommutCallback)
    HAL_TIMEx_ConfigBreakDeadTime            0x08001345   Thumb Code   116  stm32f1xx_hal_tim_ex.o(i.HAL_TIMEx_ConfigBreakDeadTime)
    HAL_TIMEx_MasterConfigSynchronization    0x080013b9   Thumb Code    84  stm32f1xx_hal_tim_ex.o(i.HAL_TIMEx_MasterConfigSynchronization)
    HAL_TIM_Base_Init                        0x0800140d   Thumb Code    52  stm32f1xx_hal_tim.o(i.HAL_TIM_Base_Init)
    HAL_TIM_Base_MspInit                     0x08001441   Thumb Code   116  stm32f1xx_hal_msp.o(i.HAL_TIM_Base_MspInit)
    HAL_TIM_Base_Start_IT                    0x080014bd   Thumb Code    42  stm32f1xx_hal_tim.o(i.HAL_TIM_Base_Start_IT)
    HAL_TIM_ConfigClockSource                0x080014e7   Thumb Code   264  stm32f1xx_hal_tim.o(i.HAL_TIM_ConfigClockSource)
    HAL_TIM_IC_CaptureCallback               0x080015ef   Thumb Code     2  stm32f1xx_hal_tim.o(i.HAL_TIM_IC_CaptureCallback)
    HAL_TIM_IRQHandler                       0x080015f1   Thumb Code   406  stm32f1xx_hal_tim.o(i.HAL_TIM_IRQHandler)
    HAL_TIM_MspPostInit                      0x08001789   Thumb Code    74  stm32f1xx_hal_msp.o(i.HAL_TIM_MspPostInit)
    HAL_TIM_OC_DelayElapsedCallback          0x080017e1   Thumb Code     2  stm32f1xx_hal_tim.o(i.HAL_TIM_OC_DelayElapsedCallback)
    HAL_TIM_PWM_ConfigChannel                0x080017e3   Thumb Code   264  stm32f1xx_hal_tim.o(i.HAL_TIM_PWM_ConfigChannel)
    HAL_TIM_PWM_Init                         0x080018eb   Thumb Code    52  stm32f1xx_hal_tim.o(i.HAL_TIM_PWM_Init)
    HAL_TIM_PWM_MspInit                      0x08001921   Thumb Code    40  stm32f1xx_hal_msp.o(i.HAL_TIM_PWM_MspInit)
    HAL_TIM_PWM_PulseFinishedCallback        0x08001951   Thumb Code     2  stm32f1xx_hal_tim.o(i.HAL_TIM_PWM_PulseFinishedCallback)
    HAL_TIM_PWM_Start                        0x08001955   Thumb Code    72  stm32f1xx_hal_tim.o(i.HAL_TIM_PWM_Start)
    HAL_TIM_PeriodElapsedCallback            0x080019a1   Thumb Code     2  stm32f1xx_hal_tim.o(i.HAL_TIM_PeriodElapsedCallback)
    HAL_TIM_TriggerCallback                  0x080019a3   Thumb Code     2  stm32f1xx_hal_tim.o(i.HAL_TIM_TriggerCallback)
    HAL_UART_ErrorCallback                   0x080019a5   Thumb Code     2  stm32f1xx_hal_uart.o(i.HAL_UART_ErrorCallback)
    HAL_UART_IRQHandler                      0x080019a9   Thumb Code   326  stm32f1xx_hal_uart.o(i.HAL_UART_IRQHandler)
    HAL_UART_Init                            0x08001af5   Thumb Code   114  stm32f1xx_hal_uart.o(i.HAL_UART_Init)
    HAL_UART_MspInit                         0x08001b69   Thumb Code   138  stm32f1xx_hal_msp.o(i.HAL_UART_MspInit)
    HAL_UART_RxCpltCallback                  0x08001c01   Thumb Code     2  stm32f1xx_hal_uart.o(i.HAL_UART_RxCpltCallback)
    HAL_UART_TxCpltCallback                  0x08001c03   Thumb Code     2  stm32f1xx_hal_uart.o(i.HAL_UART_TxCpltCallback)
    HardFault_Handler                        0x08001c05   Thumb Code     4  stm32f1xx_it.o(i.HardFault_Handler)
    LCD_Clear                                0x08001c09   Thumb Code    48  oled.o(i.LCD_Clear)
    LCD_DrawPoint                            0x08001c39   Thumb Code    66  oled.o(i.LCD_DrawPoint)
    LCD_Init                                 0x08001c81   Thumb Code   412  oled.o(i.LCD_Init)
    LCD_ShowChar                             0x08001e29   Thumb Code   218  oled.o(i.LCD_ShowChar)
    LCD_ShowString                           0x08001f11   Thumb Code    68  oled.o(i.LCD_ShowString)
    LCD_Sync_1bit                            0x08001f55   Thumb Code    70  oled.o(i.LCD_Sync_1bit)
    LCD_WR_DATA                              0x08001fa9   Thumb Code    20  oled.o(i.LCD_WR_DATA)
    LCD_WR_DATA8                             0x08001fbd   Thumb Code    12  oled.o(i.LCD_WR_DATA8)
    LCD_WR_REG                               0x08001fc9   Thumb Code    26  oled.o(i.LCD_WR_REG)
    LCD_Writ_Bus                             0x08001fed   Thumb Code    52  oled.o(i.LCD_Writ_Bus)
    MemManage_Handler                        0x08002341   Thumb Code     4  stm32f1xx_it.o(i.MemManage_Handler)
    NMI_Handler                              0x08002345   Thumb Code     2  stm32f1xx_it.o(i.NMI_Handler)
    One_measurement                          0x08002349   Thumb Code    36  vl53l0x.o(i.One_measurement)
    PendSV_Handler                           0x08002385   Thumb Code     2  stm32f1xx_it.o(i.PendSV_Handler)
    SVC_Handler                              0x080023b1   Thumb Code     2  stm32f1xx_it.o(i.SVC_Handler)
    SysTick_Handler                          0x080023b3   Thumb Code     8  stm32f1xx_it.o(i.SysTick_Handler)
    SystemClock_Config                       0x080023bb   Thumb Code   102  main.o(i.SystemClock_Config)
    SystemInit                               0x08002421   Thumb Code    70  system_stm32f1xx.o(i.SystemInit)
    TIM2_IRQHandler                          0x08002479   Thumb Code    10  stm32f1xx_it.o(i.TIM2_IRQHandler)
    TIM_Base_SetConfig                       0x08002489   Thumb Code   104  stm32f1xx_hal_tim.o(i.TIM_Base_SetConfig)
    TIM_CCxChannelCmd                        0x080024fd   Thumb Code    34  stm32f1xx_hal_tim.o(i.TIM_CCxChannelCmd)
    TIM_ETR_SetConfig                        0x0800251f   Thumb Code    22  stm32f1xx_hal_tim.o(i.TIM_ETR_SetConfig)
    TIM_OC2_SetConfig                        0x080025a9   Thumb Code   100  stm32f1xx_hal_tim.o(i.TIM_OC2_SetConfig)
    USART3_IRQHandler                        0x08002a11   Thumb Code    10  stm32f1xx_it.o(i.USART3_IRQHandler)
    UsageFault_Handler                       0x08002a21   Thumb Code     4  stm32f1xx_it.o(i.UsageFault_Handler)
    VL53L0X_CheckAndLoadInterruptSettings    0x08002a25   Thumb Code   126  vl53l0x_api.o(i.VL53L0X_CheckAndLoadInterruptSettings)
    VL53L0X_ClearInterruptMask               0x08002aa9   Thumb Code    82  vl53l0x_api.o(i.VL53L0X_ClearInterruptMask)
    VL53L0X_DataInit                         0x08002afd   Thumb Code   420  vl53l0x_api.o(i.VL53L0X_DataInit)
    VL53L0X_GetDeviceMode                    0x08002ca9   Thumb Code    10  vl53l0x_api.o(i.VL53L0X_GetDeviceMode)
    VL53L0X_GetDeviceParameters              0x08002cb3   Thumb Code   160  vl53l0x_api.o(i.VL53L0X_GetDeviceParameters)
    VL53L0X_GetFractionEnable                0x08002d53   Thumb Code    34  vl53l0x_api.o(i.VL53L0X_GetFractionEnable)
    VL53L0X_GetInterMeasurementPeriodMilliSeconds 0x08002d75   Thumb Code    62  vl53l0x_api.o(i.VL53L0X_GetInterMeasurementPeriodMilliSeconds)
    VL53L0X_GetInterruptMaskStatus           0x08002db3   Thumb Code    48  vl53l0x_api.o(i.VL53L0X_GetInterruptMaskStatus)
    VL53L0X_GetInterruptThresholds           0x08002de3   Thumb Code    66  vl53l0x_api.o(i.VL53L0X_GetInterruptThresholds)
    VL53L0X_GetLimitCheckEnable              0x08002e25   Thumb Code    28  vl53l0x_api.o(i.VL53L0X_GetLimitCheckEnable)
    VL53L0X_GetLimitCheckValue               0x08002e41   Thumb Code   182  vl53l0x_api.o(i.VL53L0X_GetLimitCheckValue)
    VL53L0X_GetMeasurementDataReady          0x08002ef7   Thumb Code    86  vl53l0x_api.o(i.VL53L0X_GetMeasurementDataReady)
    VL53L0X_GetMeasurementTimingBudgetMicroSeconds 0x08002f4d   Thumb Code    22  vl53l0x_api.o(i.VL53L0X_GetMeasurementTimingBudgetMicroSeconds)
    VL53L0X_GetOffsetCalibrationDataMicroMeter 0x08002f63   Thumb Code    22  vl53l0x_api.o(i.VL53L0X_GetOffsetCalibrationDataMicroMeter)
    VL53L0X_GetPalErrorString                0x08002f79   Thumb Code    22  vl53l0x_api.o(i.VL53L0X_GetPalErrorString)
    VL53L0X_GetRangingMeasurementData        0x08002f8f   Thumb Code   366  vl53l0x_api.o(i.VL53L0X_GetRangingMeasurementData)
    VL53L0X_GetSequenceStepEnables           0x080030fd   Thumb Code   118  vl53l0x_api.o(i.VL53L0X_GetSequenceStepEnables)
    VL53L0X_GetVcselPulsePeriod              0x08003173   Thumb Code    30  vl53l0x_api.o(i.VL53L0X_GetVcselPulsePeriod)
    VL53L0X_GetWrapAroundCheckEnable         0x08003191   Thumb Code    62  vl53l0x_api.o(i.VL53L0X_GetWrapAroundCheckEnable)
    VL53L0X_GetXTalkCompensationEnable       0x080031cf   Thumb Code    12  vl53l0x_api.o(i.VL53L0X_GetXTalkCompensationEnable)
    VL53L0X_GetXTalkCompensationRateMegaCps  0x080031db   Thumb Code    56  vl53l0x_api.o(i.VL53L0X_GetXTalkCompensationRateMegaCps)
    VL53L0X_PerformRefCalibration            0x08003213   Thumb Code    32  vl53l0x_api.o(i.VL53L0X_PerformRefCalibration)
    VL53L0X_PerformRefSpadManagement         0x08003233   Thumb Code    30  vl53l0x_api.o(i.VL53L0X_PerformRefSpadManagement)
    VL53L0X_PerformSingleMeasurement         0x08003251   Thumb Code    60  vl53l0x_api.o(i.VL53L0X_PerformSingleMeasurement)
    VL53L0X_PerformSingleRangingMeasurement  0x0800328d   Thumb Code    56  vl53l0x_api.o(i.VL53L0X_PerformSingleRangingMeasurement)
    VL53L0X_PollingDelay                     0x080032c5   Thumb Code    26  vl53l0x_platform.o(i.VL53L0X_PollingDelay)
    VL53L0X_RdByte                           0x080032df   Thumb Code    44  vl53l0x_platform.o(i.VL53L0X_RdByte)
    VL53L0X_RdDWord                          0x0800330b   Thumb Code    44  vl53l0x_platform.o(i.VL53L0X_RdDWord)
    VL53L0X_RdWord                           0x08003337   Thumb Code    44  vl53l0x_platform.o(i.VL53L0X_RdWord)
    VL53L0X_ReadMulti                        0x08003363   Thumb Code    54  vl53l0x_platform.o(i.VL53L0X_ReadMulti)
    VL53L0X_SetDeviceAddress                 0x08003399   Thumb Code    36  vl53l0x_api.o(i.VL53L0X_SetDeviceAddress)
    VL53L0X_SetDeviceMode                    0x080033bd   Thumb Code    50  vl53l0x_api.o(i.VL53L0X_SetDeviceMode)
    VL53L0X_SetGpioConfig                    0x080033ef   Thumb Code   358  vl53l0x_api.o(i.VL53L0X_SetGpioConfig)
    VL53L0X_SetLimitCheckEnable              0x08003555   Thumb Code   194  vl53l0x_api.o(i.VL53L0X_SetLimitCheckEnable)
    VL53L0X_SetLimitCheckValue               0x08003617   Thumb Code   118  vl53l0x_api.o(i.VL53L0X_SetLimitCheckValue)
    VL53L0X_SetMeasurementTimingBudgetMicroSeconds 0x0800368d   Thumb Code    22  vl53l0x_api.o(i.VL53L0X_SetMeasurementTimingBudgetMicroSeconds)
    VL53L0X_SetOffsetCalibrationDataMicroMeter 0x080036a3   Thumb Code    22  vl53l0x_api.o(i.VL53L0X_SetOffsetCalibrationDataMicroMeter)
    VL53L0X_SetRefCalibration                0x080036b9   Thumb Code    30  vl53l0x_api.o(i.VL53L0X_SetRefCalibration)
    VL53L0X_SetReferenceSpads                0x080036d7   Thumb Code    30  vl53l0x_api.o(i.VL53L0X_SetReferenceSpads)
    VL53L0X_SetSequenceStepEnable            0x080036f5   Thumb Code   196  vl53l0x_api.o(i.VL53L0X_SetSequenceStepEnable)
    VL53L0X_SetVcselPulsePeriod              0x080037b9   Thumb Code    30  vl53l0x_api.o(i.VL53L0X_SetVcselPulsePeriod)
    VL53L0X_SetXTalkCompensationRateMegaCps  0x080037d7   Thumb Code    64  vl53l0x_api.o(i.VL53L0X_SetXTalkCompensationRateMegaCps)
    VL53L0X_StartMeasurement                 0x08003817   Thumb Code   268  vl53l0x_api.o(i.VL53L0X_StartMeasurement)
    VL53L0X_StaticInit                       0x08003925   Thumb Code   410  vl53l0x_api.o(i.VL53L0X_StaticInit)
    VL53L0X_UpdateByte                       0x08003ac5   Thumb Code    82  vl53l0x_platform.o(i.VL53L0X_UpdateByte)
    VL53L0X_WrByte                           0x08003b17   Thumb Code    44  vl53l0x_platform.o(i.VL53L0X_WrByte)
    VL53L0X_WrWord                           0x08003b43   Thumb Code    44  vl53l0x_platform.o(i.VL53L0X_WrWord)
    VL53L0X_WriteMulti                       0x08003b6f   Thumb Code    60  vl53l0x_platform.o(i.VL53L0X_WriteMulti)
    VL53L0X_calc_dmax                        0x08003bad   Thumb Code   390  vl53l0x_api_core.o(i.VL53L0X_calc_dmax)
    VL53L0X_calc_macro_period_ps             0x08003d39   Thumb Code    22  vl53l0x_api_core.o(i.VL53L0X_calc_macro_period_ps)
    VL53L0X_calc_sigma_estimate              0x08003d51   Thumb Code   772  vl53l0x_api_core.o(i.VL53L0X_calc_sigma_estimate)
    VL53L0X_calc_timeout_mclks               0x08004061   Thumb Code    52  vl53l0x_api_core.o(i.VL53L0X_calc_timeout_mclks)
    VL53L0X_calc_timeout_us                  0x08004095   Thumb Code    52  vl53l0x_api_core.o(i.VL53L0X_calc_timeout_us)
    VL53L0X_decode_timeout                   0x080040c9   Thumb Code    14  vl53l0x_api_core.o(i.VL53L0X_decode_timeout)
    VL53L0X_decode_vcsel_period              0x080040d7   Thumb Code    12  vl53l0x_api_core.o(i.VL53L0X_decode_vcsel_period)
    VL53L0X_device_read_strobe               0x080040e3   Thumb Code    82  vl53l0x_api_core.o(i.VL53L0X_device_read_strobe)
    VL53L0X_encode_timeout                   0x08004135   Thumb Code    40  vl53l0x_api_core.o(i.VL53L0X_encode_timeout)
    VL53L0X_encode_vcsel_period              0x0800415d   Thumb Code    14  vl53l0x_api_core.o(i.VL53L0X_encode_vcsel_period)
    VL53L0X_get_info_from_device             0x0800416b   Thumb Code  1354  vl53l0x_api_core.o(i.VL53L0X_get_info_from_device)
    VL53L0X_get_measurement_timing_budget_micro_seconds 0x080046b5   Thumb Code   238  vl53l0x_api_core.o(i.VL53L0X_get_measurement_timing_budget_micro_seconds)
    VL53L0X_get_offset_calibration_data_micro_meter 0x080047a3   Thumb Code    86  vl53l0x_api_calibration.o(i.VL53L0X_get_offset_calibration_data_micro_meter)
    VL53L0X_get_pal_error_string             0x080047f9   Thumb Code   298  vl53l0x_api_strings.o(i.VL53L0X_get_pal_error_string)
    VL53L0X_get_pal_range_status             0x08004ac5   Thumb Code   564  vl53l0x_api_core.o(i.VL53L0X_get_pal_range_status)
    VL53L0X_get_total_signal_rate            0x08004cf9   Thumb Code    40  vl53l0x_api_core.o(i.VL53L0X_get_total_signal_rate)
    VL53L0X_get_total_xtalk_rate             0x08004d21   Thumb Code    58  vl53l0x_api_core.o(i.VL53L0X_get_total_xtalk_rate)
    VL53L0X_get_vcsel_pulse_period           0x08004d5b   Thumb Code    70  vl53l0x_api_core.o(i.VL53L0X_get_vcsel_pulse_period)
    VL53L0X_isqrt                            0x08004da1   Thumb Code    44  vl53l0x_api_core.o(i.VL53L0X_isqrt)
    VL53L0X_load_tuning_settings             0x08004dcd   Thumb Code   234  vl53l0x_api_core.o(i.VL53L0X_load_tuning_settings)
    VL53L0X_measurement_poll_for_completion  0x08004eb7   Thumb Code    66  vl53l0x_api_core.o(i.VL53L0X_measurement_poll_for_completion)
    VL53L0X_perform_phase_calibration        0x08004ef9   Thumb Code   124  vl53l0x_api_calibration.o(i.VL53L0X_perform_phase_calibration)
    VL53L0X_perform_ref_calibration          0x08004f75   Thumb Code    76  vl53l0x_api_calibration.o(i.VL53L0X_perform_ref_calibration)
    VL53L0X_perform_ref_spad_management      0x08004fc1   Thumb Code   658  vl53l0x_api_calibration.o(i.VL53L0X_perform_ref_spad_management)
    VL53L0X_perform_single_ref_calibration   0x08005253   Thumb Code    64  vl53l0x_api_calibration.o(i.VL53L0X_perform_single_ref_calibration)
    VL53L0X_perform_vhv_calibration          0x08005293   Thumb Code   126  vl53l0x_api_calibration.o(i.VL53L0X_perform_vhv_calibration)
    VL53L0X_read_byte                        0x08005311   Thumb Code    28  vl53l0x_i2c.o(i.VL53L0X_read_byte)
    VL53L0X_read_dword                       0x0800532d   Thumb Code    58  vl53l0x_i2c.o(i.VL53L0X_read_dword)
    VL53L0X_read_multi                       0x08005367   Thumb Code    40  vl53l0x_i2c.o(i.VL53L0X_read_multi)
    VL53L0X_read_word                        0x0800538f   Thumb Code    42  vl53l0x_i2c.o(i.VL53L0X_read_word)
    VL53L0X_ref_calibration_io               0x080053b9   Thumb Code   176  vl53l0x_api_calibration.o(i.VL53L0X_ref_calibration_io)
    VL53L0X_set_measurement_timing_budget_micro_seconds 0x08005469   Thumb Code   294  vl53l0x_api_core.o(i.VL53L0X_set_measurement_timing_budget_micro_seconds)
    VL53L0X_set_offset_calibration_data_micro_meter 0x08005591   Thumb Code    74  vl53l0x_api_calibration.o(i.VL53L0X_set_offset_calibration_data_micro_meter)
    VL53L0X_set_ref_calibration              0x080055e5   Thumb Code    46  vl53l0x_api_calibration.o(i.VL53L0X_set_ref_calibration)
    VL53L0X_set_reference_spads              0x08005613   Thumb Code   194  vl53l0x_api_calibration.o(i.VL53L0X_set_reference_spads)
    VL53L0X_set_vcsel_pulse_period           0x080056d5   Thumb Code   766  vl53l0x_api_core.o(i.VL53L0X_set_vcsel_pulse_period)
    VL53L0X_write_byte                       0x080059d3   Thumb Code    26  vl53l0x_i2c.o(i.VL53L0X_write_byte)
    VL53L0X_write_multi                      0x080059ed   Thumb Code    40  vl53l0x_i2c.o(i.VL53L0X_write_multi)
    VL53L0X_write_word                       0x08005a15   Thumb Code    86  vl53l0x_i2c.o(i.VL53L0X_write_word)
    VL_IIC_Ack                               0x08005a6d   Thumb Code    66  vl53l0x_i2c.o(i.VL_IIC_Ack)
    VL_IIC_NAck                              0x08005abd   Thumb Code    66  vl53l0x_i2c.o(i.VL_IIC_NAck)
    VL_IIC_Read_Byte                         0x08005b0d   Thumb Code    98  vl53l0x_i2c.o(i.VL_IIC_Read_Byte)
    VL_IIC_Read_nByte                        0x08005b7d   Thumb Code   102  vl53l0x_i2c.o(i.VL_IIC_Read_nByte)
    VL_IIC_Send_Byte                         0x08005be5   Thumb Code   104  vl53l0x_i2c.o(i.VL_IIC_Send_Byte)
    VL_IIC_Start                             0x08005c59   Thumb Code    64  vl53l0x_i2c.o(i.VL_IIC_Start)
    VL_IIC_Stop                              0x08005ca5   Thumb Code    62  vl53l0x_i2c.o(i.VL_IIC_Stop)
    VL_IIC_Wait_Ack                          0x08005cf1   Thumb Code    86  vl53l0x_i2c.o(i.VL_IIC_Wait_Ack)
    VL_IIC_Write_nByte                       0x08005d55   Thumb Code    76  vl53l0x_i2c.o(i.VL_IIC_Write_nByte)
    __0printf$8                              0x08005da1   Thumb Code    22  printf8.o(i.__0printf$8)
    __1printf$8                              0x08005da1   Thumb Code     0  printf8.o(i.__0printf$8)
    __2printf                                0x08005da1   Thumb Code     0  printf8.o(i.__0printf$8)
    __0sprintf$8                             0x08005dc1   Thumb Code    34  printf8.o(i.__0sprintf$8)
    __1sprintf$8                             0x08005dc1   Thumb Code     0  printf8.o(i.__0sprintf$8)
    __2sprintf                               0x08005dc1   Thumb Code     0  printf8.o(i.__0sprintf$8)
    __scatterload_copy                       0x08005e21   Thumb Code    14  handlers.o(i.__scatterload_copy)
    __scatterload_null                       0x08005e2f   Thumb Code     2  handlers.o(i.__scatterload_null)
    __scatterload_zeroinit                   0x08005e31   Thumb Code    14  handlers.o(i.__scatterload_zeroinit)
    delay_ms                                 0x080062ad   Thumb Code    38  vl53l0x.o(i.delay_ms)
    delay_us                                 0x080062d3   Thumb Code    14  vl53l0x_i2c.o(i.delay_us)
    enable_ref_spads                         0x080062e1   Thumb Code   172  vl53l0x_api_calibration.o(i.enable_ref_spads)
    enable_spad_bit                          0x0800638d   Thumb Code    50  vl53l0x_api_calibration.o(i.enable_spad_bit)
    fputc                                    0x080063c1   Thumb Code    24  uart.o(i.fputc)
    get_next_good_spad                       0x080063dd   Thumb Code   104  vl53l0x_api_calibration.o(i.get_next_good_spad)
    get_ref_spad_map                         0x08006445   Thumb Code    24  vl53l0x_api_calibration.o(i.get_ref_spad_map)
    get_sequence_step_timeout                0x0800645d   Thumb Code   290  vl53l0x_api_core.o(i.get_sequence_step_timeout)
    is_aperture                              0x08006581   Thumb Code    18  vl53l0x_api_calibration.o(i.is_aperture)
    main                                     0x08006599   Thumb Code   250  main.o(i.main)
    perform_ref_signal_measurement           0x08006719   Thumb Code   110  vl53l0x_api_calibration.o(i.perform_ref_signal_measurement)
    print_pal_error                          0x08006789   Thumb Code    28  vl53l0x.o(i.print_pal_error)
    sequence_step_enabled                    0x080067bd   Thumb Code    72  vl53l0x_api.o(i.sequence_step_enabled)
    set_ref_spad_map                         0x08006805   Thumb Code    24  vl53l0x_api_calibration.o(i.set_ref_spad_map)
    set_sequence_step_timeout                0x0800681d   Thumb Code   306  vl53l0x_api_core.o(i.set_sequence_step_timeout)
    vl53l0x_Addr_set                         0x08006951   Thumb Code   150  vl53l0x.o(i.vl53l0x_Addr_set)
    vl53l0x_reset                            0x080069f5   Thumb Code    56  vl53l0x.o(i.vl53l0x_reset)
    vl53l0x_set_mode                         0x08006a35   Thumb Code   400  vl53l0x_gen.o(i.vl53l0x_set_mode)
    asc2_1608                                0x08006bd0   Data        1520  oled.o(.constdata)
    AHBPrescTable                            0x080071c0   Data          16  system_stm32f1xx.o(.constdata)
    APBPrescTable                            0x080071d0   Data           8  system_stm32f1xx.o(.constdata)
    Region$$Table$$Base                      0x080071d8   Number         0  anon$$obj.o(Region$$Table)
    Region$$Table$$Limit                     0x080071f8   Number         0  anon$$obj.o(Region$$Table)
    hanzi                                    0x20000000   Data         640  oled.o(.data)
    Hzk                                      0x20000280   Data         448  oled.o(.data)
    LCD_1bit_240120                          0x20000440   Data        4050  oled.o(.data)
    BACK_COLOR                               0x20001412   Data           2  oled.o(.data)
    POINT_COLOR                              0x20001414   Data           2  oled.o(.data)
    RX_CNT                                   0x20001418   Data           1  uart.o(.data)
    RX_FLAG                                  0x20001419   Data           1  uart.o(.data)
    __stdout                                 0x2000141c   Data           4  uart.o(.data)
    VL_DISTANCE                              0x20001420   Data           4  main.o(.data)
    uwTick                                   0x20001424   Data           4  stm32f1xx_hal.o(.data)
    uwTickPrio                               0x20001428   Data           4  stm32f1xx_hal.o(.data)
    uwTickFreq                               0x2000142c   Data           1  stm32f1xx_hal.o(.data)
    SystemCoreClock                          0x20001430   Data           4  system_stm32f1xx.o(.data)
    DefaultTuningSettings                    0x20001434   Data         243  vl53l0x_api.o(.data)
    InterruptThresholdSettings               0x20001527   Data         438  vl53l0x_api.o(.data)
    refArrayQuadrants                        0x200016e0   Data          16  vl53l0x_api_calibration.o(.data)
    AjustOK                                  0x200016f0   Data           1  vl53l0x.o(.data)
    Mode_data                                0x200016f1   Data          56  vl53l0x.o(.data)
    hspi1                                    0x2000172c   Data          88  main.o(.bss)
    hspi2                                    0x20001784   Data          88  main.o(.bss)
    hdma_spi1_tx                             0x200017dc   Data          68  main.o(.bss)
    htim1                                    0x20001820   Data          64  main.o(.bss)
    htim2                                    0x20001860   Data          64  main.o(.bss)
    huart3                                   0x200018a0   Data          64  main.o(.bss)
    VL_LCD_str                               0x200018e0   Data          16  main.o(.bss)
    Vl53l0x_adjust                           0x200018f0   Data          24  vl53l0x_cali.o(.bss)
    Vl53l0x_data                             0x20001908   Data          24  vl53l0x_cali.o(.bss)
    vl53l0x_data                             0x20001920   Data          28  vl53l0x_gen.o(.bss)
    vl53l0x_dev                              0x2000195c   Data         352  vl53l0x.o(.bss)
    vl53l0x_dev_info                         0x20001abc   Data          99  vl53l0x.o(.bss)
    __initial_sp                             0x20001f20   Data           0  startup_stm32f103xb.o(STACK)



==============================================================================

Memory Map of the image

  Image Entry point : 0x080000ed

  Load Region LR_IROM1 (Base: 0x08000000, Size: 0x00008924, Max: 0x00010000, ABSOLUTE, COMPRESSED[0x000079b0])

    Execution Region ER_IROM1 (Exec base: 0x08000000, Load base: 0x08000000, Size: 0x000071f8, Max: 0x00010000, ABSOLUTE)

    Exec Addr    Load Addr    Size         Type   Attr      Idx    E Section Name        Object

    0x08000000   0x08000000   0x000000ec   Data   RO            3    RESET               startup_stm32f103xb.o
    0x080000ec   0x080000ec   0x00000000   Code   RO         4871  * .ARM.Collect$$$$00000000  mc_w.l(entry.o)
    0x080000ec   0x080000ec   0x00000004   Code   RO         5145    .ARM.Collect$$$$00000001  mc_w.l(entry2.o)
    0x080000f0   0x080000f0   0x00000004   Code   RO         5148    .ARM.Collect$$$$00000004  mc_w.l(entry5.o)
    0x080000f4   0x080000f4   0x00000000   Code   RO         5150    .ARM.Collect$$$$00000008  mc_w.l(entry7b.o)
    0x080000f4   0x080000f4   0x00000000   Code   RO         5152    .ARM.Collect$$$$0000000A  mc_w.l(entry8b.o)
    0x080000f4   0x080000f4   0x00000008   Code   RO         5153    .ARM.Collect$$$$0000000B  mc_w.l(entry9a.o)
    0x080000fc   0x080000fc   0x00000000   Code   RO         5155    .ARM.Collect$$$$0000000D  mc_w.l(entry10a.o)
    0x080000fc   0x080000fc   0x00000000   Code   RO         5157    .ARM.Collect$$$$0000000F  mc_w.l(entry11a.o)
    0x080000fc   0x080000fc   0x00000004   Code   RO         5146    .ARM.Collect$$$$00002712  mc_w.l(entry2.o)
    0x08000100   0x08000100   0x00000024   Code   RO            4    .text               startup_stm32f103xb.o
    0x08000124   0x08000124   0x00000020   Code   RO         4874    .text               mc_w.l(llushr.o)
    0x08000144   0x08000144   0x00000024   Code   RO         4876    .text               mc_w.l(memcpya.o)
    0x08000168   0x08000168   0x00000024   Code   RO         4878    .text               mc_w.l(memseta.o)
    0x0800018c   0x0800018c   0x00000012   Code   RO         4880    .text               mc_w.l(strcpy.o)
    0x0800019e   0x0800019e   0x00000062   Code   RO         5161    .text               mc_w.l(uldiv.o)
    0x08000200   0x08000200   0x00000024   Code   RO         5174    .text               mc_w.l(init.o)
    0x08000224   0x08000224   0x0000001e   Code   RO         5176    .text               mc_w.l(llshl.o)
    0x08000242   0x08000242   0x00000056   Code   RO         5190    .text               mc_w.l(__dczerorl2.o)
    0x08000298   0x08000298   0x0000003e   Code   RO           13    i.Address_set       oled.o
    0x080002d6   0x080002d6   0x00000004   Code   RO          559    i.BusFault_Handler  stm32f1xx_it.o
    0x080002da   0x080002da   0x00000002   PAD
    0x080002dc   0x080002dc   0x00000010   Code   RO          560    i.DMA1_Channel3_IRQHandler  stm32f1xx_it.o
    0x080002ec   0x080002ec   0x00000002   Code   RO          561    i.DebugMon_Handler  stm32f1xx_it.o
    0x080002ee   0x080002ee   0x0000000a   Code   RO          562    i.EXTI9_5_IRQHandler  stm32f1xx_it.o
    0x080002f8   0x080002f8   0x00000002   Code   RO          428    i.Error_Handler     main.o
    0x080002fa   0x080002fa   0x00000002   PAD
    0x080002fc   0x080002fc   0x000000b0   Code   RO         1481    i.HAL_DMA_Abort_IT  stm32f1xx_hal_dma.o
    0x080003ac   0x080003ac   0x0000019c   Code   RO         1485    i.HAL_DMA_IRQHandler  stm32f1xx_hal_dma.o
    0x08000548   0x08000548   0x00000068   Code   RO         1486    i.HAL_DMA_Init      stm32f1xx_hal_dma.o
    0x080005b0   0x080005b0   0x00000002   Code   RO         1414    i.HAL_GPIO_EXTI_Callback  stm32f1xx_hal_gpio.o
    0x080005b2   0x080005b2   0x00000002   PAD
    0x080005b4   0x080005b4   0x0000001c   Code   RO         1415    i.HAL_GPIO_EXTI_IRQHandler  stm32f1xx_hal_gpio.o
    0x080005d0   0x080005d0   0x00000320   Code   RO         1416    i.HAL_GPIO_Init     stm32f1xx_hal_gpio.o
    0x080008f0   0x080008f0   0x0000000c   Code   RO         1420    i.HAL_GPIO_WritePin  stm32f1xx_hal_gpio.o
    0x080008fc   0x080008fc   0x0000000c   Code   RO         1107    i.HAL_GetTick       stm32f1xx_hal.o
    0x08000908   0x08000908   0x00000018   Code   RO         1113    i.HAL_IncTick       stm32f1xx_hal.o
    0x08000920   0x08000920   0x00000028   Code   RO         1114    i.HAL_Init          stm32f1xx_hal.o
    0x08000948   0x08000948   0x0000004c   Code   RO         1115    i.HAL_InitTick      stm32f1xx_hal.o
    0x08000994   0x08000994   0x00000054   Code   RO          659    i.HAL_MspInit       stm32f1xx_hal_msp.o
    0x080009e8   0x080009e8   0x00000020   Code   RO         1576    i.HAL_NVIC_EnableIRQ  stm32f1xx_hal_cortex.o
    0x08000a08   0x08000a08   0x0000007c   Code   RO         1582    i.HAL_NVIC_SetPriority  stm32f1xx_hal_cortex.o
    0x08000a84   0x08000a84   0x00000028   Code   RO         1583    i.HAL_NVIC_SetPriorityGrouping  stm32f1xx_hal_cortex.o
    0x08000aac   0x08000aac   0x0000018c   Code   RO         1271    i.HAL_RCC_ClockConfig  stm32f1xx_hal_rcc.o
    0x08000c38   0x08000c38   0x0000000c   Code   RO         1276    i.HAL_RCC_GetHCLKFreq  stm32f1xx_hal_rcc.o
    0x08000c44   0x08000c44   0x00000020   Code   RO         1278    i.HAL_RCC_GetPCLK1Freq  stm32f1xx_hal_rcc.o
    0x08000c64   0x08000c64   0x00000020   Code   RO         1279    i.HAL_RCC_GetPCLK2Freq  stm32f1xx_hal_rcc.o
    0x08000c84   0x08000c84   0x00000094   Code   RO         1280    i.HAL_RCC_GetSysClockFreq  stm32f1xx_hal_rcc.o
    0x08000d18   0x08000d18   0x00000464   Code   RO         1283    i.HAL_RCC_OscConfig  stm32f1xx_hal_rcc.o
    0x0800117c   0x0800117c   0x00000088   Code   RO          785    i.HAL_SPI_Init      stm32f1xx_hal_spi.o
    0x08001204   0x08001204   0x00000108   Code   RO          661    i.HAL_SPI_MspInit   stm32f1xx_hal_msp.o
    0x0800130c   0x0800130c   0x00000034   Code   RO         1587    i.HAL_SYSTICK_Config  stm32f1xx_hal_cortex.o
    0x08001340   0x08001340   0x00000002   Code   RO         2790    i.HAL_TIMEx_BreakCallback  stm32f1xx_hal_tim_ex.o
    0x08001342   0x08001342   0x00000002   Code   RO         2791    i.HAL_TIMEx_CommutCallback  stm32f1xx_hal_tim_ex.o
    0x08001344   0x08001344   0x00000074   Code   RO         2793    i.HAL_TIMEx_ConfigBreakDeadTime  stm32f1xx_hal_tim_ex.o
    0x080013b8   0x080013b8   0x00000054   Code   RO         2808    i.HAL_TIMEx_MasterConfigSynchronization  stm32f1xx_hal_tim_ex.o
    0x0800140c   0x0800140c   0x00000034   Code   RO         2104    i.HAL_TIM_Base_Init  stm32f1xx_hal_tim.o
    0x08001440   0x08001440   0x0000007c   Code   RO          663    i.HAL_TIM_Base_MspInit  stm32f1xx_hal_msp.o
    0x080014bc   0x080014bc   0x0000002a   Code   RO         2109    i.HAL_TIM_Base_Start_IT  stm32f1xx_hal_tim.o
    0x080014e6   0x080014e6   0x00000108   Code   RO         2113    i.HAL_TIM_ConfigClockSource  stm32f1xx_hal_tim.o
    0x080015ee   0x080015ee   0x00000002   Code   RO         2133    i.HAL_TIM_IC_CaptureCallback  stm32f1xx_hal_tim.o
    0x080015f0   0x080015f0   0x00000196   Code   RO         2147    i.HAL_TIM_IRQHandler  stm32f1xx_hal_tim.o
    0x08001786   0x08001786   0x00000002   PAD
    0x08001788   0x08001788   0x00000058   Code   RO          664    i.HAL_TIM_MspPostInit  stm32f1xx_hal_msp.o
    0x080017e0   0x080017e0   0x00000002   Code   RO         2150    i.HAL_TIM_OC_DelayElapsedCallback  stm32f1xx_hal_tim.o
    0x080017e2   0x080017e2   0x00000108   Code   RO         2171    i.HAL_TIM_PWM_ConfigChannel  stm32f1xx_hal_tim.o
    0x080018ea   0x080018ea   0x00000034   Code   RO         2174    i.HAL_TIM_PWM_Init  stm32f1xx_hal_tim.o
    0x0800191e   0x0800191e   0x00000002   PAD
    0x08001920   0x08001920   0x00000030   Code   RO          666    i.HAL_TIM_PWM_MspInit  stm32f1xx_hal_msp.o
    0x08001950   0x08001950   0x00000002   Code   RO         2177    i.HAL_TIM_PWM_PulseFinishedCallback  stm32f1xx_hal_tim.o
    0x08001952   0x08001952   0x00000002   PAD
    0x08001954   0x08001954   0x0000004c   Code   RO         2179    i.HAL_TIM_PWM_Start  stm32f1xx_hal_tim.o
    0x080019a0   0x080019a0   0x00000002   Code   RO         2185    i.HAL_TIM_PeriodElapsedCallback  stm32f1xx_hal_tim.o
    0x080019a2   0x080019a2   0x00000002   Code   RO         2190    i.HAL_TIM_TriggerCallback  stm32f1xx_hal_tim.o
    0x080019a4   0x080019a4   0x00000002   Code   RO         3062    i.HAL_UART_ErrorCallback  stm32f1xx_hal_uart.o
    0x080019a6   0x080019a6   0x00000002   PAD
    0x080019a8   0x080019a8   0x0000014c   Code   RO         3065    i.HAL_UART_IRQHandler  stm32f1xx_hal_uart.o
    0x08001af4   0x08001af4   0x00000072   Code   RO         3066    i.HAL_UART_Init     stm32f1xx_hal_uart.o
    0x08001b66   0x08001b66   0x00000002   PAD
    0x08001b68   0x08001b68   0x00000098   Code   RO          668    i.HAL_UART_MspInit  stm32f1xx_hal_msp.o
    0x08001c00   0x08001c00   0x00000002   Code   RO         3072    i.HAL_UART_RxCpltCallback  stm32f1xx_hal_uart.o
    0x08001c02   0x08001c02   0x00000002   Code   RO         3077    i.HAL_UART_TxCpltCallback  stm32f1xx_hal_uart.o
    0x08001c04   0x08001c04   0x00000004   Code   RO          563    i.HardFault_Handler  stm32f1xx_it.o
    0x08001c08   0x08001c08   0x00000030   Code   RO           15    i.LCD_Clear         oled.o
    0x08001c38   0x08001c38   0x00000048   Code   RO           18    i.LCD_DrawPoint     oled.o
    0x08001c80   0x08001c80   0x000001a8   Code   RO           22    i.LCD_Init          oled.o
    0x08001e28   0x08001e28   0x000000e8   Code   RO           25    i.LCD_ShowChar      oled.o
    0x08001f10   0x08001f10   0x00000044   Code   RO           27    i.LCD_ShowString    oled.o
    0x08001f54   0x08001f54   0x00000054   Code   RO           29    i.LCD_Sync_1bit     oled.o
    0x08001fa8   0x08001fa8   0x00000014   Code   RO           30    i.LCD_WR_DATA       oled.o
    0x08001fbc   0x08001fbc   0x0000000c   Code   RO           31    i.LCD_WR_DATA8      oled.o
    0x08001fc8   0x08001fc8   0x00000024   Code   RO           32    i.LCD_WR_REG        oled.o
    0x08001fec   0x08001fec   0x0000003c   Code   RO           33    i.LCD_Writ_Bus      oled.o
    0x08002028   0x08002028   0x0000001a   Code   RO           34    i.LCD_delay_ms      oled.o
    0x08002042   0x08002042   0x00000002   PAD
    0x08002044   0x08002044   0x00000034   Code   RO          429    i.MX_DMA_Init       main.o
    0x08002078   0x08002078   0x000000e4   Code   RO          430    i.MX_GPIO_Init      main.o
    0x0800215c   0x0800215c   0x00000048   Code   RO          431    i.MX_SPI1_Init      main.o
    0x080021a4   0x080021a4   0x00000044   Code   RO          432    i.MX_SPI2_Init      main.o
    0x080021e8   0x080021e8   0x000000ac   Code   RO          433    i.MX_TIM1_Init      main.o
    0x08002294   0x08002294   0x00000074   Code   RO          434    i.MX_TIM2_Init      main.o
    0x08002308   0x08002308   0x00000038   Code   RO          435    i.MX_USART3_UART_Init  main.o
    0x08002340   0x08002340   0x00000004   Code   RO          564    i.MemManage_Handler  stm32f1xx_it.o
    0x08002344   0x08002344   0x00000002   Code   RO          565    i.NMI_Handler       stm32f1xx_it.o
    0x08002346   0x08002346   0x00000002   PAD
    0x08002348   0x08002348   0x0000003c   Code   RO         4795    i.One_measurement   vl53l0x.o
    0x08002384   0x08002384   0x00000002   Code   RO          566    i.PendSV_Handler    stm32f1xx_it.o
    0x08002386   0x08002386   0x00000002   PAD
    0x08002388   0x08002388   0x00000028   Code   RO         1284    i.RCC_Delay         stm32f1xx_hal_rcc.o
    0x080023b0   0x080023b0   0x00000002   Code   RO          567    i.SVC_Handler       stm32f1xx_it.o
    0x080023b2   0x080023b2   0x00000008   Code   RO          568    i.SysTick_Handler   stm32f1xx_it.o
    0x080023ba   0x080023ba   0x00000066   Code   RO          436    i.SystemClock_Config  main.o
    0x08002420   0x08002420   0x00000058   Code   RO         3373    i.SystemInit        system_stm32f1xx.o
    0x08002478   0x08002478   0x00000010   Code   RO          569    i.TIM2_IRQHandler   stm32f1xx_it.o
    0x08002488   0x08002488   0x00000074   Code   RO         2192    i.TIM_Base_SetConfig  stm32f1xx_hal_tim.o
    0x080024fc   0x080024fc   0x00000022   Code   RO         2193    i.TIM_CCxChannelCmd  stm32f1xx_hal_tim.o
    0x0800251e   0x0800251e   0x00000016   Code   RO         2203    i.TIM_ETR_SetConfig  stm32f1xx_hal_tim.o
    0x08002534   0x08002534   0x00000012   Code   RO         2204    i.TIM_ITRx_SetConfig  stm32f1xx_hal_tim.o
    0x08002546   0x08002546   0x00000002   PAD
    0x08002548   0x08002548   0x00000060   Code   RO         2205    i.TIM_OC1_SetConfig  stm32f1xx_hal_tim.o
    0x080025a8   0x080025a8   0x00000068   Code   RO         2206    i.TIM_OC2_SetConfig  stm32f1xx_hal_tim.o
    0x08002610   0x08002610   0x00000068   Code   RO         2207    i.TIM_OC3_SetConfig  stm32f1xx_hal_tim.o
    0x08002678   0x08002678   0x00000048   Code   RO         2208    i.TIM_OC4_SetConfig  stm32f1xx_hal_tim.o
    0x080026c0   0x080026c0   0x00000026   Code   RO         2210    i.TIM_TI1_ConfigInputStage  stm32f1xx_hal_tim.o
    0x080026e6   0x080026e6   0x00000028   Code   RO         2212    i.TIM_TI2_ConfigInputStage  stm32f1xx_hal_tim.o
    0x0800270e   0x0800270e   0x00000014   Code   RO         3079    i.UART_DMAAbortOnError  stm32f1xx_hal_uart.o
    0x08002722   0x08002722   0x00000020   Code   RO         3089    i.UART_EndRxTransfer  stm32f1xx_hal_uart.o
    0x08002742   0x08002742   0x00000020   Code   RO         3090    i.UART_EndTransmit_IT  stm32f1xx_hal_uart.o
    0x08002762   0x08002762   0x000000a6   Code   RO         3092    i.UART_Receive_IT   stm32f1xx_hal_uart.o
    0x08002808   0x08002808   0x000001a0   Code   RO         3093    i.UART_SetConfig    stm32f1xx_hal_uart.o
    0x080029a8   0x080029a8   0x00000068   Code   RO         3094    i.UART_Transmit_IT  stm32f1xx_hal_uart.o
    0x08002a10   0x08002a10   0x00000010   Code   RO          570    i.USART3_IRQHandler  stm32f1xx_it.o
    0x08002a20   0x08002a20   0x00000004   Code   RO          571    i.UsageFault_Handler  stm32f1xx_it.o
    0x08002a24   0x08002a24   0x00000084   Code   RO         3409    i.VL53L0X_CheckAndLoadInterruptSettings  vl53l0x_api.o
    0x08002aa8   0x08002aa8   0x00000052   Code   RO         3410    i.VL53L0X_ClearInterruptMask  vl53l0x_api.o
    0x08002afa   0x08002afa   0x00000002   PAD
    0x08002afc   0x08002afc   0x000001ac   Code   RO         3411    i.VL53L0X_DataInit  vl53l0x_api.o
    0x08002ca8   0x08002ca8   0x0000000a   Code   RO         3416    i.VL53L0X_GetDeviceMode  vl53l0x_api.o
    0x08002cb2   0x08002cb2   0x000000a0   Code   RO         3417    i.VL53L0X_GetDeviceParameters  vl53l0x_api.o
    0x08002d52   0x08002d52   0x00000022   Code   RO         3419    i.VL53L0X_GetFractionEnable  vl53l0x_api.o
    0x08002d74   0x08002d74   0x0000003e   Code   RO         3423    i.VL53L0X_GetInterMeasurementPeriodMilliSeconds  vl53l0x_api.o
    0x08002db2   0x08002db2   0x00000030   Code   RO         3424    i.VL53L0X_GetInterruptMaskStatus  vl53l0x_api.o
    0x08002de2   0x08002de2   0x00000042   Code   RO         3425    i.VL53L0X_GetInterruptThresholds  vl53l0x_api.o
    0x08002e24   0x08002e24   0x0000001c   Code   RO         3427    i.VL53L0X_GetLimitCheckEnable  vl53l0x_api.o
    0x08002e40   0x08002e40   0x000000b6   Code   RO         3430    i.VL53L0X_GetLimitCheckValue  vl53l0x_api.o
    0x08002ef6   0x08002ef6   0x00000056   Code   RO         3433    i.VL53L0X_GetMeasurementDataReady  vl53l0x_api.o
    0x08002f4c   0x08002f4c   0x00000016   Code   RO         3435    i.VL53L0X_GetMeasurementTimingBudgetMicroSeconds  vl53l0x_api.o
    0x08002f62   0x08002f62   0x00000016   Code   RO         3439    i.VL53L0X_GetOffsetCalibrationDataMicroMeter  vl53l0x_api.o
    0x08002f78   0x08002f78   0x00000016   Code   RO         3440    i.VL53L0X_GetPalErrorString  vl53l0x_api.o
    0x08002f8e   0x08002f8e   0x0000016e   Code   RO         3447    i.VL53L0X_GetRangingMeasurementData  vl53l0x_api.o
    0x080030fc   0x080030fc   0x00000076   Code   RO         3451    i.VL53L0X_GetSequenceStepEnables  vl53l0x_api.o
    0x08003172   0x08003172   0x0000001e   Code   RO         3460    i.VL53L0X_GetVcselPulsePeriod  vl53l0x_api.o
    0x08003190   0x08003190   0x0000003e   Code   RO         3462    i.VL53L0X_GetWrapAroundCheckEnable  vl53l0x_api.o
    0x080031ce   0x080031ce   0x0000000c   Code   RO         3463    i.VL53L0X_GetXTalkCompensationEnable  vl53l0x_api.o
    0x080031da   0x080031da   0x00000038   Code   RO         3464    i.VL53L0X_GetXTalkCompensationRateMegaCps  vl53l0x_api.o
    0x08003212   0x08003212   0x00000020   Code   RO         3466    i.VL53L0X_PerformRefCalibration  vl53l0x_api.o
    0x08003232   0x08003232   0x0000001e   Code   RO         3467    i.VL53L0X_PerformRefSpadManagement  vl53l0x_api.o
    0x08003250   0x08003250   0x0000003c   Code   RO         3469    i.VL53L0X_PerformSingleMeasurement  vl53l0x_api.o
    0x0800328c   0x0800328c   0x00000038   Code   RO         3470    i.VL53L0X_PerformSingleRangingMeasurement  vl53l0x_api.o
    0x080032c4   0x080032c4   0x0000001a   Code   RO         4591    i.VL53L0X_PollingDelay  vl53l0x_platform.o
    0x080032de   0x080032de   0x0000002c   Code   RO         4592    i.VL53L0X_RdByte    vl53l0x_platform.o
    0x0800330a   0x0800330a   0x0000002c   Code   RO         4593    i.VL53L0X_RdDWord   vl53l0x_platform.o
    0x08003336   0x08003336   0x0000002c   Code   RO         4594    i.VL53L0X_RdWord    vl53l0x_platform.o
    0x08003362   0x08003362   0x00000036   Code   RO         4595    i.VL53L0X_ReadMulti  vl53l0x_platform.o
    0x08003398   0x08003398   0x00000024   Code   RO         3474    i.VL53L0X_SetDeviceAddress  vl53l0x_api.o
    0x080033bc   0x080033bc   0x00000032   Code   RO         3475    i.VL53L0X_SetDeviceMode  vl53l0x_api.o
    0x080033ee   0x080033ee   0x00000166   Code   RO         3478    i.VL53L0X_SetGpioConfig  vl53l0x_api.o
    0x08003554   0x08003554   0x000000c2   Code   RO         3483    i.VL53L0X_SetLimitCheckEnable  vl53l0x_api.o
    0x08003616   0x08003616   0x00000076   Code   RO         3484    i.VL53L0X_SetLimitCheckValue  vl53l0x_api.o
    0x0800368c   0x0800368c   0x00000016   Code   RO         3486    i.VL53L0X_SetMeasurementTimingBudgetMicroSeconds  vl53l0x_api.o
    0x080036a2   0x080036a2   0x00000016   Code   RO         3488    i.VL53L0X_SetOffsetCalibrationDataMicroMeter  vl53l0x_api.o
    0x080036b8   0x080036b8   0x0000001e   Code   RO         3491    i.VL53L0X_SetRefCalibration  vl53l0x_api.o
    0x080036d6   0x080036d6   0x0000001e   Code   RO         3492    i.VL53L0X_SetReferenceSpads  vl53l0x_api.o
    0x080036f4   0x080036f4   0x000000c4   Code   RO         3493    i.VL53L0X_SetSequenceStepEnable  vl53l0x_api.o
    0x080037b8   0x080037b8   0x0000001e   Code   RO         3498    i.VL53L0X_SetVcselPulsePeriod  vl53l0x_api.o
    0x080037d6   0x080037d6   0x00000040   Code   RO         3501    i.VL53L0X_SetXTalkCompensationRateMegaCps  vl53l0x_api.o
    0x08003816   0x08003816   0x0000010c   Code   RO         3502    i.VL53L0X_StartMeasurement  vl53l0x_api.o
    0x08003922   0x08003922   0x00000002   PAD
    0x08003924   0x08003924   0x000001a0   Code   RO         3503    i.VL53L0X_StaticInit  vl53l0x_api.o
    0x08003ac4   0x08003ac4   0x00000052   Code   RO         4596    i.VL53L0X_UpdateByte  vl53l0x_platform.o
    0x08003b16   0x08003b16   0x0000002c   Code   RO         4597    i.VL53L0X_WrByte    vl53l0x_platform.o
    0x08003b42   0x08003b42   0x0000002c   Code   RO         4599    i.VL53L0X_WrWord    vl53l0x_platform.o
    0x08003b6e   0x08003b6e   0x0000003c   Code   RO         4600    i.VL53L0X_WriteMulti  vl53l0x_platform.o
    0x08003baa   0x08003baa   0x00000002   PAD
    0x08003bac   0x08003bac   0x0000018c   Code   RO         4195    i.VL53L0X_calc_dmax  vl53l0x_api_core.o
    0x08003d38   0x08003d38   0x00000016   Code   RO         4196    i.VL53L0X_calc_macro_period_ps  vl53l0x_api_core.o
    0x08003d4e   0x08003d4e   0x00000002   PAD
    0x08003d50   0x08003d50   0x00000310   Code   RO         4197    i.VL53L0X_calc_sigma_estimate  vl53l0x_api_core.o
    0x08004060   0x08004060   0x00000034   Code   RO         4198    i.VL53L0X_calc_timeout_mclks  vl53l0x_api_core.o
    0x08004094   0x08004094   0x00000034   Code   RO         4199    i.VL53L0X_calc_timeout_us  vl53l0x_api_core.o
    0x080040c8   0x080040c8   0x0000000e   Code   RO         4200    i.VL53L0X_decode_timeout  vl53l0x_api_core.o
    0x080040d6   0x080040d6   0x0000000c   Code   RO         4201    i.VL53L0X_decode_vcsel_period  vl53l0x_api_core.o
    0x080040e2   0x080040e2   0x00000052   Code   RO         4202    i.VL53L0X_device_read_strobe  vl53l0x_api_core.o
    0x08004134   0x08004134   0x00000028   Code   RO         4203    i.VL53L0X_encode_timeout  vl53l0x_api_core.o
    0x0800415c   0x0800415c   0x0000000e   Code   RO         4204    i.VL53L0X_encode_vcsel_period  vl53l0x_api_core.o
    0x0800416a   0x0800416a   0x0000054a   Code   RO         4205    i.VL53L0X_get_info_from_device  vl53l0x_api_core.o
    0x080046b4   0x080046b4   0x000000ee   Code   RO         4206    i.VL53L0X_get_measurement_timing_budget_micro_seconds  vl53l0x_api_core.o
    0x080047a2   0x080047a2   0x00000056   Code   RO         4037    i.VL53L0X_get_offset_calibration_data_micro_meter  vl53l0x_api_calibration.o
    0x080047f8   0x080047f8   0x000002cc   Code   RO         4385    i.VL53L0X_get_pal_error_string  vl53l0x_api_strings.o
    0x08004ac4   0x08004ac4   0x00000234   Code   RO         4207    i.VL53L0X_get_pal_range_status  vl53l0x_api_core.o
    0x08004cf8   0x08004cf8   0x00000028   Code   RO         4208    i.VL53L0X_get_total_signal_rate  vl53l0x_api_core.o
    0x08004d20   0x08004d20   0x0000003a   Code   RO         4209    i.VL53L0X_get_total_xtalk_rate  vl53l0x_api_core.o
    0x08004d5a   0x08004d5a   0x00000046   Code   RO         4210    i.VL53L0X_get_vcsel_pulse_period  vl53l0x_api_core.o
    0x08004da0   0x08004da0   0x0000002c   Code   RO         4211    i.VL53L0X_isqrt     vl53l0x_api_core.o
    0x08004dcc   0x08004dcc   0x000000ea   Code   RO         4212    i.VL53L0X_load_tuning_settings  vl53l0x_api_core.o
    0x08004eb6   0x08004eb6   0x00000042   Code   RO         4213    i.VL53L0X_measurement_poll_for_completion  vl53l0x_api_core.o
    0x08004ef8   0x08004ef8   0x0000007c   Code   RO         4041    i.VL53L0X_perform_phase_calibration  vl53l0x_api_calibration.o
    0x08004f74   0x08004f74   0x0000004c   Code   RO         4042    i.VL53L0X_perform_ref_calibration  vl53l0x_api_calibration.o
    0x08004fc0   0x08004fc0   0x00000292   Code   RO         4043    i.VL53L0X_perform_ref_spad_management  vl53l0x_api_calibration.o
    0x08005252   0x08005252   0x00000040   Code   RO         4044    i.VL53L0X_perform_single_ref_calibration  vl53l0x_api_calibration.o
    0x08005292   0x08005292   0x0000007e   Code   RO         4045    i.VL53L0X_perform_vhv_calibration  vl53l0x_api_calibration.o
    0x08005310   0x08005310   0x0000001c   Code   RO         4448    i.VL53L0X_read_byte  vl53l0x_i2c.o
    0x0800532c   0x0800532c   0x0000003a   Code   RO         4449    i.VL53L0X_read_dword  vl53l0x_i2c.o
    0x08005366   0x08005366   0x00000028   Code   RO         4450    i.VL53L0X_read_multi  vl53l0x_i2c.o
    0x0800538e   0x0800538e   0x0000002a   Code   RO         4451    i.VL53L0X_read_word  vl53l0x_i2c.o
    0x080053b8   0x080053b8   0x000000b0   Code   RO         4047    i.VL53L0X_ref_calibration_io  vl53l0x_api_calibration.o
    0x08005468   0x08005468   0x00000126   Code   RO         4216    i.VL53L0X_set_measurement_timing_budget_micro_seconds  vl53l0x_api_core.o
    0x0800558e   0x0800558e   0x00000002   PAD
    0x08005590   0x08005590   0x00000054   Code   RO         4048    i.VL53L0X_set_offset_calibration_data_micro_meter  vl53l0x_api_calibration.o
    0x080055e4   0x080055e4   0x0000002e   Code   RO         4049    i.VL53L0X_set_ref_calibration  vl53l0x_api_calibration.o
    0x08005612   0x08005612   0x000000c2   Code   RO         4050    i.VL53L0X_set_reference_spads  vl53l0x_api_calibration.o
    0x080056d4   0x080056d4   0x000002fe   Code   RO         4217    i.VL53L0X_set_vcsel_pulse_period  vl53l0x_api_core.o
    0x080059d2   0x080059d2   0x0000001a   Code   RO         4452    i.VL53L0X_write_byte  vl53l0x_i2c.o
    0x080059ec   0x080059ec   0x00000028   Code   RO         4454    i.VL53L0X_write_multi  vl53l0x_i2c.o
    0x08005a14   0x08005a14   0x00000056   Code   RO         4455    i.VL53L0X_write_word  vl53l0x_i2c.o
    0x08005a6a   0x08005a6a   0x00000002   PAD
    0x08005a6c   0x08005a6c   0x00000050   Code   RO         4456    i.VL_IIC_Ack        vl53l0x_i2c.o
    0x08005abc   0x08005abc   0x00000050   Code   RO         4457    i.VL_IIC_NAck       vl53l0x_i2c.o
    0x08005b0c   0x08005b0c   0x00000070   Code   RO         4459    i.VL_IIC_Read_Byte  vl53l0x_i2c.o
    0x08005b7c   0x08005b7c   0x00000066   Code   RO         4460    i.VL_IIC_Read_nByte  vl53l0x_i2c.o
    0x08005be2   0x08005be2   0x00000002   PAD
    0x08005be4   0x08005be4   0x00000074   Code   RO         4461    i.VL_IIC_Send_Byte  vl53l0x_i2c.o
    0x08005c58   0x08005c58   0x0000004c   Code   RO         4462    i.VL_IIC_Start      vl53l0x_i2c.o
    0x08005ca4   0x08005ca4   0x0000004c   Code   RO         4463    i.VL_IIC_Stop       vl53l0x_i2c.o
    0x08005cf0   0x08005cf0   0x00000064   Code   RO         4464    i.VL_IIC_Wait_Ack   vl53l0x_i2c.o
    0x08005d54   0x08005d54   0x0000004c   Code   RO         4466    i.VL_IIC_Write_nByte  vl53l0x_i2c.o
    0x08005da0   0x08005da0   0x00000020   Code   RO         5091    i.__0printf$8       mc_w.l(printf8.o)
    0x08005dc0   0x08005dc0   0x00000028   Code   RO         5093    i.__0sprintf$8      mc_w.l(printf8.o)
    0x08005de8   0x08005de8   0x00000010   Code   RO         1589    i.__NVIC_GetPriorityGrouping  stm32f1xx_hal_cortex.o
    0x08005df8   0x08005df8   0x00000028   Code   RO         1590    i.__NVIC_SetPriority  stm32f1xx_hal_cortex.o
    0x08005e20   0x08005e20   0x0000000e   Code   RO         5184    i.__scatterload_copy  mc_w.l(handlers.o)
    0x08005e2e   0x08005e2e   0x00000002   Code   RO         5185    i.__scatterload_null  mc_w.l(handlers.o)
    0x08005e30   0x08005e30   0x0000000e   Code   RO         5186    i.__scatterload_zeroinit  mc_w.l(handlers.o)
    0x08005e3e   0x08005e3e   0x00000002   PAD
    0x08005e40   0x08005e40   0x00000410   Code   RO         5098    i._printf_core      mc_w.l(printf8.o)
    0x08006250   0x08006250   0x00000024   Code   RO         5099    i._printf_post_padding  mc_w.l(printf8.o)
    0x08006274   0x08006274   0x0000002e   Code   RO         5100    i._printf_pre_padding  mc_w.l(printf8.o)
    0x080062a2   0x080062a2   0x0000000a   Code   RO         5102    i._sputc            mc_w.l(printf8.o)
    0x080062ac   0x080062ac   0x00000026   Code   RO         4796    i.delay_ms          vl53l0x.o
    0x080062d2   0x080062d2   0x0000000e   Code   RO         4467    i.delay_us          vl53l0x_i2c.o
    0x080062e0   0x080062e0   0x000000ac   Code   RO         4052    i.enable_ref_spads  vl53l0x_api_calibration.o
    0x0800638c   0x0800638c   0x00000032   Code   RO         4053    i.enable_spad_bit   vl53l0x_api_calibration.o
    0x080063be   0x080063be   0x00000002   PAD
    0x080063c0   0x080063c0   0x0000001c   Code   RO          370    i.fputc             uart.o
    0x080063dc   0x080063dc   0x00000068   Code   RO         4054    i.get_next_good_spad  vl53l0x_api_calibration.o
    0x08006444   0x08006444   0x00000018   Code   RO         4055    i.get_ref_spad_map  vl53l0x_api_calibration.o
    0x0800645c   0x0800645c   0x00000122   Code   RO         4218    i.get_sequence_step_timeout  vl53l0x_api_core.o
    0x0800657e   0x0800657e   0x00000002   PAD
    0x08006580   0x08006580   0x00000018   Code   RO         4056    i.is_aperture       vl53l0x_api_calibration.o
    0x08006598   0x08006598   0x00000180   Code   RO          438    i.main              main.o
    0x08006718   0x08006718   0x0000006e   Code   RO         4057    i.perform_ref_signal_measurement  vl53l0x_api_calibration.o
    0x08006786   0x08006786   0x00000002   PAD
    0x08006788   0x08006788   0x00000034   Code   RO         4798    i.print_pal_error   vl53l0x.o
    0x080067bc   0x080067bc   0x00000048   Code   RO         3507    i.sequence_step_enabled  vl53l0x_api.o
    0x08006804   0x08006804   0x00000018   Code   RO         4058    i.set_ref_spad_map  vl53l0x_api_calibration.o
    0x0800681c   0x0800681c   0x00000132   Code   RO         4219    i.set_sequence_step_timeout  vl53l0x_api_core.o
    0x0800694e   0x0800694e   0x00000002   PAD
    0x08006950   0x08006950   0x000000a4   Code   RO         4799    i.vl53l0x_Addr_set  vl53l0x.o
    0x080069f4   0x080069f4   0x00000040   Code   RO         4802    i.vl53l0x_reset     vl53l0x.o
    0x08006a34   0x08006a34   0x0000019c   Code   RO         4707    i.vl53l0x_set_mode  vl53l0x_gen.o
    0x08006bd0   0x08006bd0   0x000005f0   Data   RO           37    .constdata          oled.o
    0x080071c0   0x080071c0   0x00000018   Data   RO         3374    .constdata          system_stm32f1xx.o
    0x080071d8   0x080071d8   0x00000020   Data   RO         5182    Region$$Table       anon$$obj.o


    Execution Region RW_IRAM1 (Exec base: 0x20000000, Load base: 0x080071f8, Size: 0x00001f20, Max: 0x00005000, ABSOLUTE, COMPRESSED[0x000007b8])

    Exec Addr    Load Addr    Size         Type   Attr      Idx    E Section Name        Object

    0x20000000   COMPRESSED   0x00001416   Data   RW           38    .data               oled.o
    0x20001416   COMPRESSED   0x00000002   PAD
    0x20001418   COMPRESSED   0x00000008   Data   RW          374    .data               uart.o
    0x20001420   COMPRESSED   0x00000004   Data   RW          440    .data               main.o
    0x20001424   COMPRESSED   0x00000009   Data   RW         1121    .data               stm32f1xx_hal.o
    0x2000142d   COMPRESSED   0x00000003   PAD
    0x20001430   COMPRESSED   0x00000004   Data   RW         3375    .data               system_stm32f1xx.o
    0x20001434   COMPRESSED   0x000002a9   Data   RW         3508    .data               vl53l0x_api.o
    0x200016dd   COMPRESSED   0x00000003   PAD
    0x200016e0   COMPRESSED   0x00000010   Data   RW         4059    .data               vl53l0x_api_calibration.o
    0x200016f0   COMPRESSED   0x00000039   Data   RW         4805    .data               vl53l0x.o
    0x20001729   COMPRESSED   0x00000003   PAD
    0x2000172c        -       0x000001c4   Zero   RW          439    .bss                main.o
    0x200018f0        -       0x00000030   Zero   RW         4671    .bss                vl53l0x_cali.o
    0x20001920        -       0x0000003c   Zero   RW         4709    .bss                vl53l0x_gen.o
    0x2000195c        -       0x000001c3   Zero   RW         4804    .bss                vl53l0x.o
    0x20001b1f   COMPRESSED   0x00000001   PAD
    0x20001b20        -       0x00000400   Zero   RW            1    STACK               startup_stm32f103xb.o


==============================================================================

Image component sizes


      Code (inc. data)   RO Data    RW Data    ZI Data      Debug   Object Name

      1252        196          0          4        452      21013   main.o
      1144         64       1520       5142          0     434179   oled.o
        36          8        236          0       1024        760   startup_stm32f103xb.o
       152         32          0          9          0       4977   stm32f1xx_hal.o
       304         22          0          0          0      29123   stm32f1xx_hal_cortex.o
       692         12          0          0          0       2475   stm32f1xx_hal_dma.o
       842         38          0          0          0       3608   stm32f1xx_hal_gpio.o
       760         80          0          0          0       4029   stm32f1xx_hal_msp.o
      1784        110          0          0          0       5668   stm32f1xx_hal_rcc.o
       136          0          0          0          0       1023   stm32f1xx_hal_spi.o
      1810         36          0          0          0      14298   stm32f1xx_hal_tim.o
       204          0          0          0          0       2941   stm32f1xx_hal_tim_ex.o
      1222         10          0          0          0       6923   stm32f1xx_hal_uart.o
        90         18          0          0          0       5112   stm32f1xx_it.o
        88         18         24          4          0       1031   system_stm32f1xx.o
        28          4          0          8          0       2605   uart.o
       378         70          0         57        451       4131   vl53l0x.o
      4112         62          0        681          0      31227   vl53l0x_api.o
      2142         16          0         16          0      15995   vl53l0x_api_calibration.o
      5792         18          0          0          0      26959   vl53l0x_api_core.o
       716        426          0          0          0        827   vl53l0x_api_strings.o
         0          0          0          0         48        758   vl53l0x_cali.o
       412         12          0          0         60       2096   vl53l0x_gen.o
      1152         94          0          0          0      10718   vl53l0x_i2c.o
       442          0          0          0          0       6779   vl53l0x_platform.o

    ----------------------------------------------------------------------
     25736       1346       1812       5932       2036     639255   Object Totals
         0          0         32          0          0          0   (incl. Generated)
        46          0          0         11          1          0   (incl. Padding)

    ----------------------------------------------------------------------

      Code (inc. data)   RO Data    RW Data    ZI Data      Debug   Library Member Name

        86          0          0          0          0          0   __dczerorl2.o
         0          0          0          0          0          0   entry.o
         0          0          0          0          0          0   entry10a.o
         0          0          0          0          0          0   entry11a.o
         8          4          0          0          0          0   entry2.o
         4          0          0          0          0          0   entry5.o
         0          0          0          0          0          0   entry7b.o
         0          0          0          0          0          0   entry8b.o
         8          4          0          0          0          0   entry9a.o
        30          0          0          0          0          0   handlers.o
        36          8          0          0          0         68   init.o
        30          0          0          0          0         68   llshl.o
        32          0          0          0          0         68   llushr.o
        36          0          0          0          0         68   memcpya.o
        36          0          0          0          0        108   memseta.o
      1204         60          0          0          0        504   printf8.o
        18          0          0          0          0         68   strcpy.o
        98          0          0          0          0         92   uldiv.o

    ----------------------------------------------------------------------
      1628         76          0          0          0       1044   Library Totals
         2          0          0          0          0          0   (incl. Padding)

    ----------------------------------------------------------------------

      Code (inc. data)   RO Data    RW Data    ZI Data      Debug   Library Name

      1626         76          0          0          0       1044   mc_w.l

    ----------------------------------------------------------------------
      1628         76          0          0          0       1044   Library Totals

    ----------------------------------------------------------------------

==============================================================================


      Code (inc. data)   RO Data    RW Data    ZI Data      Debug   

     27364       1422       1812       5932       2036     628935   Grand Totals
     27364       1422       1812       1976       2036     628935   ELF Image Totals (compressed)
     27364       1422       1812       1976          0          0   ROM Totals

==============================================================================

    Total RO  Size (Code + RO Data)                29176 (  28.49kB)
    Total RW  Size (RW Data + ZI Data)              7968 (   7.78kB)
    Total ROM Size (Code + RO Data + RW Data)      31152 (  30.42kB)

==============================================================================

