<html>
<body>
<pre>
<h1>µVision Build Log</h1>
<h2>Tool Versions:</h2>
IDE-Version: ¦ÌVision V5.29.0.0
Copyright (C) 2019 ARM Ltd and ARM Germany GmbH. All rights reserved.
License Information: Raii Lee, Me., LIC=KIVDY-IH21J-04FSQ-N9M93-ZDPAM-1NK9B
 
Tool Versions:
Toolchain:       MDK-ARM Professional  Version: 5.29.0.0
Toolchain Path:  C:\Keil_v5\ARM\ARMCC\Bin
C Compiler:      Armcc.exe V5.06 update 6 (build 750)
Assembler:       Armasm.exe V5.06 update 6 (build 750)
Linker/Locator:  ArmLink.exe V5.06 update 6 (build 750)
Library Manager: ArmAr.exe V5.06 update 6 (build 750)
Hex Converter:   FromElf.exe V5.06 update 6 (build 750)
CPU DLL:         SARMCM3.DLL V5.29.0.0
Dialog DLL:      DCM.DLL V1.17.3.0
Target DLL:      Segger\JL2CM3.dll V2.99.36.0
Dialog DLL:      TCM.DLL V1.36.5.0
 
<h2>Project:</h2>
D:\TOF\Src\VL53L0X\TOF\MDK-ARM\TOF.uvprojx
Project File Date:  04/22/2020

<h2>Output:</h2>
*** Using Compiler 'V5.06 update 6 (build 750)', folder: 'C:\Keil_v5\ARM\ARMCC\Bin'
Build target 'TOF'
assembling startup_stm32f103xb.s...
compiling ads7924.c...
compiling delay.c...
compiling iwdg.c...
compiling i2c.c...
compiling tim.c...
compiling gpio.c...
compiling main.c...
compiling usart.c...
compiling stm32f1xx_it.c...
compiling stm32f1xx_hal_msp.c...
compiling report.c...
compiling vl53l0x_i2c.c...
compiling task_launch.c...
compiling vl53l0x.c...
compiling vl53l0x_platform.c...
compiling stm32f1xx_hal_gpio_ex.c...
compiling stm32f1xx_hal_iwdg.c...
compiling vl53l0x_api_calibration.c...
compiling vl53l0x_api_ranging.c...
compiling vl53l0x_api.c...
compiling vl53l0x_api_strings.c...
compiling vl53l0x_api_core.c...
compiling stm32f1xx_hal_tim.c...
compiling stm32f1xx_hal_tim_ex.c...
compiling stm32f1xx_hal.c...
compiling stm32f1xx_hal_rcc_ex.c...
compiling stm32f1xx_hal_uart.c...
compiling stm32f1xx_hal_gpio.c...
compiling stm32f1xx_hal_rcc.c...
compiling stm32f1xx_hal_dma.c...
compiling stm32f1xx_hal_cortex.c...
compiling cpu_core.c...
compiling system_stm32f1xx.c...
assembling cpu_a.asm...
compiling stm32f1xx_hal_exti.c...
compiling stm32f1xx_hal_flash.c...
compiling stm32f1xx_hal_pwr.c...
compiling stm32f1xx_hal_flash_ex.c...
compiling bsp.c...
compiling cpu_c.c...
compiling lib_ascii.c...
compiling lib_math.c...
assembling lib_mem_a.asm...
compiling lib_mem.c...
compiling lib_str.c...
compiling os_cfg_app.c...
compiling os_dbg.c...
compiling os_core.c...
compiling os_int.c...
compiling os_flag.c...
compiling os_mem.c...
compiling os_msg.c...
compiling os_mutex.c...
compiling os_pend_multi.c...
compiling os_prio.c...
compiling os_q.c...
compiling os_sem.c...
compiling os_stat.c...
compiling os_tick.c...
compiling os_time.c...
compiling os_var.c...
compiling os_tmr.c...
assembling os_cpu_a.s...
compiling os_task.c...
compiling os_app_hooks.c...
compiling os_cpu_c.c...
linking...
Program Size: Code=35040 RO-data=428 RW-data=1060 ZI-data=10900  
FromELF: creating hex file...
".\TOF\TOF.axf" - 0 Error(s), 0 Warning(s).

<h2>Software Packages used:</h2>

Package Vendor: ARM
                http://www.keil.com/pack/ARM.CMSIS.5.6.0.pack
                ARM.CMSIS.5.6.0
                CMSIS (Cortex Microcontroller Software Interface Standard)
   * Component: CORE Version: 5.3.0

Package Vendor: Keil
                http://www.keil.com/pack/Keil.STM32F1xx_DFP.2.3.0.pack
                Keil.STM32F1xx_DFP.2.3.0
                STMicroelectronics STM32F1 Series Device Support, Drivers and Examples

<h2>Collection of Component include folders:</h2>
  .\RTE\_TOF
  D:\src\MDK\Packs\ARM\CMSIS\5.6.0\CMSIS\Core\Include
  D:\src\MDK\Packs\Keil\STM32F1xx_DFP\2.3.0\Device\Include

<h2>Collection of Component Files used:</h2>

   * Component: ARM::CMSIS:CORE:5.3.0
Build Time Elapsed:  00:00:27
</pre>
</body>
</html>
