Component: ARM Compiler 5.06 update 6 (build 750) Tool: armlink [4d35ed]

==============================================================================

Section Cross References

    startup_stm32f103xb.o(RESET) refers to startup_stm32f103xb.o(STACK) for __initial_sp
    startup_stm32f103xb.o(RESET) refers to startup_stm32f103xb.o(.text) for Reset_Handler
    startup_stm32f103xb.o(RESET) refers to stm32f1xx_it.o(i.NMI_Handler) for NMI_Handler
    startup_stm32f103xb.o(RESET) refers to stm32f1xx_it.o(i.HardFault_Handler) for HardFault_Handler
    startup_stm32f103xb.o(RESET) refers to stm32f1xx_it.o(i.MemManage_Handler) for MemManage_Handler
    startup_stm32f103xb.o(RESET) refers to stm32f1xx_it.o(i.BusFault_Handler) for BusFault_Handler
    startup_stm32f103xb.o(RESET) refers to stm32f1xx_it.o(i.UsageFault_Handler) for UsageFault_Handler
    startup_stm32f103xb.o(RESET) refers to stm32f1xx_it.o(i.SVC_Handler) for SVC_Handler
    startup_stm32f103xb.o(RESET) refers to stm32f1xx_it.o(i.DebugMon_Handler) for DebugMon_Handler
    startup_stm32f103xb.o(RESET) refers to os_cpu_a.o(CODE) for OS_CPU_PendSVHandler
    startup_stm32f103xb.o(RESET) refers to os_cpu_c.o(i.OS_CPU_SysTickHandler) for OS_CPU_SysTickHandler
    startup_stm32f103xb.o(RESET) refers to stm32f1xx_it.o(i.EXTI1_IRQHandler) for EXTI1_IRQHandler
    startup_stm32f103xb.o(RESET) refers to stm32f1xx_it.o(i.EXTI4_IRQHandler) for EXTI4_IRQHandler
    startup_stm32f103xb.o(.text) refers to system_stm32f1xx.o(i.SystemInit) for SystemInit
    startup_stm32f103xb.o(.text) refers to entry.o(.ARM.Collect$$$$00000000) for __main
    i2c.o(i.I2C_Wait_Ack) refers to i2c.o(i.I2C_Stop) for I2C_Stop
    i2c.o(i.I2C_Wait_Ack) refers to printf8.o(i.__0printf$8) for __2printf
    i2c.o(i.i2c1_scl_out) refers to stm32f1xx_hal_gpio.o(i.HAL_GPIO_WritePin) for HAL_GPIO_WritePin
    i2c.o(i.i2c_bus_init) refers to i2c.o(.bss) for .bss
    i2c.o(i.i2c_bus_init) refers to i2c.o(.constdata) for .constdata
    i2c.o(i.i2c_delay_us) refers to delay.o(i.hw_us_delay) for hw_us_delay
    i2c.o(i.i2c_sda_in) refers to stm32f1xx_hal_gpio.o(i.HAL_GPIO_ReadPin) for HAL_GPIO_ReadPin
    i2c.o(i.i2c_sda_mode) refers to stm32f1xx_hal_gpio.o(i.HAL_GPIO_Init) for HAL_GPIO_Init
    i2c.o(i.i2c_sda_out) refers to stm32f1xx_hal_gpio.o(i.HAL_GPIO_WritePin) for HAL_GPIO_WritePin
    i2c.o(i.i2c_xfer) refers to printf8.o(i.__0printf$8) for __2printf
    i2c.o(i.i2c_xfer) refers to i2c.o(i.I2C_Send_Byte) for I2C_Send_Byte
    i2c.o(i.i2c_xfer) refers to i2c.o(i.I2C_Wait_Ack) for I2C_Wait_Ack
    i2c.o(i.i2c_xfer) refers to i2c.o(i.I2C_Read_Byte) for I2C_Read_Byte
    i2c.o(i.i2c_xfer) refers to i2c.o(i.I2C_Stop) for I2C_Stop
    i2c.o(.constdata) refers to i2c.o(i.i2c1_scl_out) for i2c1_scl_out
    i2c.o(.constdata) refers to i2c.o(i.i2c_sda_out) for i2c_sda_out
    i2c.o(.constdata) refers to i2c.o(i.i2c_sda_in) for i2c_sda_in
    i2c.o(.constdata) refers to i2c.o(i.i2c_sda_mode) for i2c_sda_mode
    i2c.o(.constdata) refers to i2c.o(i.i2c_delay_us) for i2c_delay_us
    delay.o(i.HAL_RCC_CSSCallback) refers to cpu_a.o(.text) for CPU_IntDis
    delay.o(i.HAL_RCC_CSSCallback) refers to memseta.o(.text) for __aeabi_memclr4
    delay.o(i.HAL_RCC_CSSCallback) refers to stm32f1xx_hal_rcc.o(i.HAL_RCC_OscConfig) for HAL_RCC_OscConfig
    delay.o(i.HAL_RCC_CSSCallback) refers to main.o(i.Error_Handler) for Error_Handler
    delay.o(i.HAL_RCC_CSSCallback) refers to stm32f1xx_hal_rcc.o(i.HAL_RCC_ClockConfig) for HAL_RCC_ClockConfig
    delay.o(i.hw_ms_delay) refers to delay.o(i.hw_us_delay) for hw_us_delay
    delay.o(i.hw_us_delay) refers to system_stm32f1xx.o(.data) for SystemCoreClock
    ads7924.o(i.ads7924_Calibration) refers to ads7924.o(i.ads7924_writeRegs) for ads7924_writeRegs
    ads7924.o(i.ads7924_Calibration) refers to printf8.o(i.__0printf$8) for __2printf
    ads7924.o(i.ads7924_Calibration) refers to ads7924.o(i.ads7924_startScan) for ads7924_startScan
    ads7924.o(i.ads7924_Calibration) refers to delay.o(i.hw_us_delay) for hw_us_delay
    ads7924.o(i.ads7924_Calibration) refers to ads7924.o(i.ads7924_readData) for ads7924_readData
    ads7924.o(i.ads7924_Calibration) refers to ads7924.o(.data) for .data
    ads7924.o(i.ads7924_enterAwake) refers to ads7924.o(i.ads7924_writeRegs) for ads7924_writeRegs
    ads7924.o(i.ads7924_enterAwake) refers to printf8.o(i.__0printf$8) for __2printf
    ads7924.o(i.ads7924_enterAwake) refers to ads7924.o(.data) for .data
    ads7924.o(i.ads7924_enterIdle) refers to ads7924.o(i.ads7924_writeRegs) for ads7924_writeRegs
    ads7924.o(i.ads7924_enterIdle) refers to printf8.o(i.__0printf$8) for __2printf
    ads7924.o(i.ads7924_enterIdle) refers to ads7924.o(.data) for .data
    ads7924.o(i.ads7924_init) refers to ads7924.o(i.ads7924_reset) for ads7924_reset
    ads7924.o(i.ads7924_init) refers to printf8.o(i.__0printf$8) for __2printf
    ads7924.o(i.ads7924_init) refers to ads7924.o(i.ads7924_refreshRegs) for ads7924_refreshRegs
[...]
    OS_MutexInit                             0x080032f9   Thumb Code    14  os_mutex.o(i.OS_MutexInit)
    OS_Pend                                  0x08003311   Thumb Code    74  os_core.o(i.OS_Pend)
    OS_PendDataInit                          0x08003361   Thumb Code    48  os_core.o(i.OS_PendDataInit)
    OS_PendDbgNameAdd                        0x08003391   Thumb Code    46  os_core.o(i.OS_PendDbgNameAdd)
    OS_PendDbgNameRemove                     0x080033d9   Thumb Code    22  os_core.o(i.OS_PendDbgNameRemove)
    OS_PendListInit                          0x080033f5   Thumb Code    10  os_core.o(i.OS_PendListInit)
    OS_PendListInsertPrio                    0x080033ff   Thumb Code    90  os_core.o(i.OS_PendListInsertPrio)
    OS_PendListRemove                        0x08003459   Thumb Code    38  os_core.o(i.OS_PendListRemove)
    OS_PendListRemove1                       0x0800347f   Thumb Code    54  os_core.o(i.OS_PendListRemove1)
    OS_Post                                  0x080034b5   Thumb Code   152  os_core.o(i.OS_Post)
    OS_Post1                                 0x0800354d   Thumb Code    38  os_core.o(i.OS_Post1)
    OS_PrioGetHighest                        0x08003575   Thumb Code    32  os_prio.o(i.OS_PrioGetHighest)
    OS_PrioInit                              0x08003599   Thumb Code     8  os_prio.o(i.OS_PrioInit)
    OS_PrioInsert                            0x080035a5   Thumb Code    28  os_prio.o(i.OS_PrioInsert)
    OS_PrioRemove                            0x080035c5   Thumb Code    28  os_prio.o(i.OS_PrioRemove)
    OS_QInit                                 0x080035e5   Thumb Code    14  os_q.o(i.OS_QInit)
    OS_QPost                                 0x080035fd   Thumb Code   252  os_q.o(i.OS_QPost)
    OS_RdyListInit                           0x08003701   Thumb Code    32  os_core.o(i.OS_RdyListInit)
    OS_RdyListInsert                         0x08003725   Thumb Code    42  os_core.o(i.OS_RdyListInsert)
    OS_RdyListInsertHead                     0x08003755   Thumb Code    52  os_core.o(i.OS_RdyListInsertHead)
    OS_RdyListInsertTail                     0x0800378d   Thumb Code    48  os_core.o(i.OS_RdyListInsertTail)
    OS_RdyListMoveHeadToTail                 0x080037c1   Thumb Code    52  os_core.o(i.OS_RdyListMoveHeadToTail)
    OS_RdyListRemove                         0x080037f5   Thumb Code    78  os_core.o(i.OS_RdyListRemove)
    OS_Sched0                                0x08003849   Thumb Code    50  os_core.o(i.OS_Sched0)
    OS_SchedLockTimeMeasStart                0x08003891   Thumb Code    20  os_core.o(i.OS_SchedLockTimeMeasStart)
    OS_SchedLockTimeMeasStop                 0x080038ad   Thumb Code    42  os_core.o(i.OS_SchedLockTimeMeasStop)
    OS_SchedRoundRobin                       0x080038e9   Thumb Code    88  os_core.o(i.OS_SchedRoundRobin)
    OS_SemInit                               0x08003951   Thumb Code    14  os_sem.o(i.OS_SemInit)
    OS_SemPost                               0x08003969   Thumb Code   224  os_sem.o(i.OS_SemPost)
    OS_StatTask                              0x08003a4d   Thumb Code   602  os_stat.o(i.OS_StatTask)
    OS_StatTaskInit                          0x08003cf1   Thumb Code   118  os_stat.o(i.OS_StatTaskInit)
    OS_TaskBlock                             0x08003dad   Thumb Code    42  os_core.o(i.OS_TaskBlock)
    OS_TaskDbgListAdd                        0x08003dd9   Thumb Code    30  os_task.o(i.OS_TaskDbgListAdd)
    OS_TaskDbgListRemove                     0x08003dfd   Thumb Code    50  os_task.o(i.OS_TaskDbgListRemove)
    OS_TaskInit                              0x08003e35   Thumb Code    18  os_task.o(i.OS_TaskInit)
    OS_TaskInitTCB                           0x08003e55   Thumb Code   188  os_task.o(i.OS_TaskInitTCB)
    OS_TaskQPost                             0x08003f1d   Thumb Code   310  os_task.o(i.OS_TaskQPost)
    OS_TaskRdy                               0x08004061   Thumb Code    28  os_core.o(i.OS_TaskRdy)
    OS_TaskResume                            0x0800407d   Thumb Code   252  os_task.o(i.OS_TaskResume)
    OS_TaskReturn                            0x0800417d   Thumb Code    20  os_task.o(i.OS_TaskReturn)
    OS_TaskSemPost                           0x08004195   Thumb Code   380  os_task.o(i.OS_TaskSemPost)
    OS_TaskSuspend                           0x0800431d   Thumb Code   224  os_task.o(i.OS_TaskSuspend)
    OS_TickListInit                          0x08004405   Thumb Code    34  os_tick.o(i.OS_TickListInit)
    OS_TickListInsert                        0x08004431   Thumb Code   202  os_tick.o(i.OS_TickListInsert)
    OS_TickListRemove                        0x08004509   Thumb Code    54  os_tick.o(i.OS_TickListRemove)
    OS_TickListResetPeak                     0x08004541   Thumb Code    30  os_tick.o(i.OS_TickListResetPeak)
    OS_TickListUpdate                        0x08004569   Thumb Code   354  os_tick.o(i.OS_TickListUpdate)
    OS_TickTask                              0x080046e5   Thumb Code    36  os_tick.o(i.OS_TickTask)
    OS_TickTaskInit                          0x0800470d   Thumb Code   112  os_tick.o(i.OS_TickTaskInit)
    OS_TmrInit                               0x080047b5   Thumb Code   172  os_tmr.o(i.OS_TmrInit)
    OS_TmrLink                               0x080048b9   Thumb Code   140  os_tmr.o(i.OS_TmrLink)
    OS_TmrResetPeak                          0x08004951   Thumb Code    30  os_tmr.o(i.OS_TmrResetPeak)
    OS_TmrTask                               0x08004979   Thumb Code   146  os_tmr.o(i.OS_TmrTask)
    OS_TmrUnlink                             0x08004a1d   Thumb Code    68  os_tmr.o(i.OS_TmrUnlink)
    One_measurement                          0x08004a69   Thumb Code    84  vl53l0x.o(i.One_measurement)
    SVC_Handler                              0x08004b1d   Thumb Code     2  stm32f1xx_it.o(i.SVC_Handler)
    SystemClock_Config                       0x08004b1f   Thumb Code   102  main.o(i.SystemClock_Config)
    SystemInit                               0x08004b85   Thumb Code    56  system_stm32f1xx.o(i.SystemInit)
    TIM_Base_SetConfig                       0x08004bcd   Thumb Code    94  stm32f1xx_hal_tim.o(i.TIM_Base_SetConfig)
    TIM_ETR_SetConfig                        0x08004c39   Thumb Code    20  stm32f1xx_hal_tim.o(i.TIM_ETR_SetConfig)
    TIM_OC2_SetConfig                        0x08004cad   Thumb Code    84  stm32f1xx_hal_tim.o(i.TIM_OC2_SetConfig)
    UsageFault_Handler                       0x08004f05   Thumb Code     2  stm32f1xx_it.o(i.UsageFault_Handler)
    VL53L0X_CheckAndLoadInterruptSettings    0x08004f09   Thumb Code   118  vl53l0x_api.o(i.VL53L0X_CheckAndLoadInterruptSettings)
    VL53L0X_ClearInterruptMask               0x08004f85   Thumb Code    76  vl53l0x_api.o(i.VL53L0X_ClearInterruptMask)
    VL53L0X_DataInit                         0x08004fd1   Thumb Code   400  vl53l0x_api.o(i.VL53L0X_DataInit)
    VL53L0X_GetDeviceInfo                    0x08005169   Thumb Code     4  vl53l0x_api.o(i.VL53L0X_GetDeviceInfo)
    VL53L0X_GetDeviceParameters              0x0800516d   Thumb Code   128  vl53l0x_api.o(i.VL53L0X_GetDeviceParameters)
    VL53L0X_GetFractionEnable                0x080051ed   Thumb Code    26  vl53l0x_api.o(i.VL53L0X_GetFractionEnable)
    VL53L0X_GetInterMeasurementPeriodMilliSeconds 0x08005207   Thumb Code    54  vl53l0x_api.o(i.VL53L0X_GetInterMeasurementPeriodMilliSeconds)
    VL53L0X_GetInterruptMaskStatus           0x0800523d   Thumb Code    34  vl53l0x_api.o(i.VL53L0X_GetInterruptMaskStatus)
    VL53L0X_GetInterruptThresholds           0x0800525f   Thumb Code    52  vl53l0x_api.o(i.VL53L0X_GetInterruptThresholds)
    VL53L0X_GetLimitCheckEnable              0x08005293   Thumb Code    24  vl53l0x_api.o(i.VL53L0X_GetLimitCheckEnable)
    VL53L0X_GetLimitCheckValue               0x080052ad   Thumb Code   122  vl53l0x_api.o(i.VL53L0X_GetLimitCheckValue)
    VL53L0X_GetMeasurementDataReady          0x08005327   Thumb Code    58  vl53l0x_api.o(i.VL53L0X_GetMeasurementDataReady)
    VL53L0X_GetMeasurementTimingBudgetMicroSeconds 0x08005361   Thumb Code     4  vl53l0x_api.o(i.VL53L0X_GetMeasurementTimingBudgetMicroSeconds)
    VL53L0X_GetOffsetCalibrationDataMicroMeter 0x08005365   Thumb Code     4  vl53l0x_api.o(i.VL53L0X_GetOffsetCalibrationDataMicroMeter)
    VL53L0X_GetPalErrorString                0x08005369   Thumb Code     4  vl53l0x_api.o(i.VL53L0X_GetPalErrorString)
    VL53L0X_GetRangingMeasurementData        0x0800536d   Thumb Code   300  vl53l0x_api.o(i.VL53L0X_GetRangingMeasurementData)
    VL53L0X_GetSequenceStepEnables           0x08005499   Thumb Code   114  vl53l0x_api.o(i.VL53L0X_GetSequenceStepEnables)
    VL53L0X_GetVcselPulsePeriod              0x0800550b   Thumb Code     4  vl53l0x_api.o(i.VL53L0X_GetVcselPulsePeriod)
    VL53L0X_GetWrapAroundCheckEnable         0x0800550f   Thumb Code    44  vl53l0x_api.o(i.VL53L0X_GetWrapAroundCheckEnable)
    VL53L0X_GetXTalkCompensationEnable       0x0800553b   Thumb Code    10  vl53l0x_api.o(i.VL53L0X_GetXTalkCompensationEnable)
    VL53L0X_GetXTalkCompensationRateMegaCps  0x08005545   Thumb Code    44  vl53l0x_api.o(i.VL53L0X_GetXTalkCompensationRateMegaCps)
    VL53L0X_PerformRefCalibration            0x08005571   Thumb Code     6  vl53l0x_api.o(i.VL53L0X_PerformRefCalibration)
    VL53L0X_PerformRefSpadManagement         0x08005577   Thumb Code     4  vl53l0x_api.o(i.VL53L0X_PerformRefSpadManagement)
    VL53L0X_PerformSingleMeasurement         0x0800557b   Thumb Code    34  vl53l0x_api.o(i.VL53L0X_PerformSingleMeasurement)
    VL53L0X_PerformSingleRangingMeasurement  0x0800559d   Thumb Code    52  vl53l0x_api.o(i.VL53L0X_PerformSingleRangingMeasurement)
    VL53L0X_PollingDelay                     0x080055d1   Thumb Code    18  vl53l0x_platform.o(i.VL53L0X_PollingDelay)
    VL53L0X_RdByte                           0x080055e3   Thumb Code    22  vl53l0x_platform.o(i.VL53L0X_RdByte)
    VL53L0X_RdDWord                          0x080055f9   Thumb Code    22  vl53l0x_platform.o(i.VL53L0X_RdDWord)
    VL53L0X_RdWord                           0x0800560f   Thumb Code    22  vl53l0x_platform.o(i.VL53L0X_RdWord)
    VL53L0X_ReadMulti                        0x08005625   Thumb Code    30  vl53l0x_platform.o(i.VL53L0X_ReadMulti)
    VL53L0X_SetDeviceAddress                 0x08005643   Thumb Code     8  vl53l0x_api.o(i.VL53L0X_SetDeviceAddress)
    VL53L0X_SetDeviceMode                    0x0800564b   Thumb Code    36  vl53l0x_api.o(i.VL53L0X_SetDeviceMode)
    VL53L0X_SetGpioConfig                    0x0800566f   Thumb Code   312  vl53l0x_api.o(i.VL53L0X_SetGpioConfig)
    VL53L0X_SetLimitCheckEnable              0x080057a9   Thumb Code   130  vl53l0x_api.o(i.VL53L0X_SetLimitCheckEnable)
    VL53L0X_SetLimitCheckValue               0x0800582b   Thumb Code    80  vl53l0x_api.o(i.VL53L0X_SetLimitCheckValue)
    VL53L0X_SetMeasurementTimingBudgetMicroSeconds 0x0800587b   Thumb Code     4  vl53l0x_api.o(i.VL53L0X_SetMeasurementTimingBudgetMicroSeconds)
    VL53L0X_SetRefCalibration                0x0800587f   Thumb Code     4  vl53l0x_api.o(i.VL53L0X_SetRefCalibration)
    VL53L0X_SetReferenceSpads                0x08005883   Thumb Code     4  vl53l0x_api.o(i.VL53L0X_SetReferenceSpads)
    VL53L0X_SetSequenceStepEnable            0x08005887   Thumb Code   174  vl53l0x_api.o(i.VL53L0X_SetSequenceStepEnable)
    VL53L0X_SetVcselPulsePeriod              0x08005935   Thumb Code     4  vl53l0x_api.o(i.VL53L0X_SetVcselPulsePeriod)
    VL53L0X_StartMeasurement                 0x08005939   Thumb Code   212  vl53l0x_api.o(i.VL53L0X_StartMeasurement)
    VL53L0X_StaticInit                       0x08005a0d   Thumb Code   366  vl53l0x_api.o(i.VL53L0X_StaticInit)
    VL53L0X_UpdateByte                       0x08005b81   Thumb Code    66  vl53l0x_platform.o(i.VL53L0X_UpdateByte)
    VL53L0X_WrByte                           0x08005bc3   Thumb Code    22  vl53l0x_platform.o(i.VL53L0X_WrByte)
    VL53L0X_WrWord                           0x08005bd9   Thumb Code    22  vl53l0x_platform.o(i.VL53L0X_WrWord)
    VL53L0X_WriteMulti                       0x08005bef   Thumb Code    30  vl53l0x_platform.o(i.VL53L0X_WriteMulti)
    VL53L0X_calc_dmax                        0x08005c0d   Thumb Code   212  vl53l0x_api_core.o(i.VL53L0X_calc_dmax)
    VL53L0X_calc_macro_period_ps             0x08005ce5   Thumb Code    16  vl53l0x_api_core.o(i.VL53L0X_calc_macro_period_ps)
    VL53L0X_calc_sigma_estimate              0x08005cf5   Thumb Code   538  vl53l0x_api_core.o(i.VL53L0X_calc_sigma_estimate)
    VL53L0X_calc_timeout_mclks               0x08005f1d   Thumb Code    34  vl53l0x_api_core.o(i.VL53L0X_calc_timeout_mclks)
    VL53L0X_calc_timeout_us                  0x08005f3f   Thumb Code    34  vl53l0x_api_core.o(i.VL53L0X_calc_timeout_us)
    VL53L0X_check_part_used                  0x08005f61   Thumb Code    60  vl53l0x_api_strings.o(i.VL53L0X_check_part_used)
    VL53L0X_decode_timeout                   0x08005f9d   Thumb Code    12  vl53l0x_api_core.o(i.VL53L0X_decode_timeout)
    VL53L0X_decode_vcsel_period              0x08005fa9   Thumb Code     8  vl53l0x_api_core.o(i.VL53L0X_decode_vcsel_period)
    VL53L0X_device_read_strobe               0x08005fb1   Thumb Code    74  vl53l0x_api_core.o(i.VL53L0X_device_read_strobe)
    VL53L0X_encode_timeout                   0x08005ffb   Thumb Code    30  vl53l0x_api_core.o(i.VL53L0X_encode_timeout)
    VL53L0X_encode_vcsel_period              0x08006019   Thumb Code    10  vl53l0x_api_core.o(i.VL53L0X_encode_vcsel_period)
    VL53L0X_get_device_info                  0x08006025   Thumb Code   108  vl53l0x_api_strings.o(i.VL53L0X_get_device_info)
    VL53L0X_get_info_from_device             0x080060d5   Thumb Code  1320  vl53l0x_api_core.o(i.VL53L0X_get_info_from_device)
    VL53L0X_get_measurement_timing_budget_micro_seconds 0x080065fd   Thumb Code   196  vl53l0x_api_core.o(i.VL53L0X_get_measurement_timing_budget_micro_seconds)
    VL53L0X_get_offset_calibration_data_micro_meter 0x080066c1   Thumb Code    50  vl53l0x_api_calibration.o(i.VL53L0X_get_offset_calibration_data_micro_meter)
    VL53L0X_get_pal_error_string             0x080066f5   Thumb Code   176  vl53l0x_api_strings.o(i.VL53L0X_get_pal_error_string)
    VL53L0X_get_pal_range_status             0x08006945   Thumb Code   486  vl53l0x_api_core.o(i.VL53L0X_get_pal_range_status)
    VL53L0X_get_total_signal_rate            0x08006b2b   Thumb Code    28  vl53l0x_api_core.o(i.VL53L0X_get_total_signal_rate)
    VL53L0X_get_total_xtalk_rate             0x08006b47   Thumb Code    46  vl53l0x_api_core.o(i.VL53L0X_get_total_xtalk_rate)
    VL53L0X_get_vcsel_pulse_period           0x08006b75   Thumb Code    48  vl53l0x_api_core.o(i.VL53L0X_get_vcsel_pulse_period)
    VL53L0X_isqrt                            0x08006ba5   Thumb Code    42  vl53l0x_api_core.o(i.VL53L0X_isqrt)
    VL53L0X_load_tuning_settings             0x08006bd1   Thumb Code   164  vl53l0x_api_core.o(i.VL53L0X_load_tuning_settings)
    VL53L0X_measurement_poll_for_completion  0x08006c75   Thumb Code    54  vl53l0x_api_core.o(i.VL53L0X_measurement_poll_for_completion)
    VL53L0X_perform_phase_calibration        0x08006cab   Thumb Code   116  vl53l0x_api_calibration.o(i.VL53L0X_perform_phase_calibration)
    VL53L0X_perform_ref_calibration          0x08006d1f   Thumb Code    64  vl53l0x_api_calibration.o(i.VL53L0X_perform_ref_calibration)
    VL53L0X_perform_ref_spad_management      0x08006d5f   Thumb Code   542  vl53l0x_api_calibration.o(i.VL53L0X_perform_ref_spad_management)
    VL53L0X_perform_single_ref_calibration   0x08006f7d   Thumb Code    56  vl53l0x_api_calibration.o(i.VL53L0X_perform_single_ref_calibration)
    VL53L0X_perform_vhv_calibration          0x08006fb5   Thumb Code   116  vl53l0x_api_calibration.o(i.VL53L0X_perform_vhv_calibration)
    VL53L0X_read_byte                        0x08007029   Thumb Code     6  vl53l0x_i2c.o(i.VL53L0X_read_byte)
    VL53L0X_read_dword                       0x0800702f   Thumb Code    44  vl53l0x_i2c.o(i.VL53L0X_read_dword)
    VL53L0X_read_multi                       0x0800705b   Thumb Code    22  vl53l0x_i2c.o(i.VL53L0X_read_multi)
    VL53L0X_read_word                        0x08007071   Thumb Code    28  vl53l0x_i2c.o(i.VL53L0X_read_word)
    VL53L0X_ref_calibration_io               0x0800708d   Thumb Code   178  vl53l0x_api_calibration.o(i.VL53L0X_ref_calibration_io)
    VL53L0X_set_measurement_timing_budget_micro_seconds 0x0800713f   Thumb Code   194  vl53l0x_api_core.o(i.VL53L0X_set_measurement_timing_budget_micro_seconds)
    VL53L0X_set_ref_calibration              0x08007201   Thumb Code    32  vl53l0x_api_calibration.o(i.VL53L0X_set_ref_calibration)
    VL53L0X_set_reference_spads              0x08007221   Thumb Code   166  vl53l0x_api_calibration.o(i.VL53L0X_set_reference_spads)
    VL53L0X_set_vcsel_pulse_period           0x080072c7   Thumb Code   544  vl53l0x_api_core.o(i.VL53L0X_set_vcsel_pulse_period)
    VL53L0X_write_byte                       0x080074e7   Thumb Code    12  vl53l0x_i2c.o(i.VL53L0X_write_byte)
    VL53L0X_write_multi                      0x080074f3   Thumb Code    22  vl53l0x_i2c.o(i.VL53L0X_write_multi)
    VL53L0X_write_word                       0x08007509   Thumb Code    50  vl53l0x_i2c.o(i.VL53L0X_write_word)
    VL_IIC_Read_nByte                        0x0800753d   Thumb Code   132  vl53l0x_i2c.o(i.VL_IIC_Read_nByte)
    VL_IIC_Write_nByte                       0x08007609   Thumb Code   112  vl53l0x_i2c.o(i.VL_IIC_Write_nByte)
    __0printf$8                              0x080076c5   Thumb Code    22  printf8.o(i.__0printf$8)
    __1printf$8                              0x080076c5   Thumb Code     0  printf8.o(i.__0printf$8)
    __2printf                                0x080076c5   Thumb Code     0  printf8.o(i.__0printf$8)
    __scatterload_copy                       0x08007705   Thumb Code    14  handlers.o(i.__scatterload_copy)
    __scatterload_null                       0x08007713   Thumb Code     2  handlers.o(i.__scatterload_null)
    __scatterload_zeroinit                   0x08007715   Thumb Code    14  handlers.o(i.__scatterload_zeroinit)
    enable_ref_spads                         0x08007b87   Thumb Code   148  vl53l0x_api_calibration.o(i.enable_ref_spads)
    enable_spad_bit                          0x08007c1b   Thumb Code    42  vl53l0x_api_calibration.o(i.enable_spad_bit)
    fputc                                    0x08007c45   Thumb Code    20  usart.o(i.fputc)
    get_next_good_spad                       0x08007c5d   Thumb Code    92  vl53l0x_api_calibration.o(i.get_next_good_spad)
    get_ref_spad_map                         0x08007cb9   Thumb Code    10  vl53l0x_api_calibration.o(i.get_ref_spad_map)
    get_sequence_step_timeout                0x08007cc3   Thumb Code   242  vl53l0x_api_core.o(i.get_sequence_step_timeout)
    hw_ms_delay                              0x08007db5   Thumb Code    32  delay.o(i.hw_ms_delay)
    hw_us_delay                              0x08007dd5   Thumb Code    42  delay.o(i.hw_us_delay)
    i2c_bus_init                             0x08007e25   Thumb Code    44  i2c.o(i.i2c_bus_init)
    i2c_xfer                                 0x08007eb9   Thumb Code   536  i2c.o(i.i2c_xfer)
    is_aperture                              0x08008191   Thumb Code    20  vl53l0x_api_calibration.o(i.is_aperture)
    launch_task                              0x080081a9   Thumb Code   164  task_launch.o(i.launch_task)
    main                                     0x08008281   Thumb Code   194  main.o(i.main)
    perform_ref_signal_measurement           0x08008361   Thumb Code   100  vl53l0x_api_calibration.o(i.perform_ref_signal_measurement)
    print_pal_error                          0x080083c5   Thumb Code    50  vl53l0x.o(i.print_pal_error)
    sequence_step_enabled                    0x08008421   Thumb Code    56  vl53l0x_api.o(i.sequence_step_enabled)
    set_ref_spad_map                         0x08008459   Thumb Code    10  vl53l0x_api_calibration.o(i.set_ref_spad_map)
    set_sequence_step_timeout                0x08008463   Thumb Code   258  vl53l0x_api_core.o(i.set_sequence_step_timeout)
    start_task                               0x08008565   Thumb Code   308  main.o(i.start_task)
    vl53l0x_Addr_set                         0x0800873d   Thumb Code   124  vl53l0x.o(i.vl53l0x_Addr_set)
    vl53l0x_init                             0x080087c5   Thumb Code   142  vl53l0x.o(i.vl53l0x_init)
    vl53l0x_reset                            0x08008861   Thumb Code    66  vl53l0x.o(i.vl53l0x_reset)
    vl53l0x_set_mode                         0x080088a9   Thumb Code   286  vl53l0x.o(i.vl53l0x_set_mode)
    i2c1_bus_ops                             0x080089cc   Data          20  i2c.o(.constdata)
    AHBPrescTable                            0x080089e0   Data          16  system_stm32f1xx.o(.constdata)
    APBPrescTable                            0x080089f0   Data           8  system_stm32f1xx.o(.constdata)
    OSCfg_IdleTaskStkBasePtr                 0x080089f8   Data           4  os_cfg_app.o(.constdata)
    OSCfg_IdleTaskStkLimit                   0x080089fc   Data           4  os_cfg_app.o(.constdata)
    OSCfg_IdleTaskStkSize                    0x08008a00   Data           4  os_cfg_app.o(.constdata)
    OSCfg_IntQBasePtr                        0x08008a04   Data           4  os_cfg_app.o(.constdata)
    OSCfg_IntQSize                           0x08008a08   Data           2  os_cfg_app.o(.constdata)
    OSCfg_IntQTaskStkBasePtr                 0x08008a0c   Data           4  os_cfg_app.o(.constdata)
    OSCfg_IntQTaskStkLimit                   0x08008a10   Data           4  os_cfg_app.o(.constdata)
    OSCfg_IntQTaskStkSize                    0x08008a14   Data           4  os_cfg_app.o(.constdata)
    OSCfg_ISRStkBasePtr                      0x08008a18   Data           4  os_cfg_app.o(.constdata)
    OSCfg_ISRStkSize                         0x08008a1c   Data           4  os_cfg_app.o(.constdata)
    OSCfg_MsgPoolSize                        0x08008a20   Data           2  os_cfg_app.o(.constdata)
    OSCfg_MsgPoolBasePtr                     0x08008a24   Data           4  os_cfg_app.o(.constdata)
    OSCfg_StatTaskPrio                       0x08008a28   Data           1  os_cfg_app.o(.constdata)
    OSCfg_StatTaskRate_Hz                    0x08008a2c   Data           4  os_cfg_app.o(.constdata)
    OSCfg_StatTaskStkBasePtr                 0x08008a30   Data           4  os_cfg_app.o(.constdata)
    OSCfg_StatTaskStkLimit                   0x08008a34   Data           4  os_cfg_app.o(.constdata)
    OSCfg_StatTaskStkSize                    0x08008a38   Data           4  os_cfg_app.o(.constdata)
    OSCfg_StkSizeMin                         0x08008a3c   Data           4  os_cfg_app.o(.constdata)
    OSCfg_TickRate_Hz                        0x08008a40   Data           4  os_cfg_app.o(.constdata)
    OSCfg_TickTaskPrio                       0x08008a44   Data           1  os_cfg_app.o(.constdata)
    OSCfg_TickTaskStkBasePtr                 0x08008a48   Data           4  os_cfg_app.o(.constdata)
    OSCfg_TickTaskStkLimit                   0x08008a4c   Data           4  os_cfg_app.o(.constdata)
    OSCfg_TickTaskStkSize                    0x08008a50   Data           4  os_cfg_app.o(.constdata)
    OSCfg_TickWheelSize                      0x08008a54   Data           2  os_cfg_app.o(.constdata)
    OSCfg_TmrTaskPrio                        0x08008a56   Data           1  os_cfg_app.o(.constdata)
    OSCfg_TmrTaskRate_Hz                     0x08008a58   Data           4  os_cfg_app.o(.constdata)
    OSCfg_TmrTaskStkBasePtr                  0x08008a5c   Data           4  os_cfg_app.o(.constdata)
    OSCfg_TmrTaskStkLimit                    0x08008a60   Data           4  os_cfg_app.o(.constdata)
    OSCfg_TmrTaskStkSize                     0x08008a64   Data           4  os_cfg_app.o(.constdata)
    OSCfg_TmrWheelSize                       0x08008a68   Data           2  os_cfg_app.o(.constdata)
    Region$$Table$$Base                      0x08008a6c   Number         0  anon$$obj.o(Region$$Table)
    Region$$Table$$Limit                     0x08008a8c   Number         0  anon$$obj.o(Region$$Table)
    ads7924_data_ready_flag                  0x20000000   Data           1  ads7924.o(.data)
    ads7924_data_12bits                      0x20000004   Data           8  ads7924.o(.data)
    ads7924_status                           0x2000000c   Data          23  ads7924.o(.data)
    master_launch_flag                       0x20000023   Data           1  task_launch.o(.data)
    AjustOK                                  0x20000024   Data           1  vl53l0x.o(.data)
    VhvSettings                              0x20000025   Data           1  vl53l0x.o(.data)
    PhaseCal                                 0x20000026   Data           1  vl53l0x.o(.data)
    isApertureSpads                          0x20000027   Data           1  vl53l0x.o(.data)
    refSpadCount                             0x20000028   Data           4  vl53l0x.o(.data)
    Mode_data                                0x2000002c   Data          56  vl53l0x.o(.data)
    DefaultTuningSettings                    0x20000064   Data         243  vl53l0x_api.o(.data)
    InterruptThresholdSettings               0x20000157   Data         438  vl53l0x_api.o(.data)
    refArrayQuadrants                        0x20000310   Data          16  vl53l0x_api_calibration.o(.data)
    uwTickFreq                               0x20000320   Data           1  stm32f1xx_hal.o(.data)
    uwTickPrio                               0x20000324   Data           4  stm32f1xx_hal.o(.data)
    uwTick                                   0x20000328   Data           4  stm32f1xx_hal.o(.data)
    SystemCoreClock                          0x2000032c   Data           4  system_stm32f1xx.o(.data)
    CPU_IntDisMeasCtr                        0x20000330   Data           2  cpu_core.o(.data)
    CPU_IntDisNestCtr                        0x20000332   Data           2  cpu_core.o(.data)
    CPU_TS_TmrFreq_Hz                        0x20000334   Data           4  cpu_core.o(.data)
    CPU_IntDisMeasStart_cnts                 0x20000338   Data           4  cpu_core.o(.data)
    CPU_IntDisMeasStop_cnts                  0x2000033c   Data           4  cpu_core.o(.data)
    CPU_IntDisMeasOvrhd_cnts                 0x20000340   Data           4  cpu_core.o(.data)
    CPU_IntDisMeasMaxCur_cnts                0x20000344   Data           4  cpu_core.o(.data)
    CPU_IntDisMeasMax_cnts                   0x20000348   Data           4  cpu_core.o(.data)
    OSPrioTbl                                0x2000034c   Data           4  os_prio.o(.data)
    OS_AppTaskCreateHookPtr                  0x20000350   Data           4  os_var.o(.data)
    OS_AppTaskDelHookPtr                     0x20000354   Data           4  os_var.o(.data)
    OS_AppTaskReturnHookPtr                  0x20000358   Data           4  os_var.o(.data)
    OS_AppIdleTaskHookPtr                    0x2000035c   Data           4  os_var.o(.data)
    OS_AppStatTaskHookPtr                    0x20000360   Data           4  os_var.o(.data)
    OS_AppTaskSwHookPtr                      0x20000364   Data           4  os_var.o(.data)
    OS_AppTimeTickHookPtr                    0x20000368   Data           4  os_var.o(.data)
    OSIdleTaskCtr                            0x2000036c   Data           4  os_var.o(.data)
    OSIntNestingCtr                          0x20000370   Data           1  os_var.o(.data)
    OSIntDisTimeMax                          0x20000374   Data           4  os_var.o(.data)
    OSRunning                                0x20000378   Data           1  os_var.o(.data)
    OSIntQInPtr                              0x2000037c   Data           4  os_var.o(.data)
    OSIntQOutPtr                             0x20000380   Data           4  os_var.o(.data)
    OSIntQNbrEntries                         0x20000384   Data           2  os_var.o(.data)
    OSIntQNbrEntriesMax                      0x20000386   Data           2  os_var.o(.data)
    OSIntQOvfCtr                             0x20000388   Data           2  os_var.o(.data)
    OSIntQTaskTimeMax                        0x2000038c   Data           4  os_var.o(.data)
    OSFlagDbgListPtr                         0x20000390   Data           4  os_var.o(.data)
    OSFlagQty                                0x20000394   Data           2  os_var.o(.data)
    OSMemDbgListPtr                          0x20000398   Data           4  os_var.o(.data)
    OSMemQty                                 0x2000039c   Data           2  os_var.o(.data)
    OSMutexDbgListPtr                        0x200003a0   Data           4  os_var.o(.data)
    OSMutexQty                               0x200003a4   Data           2  os_var.o(.data)
    OSPrioCur                                0x200003a6   Data           1  os_var.o(.data)
    OSPrioHighRdy                            0x200003a7   Data           1  os_var.o(.data)
    OSPrioSaved                              0x200003a8   Data           1  os_var.o(.data)
    OSQDbgListPtr                            0x200003ac   Data           4  os_var.o(.data)
    OSQQty                                   0x200003b0   Data           2  os_var.o(.data)
    OSSchedLockTimeBegin                     0x200003b4   Data           4  os_var.o(.data)
    OSSchedLockTimeMax                       0x200003b8   Data           4  os_var.o(.data)
    OSSchedLockTimeMaxCur                    0x200003bc   Data           4  os_var.o(.data)
    OSSchedLockNestingCtr                    0x200003c0   Data           1  os_var.o(.data)
    OSSchedRoundRobinDfltTimeQuanta          0x200003c4   Data           4  os_var.o(.data)
    OSSchedRoundRobinEn                      0x200003c8   Data           1  os_var.o(.data)
    OSSemDbgListPtr                          0x200003cc   Data           4  os_var.o(.data)
    OSSemQty                                 0x200003d0   Data           2  os_var.o(.data)
    OSStatResetFlag                          0x200003d2   Data           1  os_var.o(.data)
    OSStatTaskCPUUsage                       0x200003d4   Data           2  os_var.o(.data)
    OSStatTaskCPUUsageMax                    0x200003d6   Data           2  os_var.o(.data)
    OSStatTaskCtr                            0x200003d8   Data           4  os_var.o(.data)
    OSStatTaskCtrMax                         0x200003dc   Data           4  os_var.o(.data)
    OSStatTaskCtrRun                         0x200003e0   Data           4  os_var.o(.data)
    OSStatTaskRdy                            0x200003e4   Data           1  os_var.o(.data)
    OSStatTaskTimeMax                        0x200003e8   Data           4  os_var.o(.data)
    OSTaskCtxSwCtr                           0x200003ec   Data           4  os_var.o(.data)
    OSTaskDbgListPtr                         0x200003f0   Data           4  os_var.o(.data)
    OSTaskQty                                0x200003f4   Data           2  os_var.o(.data)
    OSTaskRegNextAvailID                     0x200003f6   Data           1  os_var.o(.data)
    OSTickCtr                                0x200003f8   Data           4  os_var.o(.data)
    OSTickTaskTimeMax                        0x200003fc   Data           4  os_var.o(.data)
    OSTmrDbgListPtr                          0x20000400   Data           4  os_var.o(.data)
    OSTmrTaskTimeMax                         0x20000404   Data           4  os_var.o(.data)
    OSTmrTickCtr                             0x20000408   Data           4  os_var.o(.data)
    OSTmrUpdateCnt                           0x2000040c   Data           4  os_var.o(.data)
    OSTmrUpdateCtr                           0x20000410   Data           4  os_var.o(.data)
    OSTCBCurPtr                              0x20000414   Data           4  os_var.o(.data)
    OSTCBHighRdyPtr                          0x20000418   Data           4  os_var.o(.data)
    OS_CPU_ExceptStkBase                     0x2000041c   Data           4  os_cpu_c.o(.data)
    __stdout                                 0x20000420   Data           4  stdout.o(.data)
    i2c1_bus_device                          0x20000424   Data          16  i2c.o(.bss)
    StartTaskTCB                             0x20000438   Data         200  main.o(.bss)
    START_TASK_STK                           0x20000500   Data        1024  main.o(.bss)
    hiwdg                                    0x20000900   Data          12  iwdg.o(.bss)
    htim1                                    0x2000090c   Data          64  tim.o(.bss)
    htim4                                    0x2000094c   Data          64  tim.o(.bss)
    huart2                                   0x2000098c   Data          64  usart.o(.bss)
    LaunchTaskTCB                            0x200009cc   Data         200  task_launch.o(.bss)
    LAUNCH_TASK_STK                          0x20000a98   Data        1024  task_launch.o(.bss)
    task_lock                                0x20000e98   Data          44  task_launch.o(.bss)
    vl53l0x_dev                              0x20000ec4   Data         352  vl53l0x.o(.bss)
    vl53l0x_dev_info                         0x20001024   Data          99  vl53l0x.o(.bss)
    vl53l0x_data                             0x20001088   Data          28  vl53l0x.o(.bss)
    CPU_Name                                 0x200010a4   Data          16  cpu_core.o(.bss)
    OSCfg_IdleTaskStk                        0x200010b4   Data         512  os_cfg_app.o(.bss)
    OSCfg_IntQ                               0x200012b4   Data         320  os_cfg_app.o(.bss)
    OSCfg_IntQTaskStk                        0x200013f4   Data         512  os_cfg_app.o(.bss)
    OSCfg_ISRStk                             0x200015f4   Data         512  os_cfg_app.o(.bss)
    OSCfg_MsgPool                            0x200017f4   Data        1600  os_cfg_app.o(.bss)
    OSCfg_StatTaskStk                        0x20001e34   Data         512  os_cfg_app.o(.bss)
    OSCfg_TickTaskStk                        0x20002034   Data         512  os_cfg_app.o(.bss)
    OSCfg_TickWheel                          0x20002234   Data         136  os_cfg_app.o(.bss)
    OSCfg_TmrTaskStk                         0x200022bc   Data         512  os_cfg_app.o(.bss)
    OSCfg_TmrWheel                           0x200024bc   Data         136  os_cfg_app.o(.bss)
    OSIdleTaskTCB                            0x20002544   Data         200  os_var.o(.bss)
    OSIntQTaskTCB                            0x2000260c   Data         200  os_var.o(.bss)
    OSMsgPool                                0x200026d4   Data          12  os_var.o(.bss)
    OSRdyList                                0x200026e0   Data         384  os_var.o(.bss)
    OSStatTaskTCB                            0x20002860   Data         200  os_var.o(.bss)
    OSTickTaskTCB                            0x20002928   Data         200  os_var.o(.bss)
    OSTmrTaskTCB                             0x200029f0   Data         200  os_var.o(.bss)
    __initial_sp                             0x20002eb8   Data           0  startup_stm32f103xb.o(STACK)



==============================================================================

Memory Map of the image

  Image Entry point : 0x080000ed

  Load Region LR_IROM1 (Base: 0x08000000, Size: 0x00008eb0, Max: 0x00010000, ABSOLUTE, COMPRESSED[0x00008d54])

    Execution Region ER_IROM1 (Exec base: 0x08000000, Load base: 0x08000000, Size: 0x00008a8c, Max: 0x00010000, ABSOLUTE)

    Exec Addr    Load Addr    Size         Type   Attr      Idx    E Section Name        Object

    0x08000000   0x08000000   0x000000ec   Data   RO            3    RESET               startup_stm32f103xb.o
    0x080000ec   0x080000ec   0x00000000   Code   RO         6493  * .ARM.Collect$$$$00000000  mc_w.l(entry.o)
    0x080000ec   0x080000ec   0x00000004   Code   RO         6769    .ARM.Collect$$$$00000001  mc_w.l(entry2.o)
    0x080000f0   0x080000f0   0x00000004   Code   RO         6772    .ARM.Collect$$$$00000004  mc_w.l(entry5.o)
    0x080000f4   0x080000f4   0x00000000   Code   RO         6774    .ARM.Collect$$$$00000008  mc_w.l(entry7b.o)
    0x080000f4   0x080000f4   0x00000000   Code   RO         6776    .ARM.Collect$$$$0000000A  mc_w.l(entry8b.o)
    0x080000f4   0x080000f4   0x00000008   Code   RO         6777    .ARM.Collect$$$$0000000B  mc_w.l(entry9a.o)
    0x080000fc   0x080000fc   0x00000000   Code   RO         6779    .ARM.Collect$$$$0000000D  mc_w.l(entry10a.o)
    0x080000fc   0x080000fc   0x00000000   Code   RO         6781    .ARM.Collect$$$$0000000F  mc_w.l(entry11a.o)
    0x080000fc   0x080000fc   0x00000004   Code   RO         6770    .ARM.Collect$$$$00002712  mc_w.l(entry2.o)
    0x08000100   0x08000100   0x00000024   Code   RO            4    .text               startup_stm32f103xb.o
    0x08000124   0x08000124   0x00000034   Code   RO         4626    .text               cpu_a.o
    0x08000158   0x08000158   0x00000062   Code   RO         6496    .text               mc_w.l(uldiv.o)
    0x080001ba   0x080001ba   0x00000020   Code   RO         6498    .text               mc_w.l(llushr.o)
    0x080001da   0x080001da   0x00000024   Code   RO         6500    .text               mc_w.l(memcpya.o)
    0x080001fe   0x080001fe   0x00000024   Code   RO         6502    .text               mc_w.l(memseta.o)
    0x08000222   0x08000222   0x00000012   Code   RO         6504    .text               mc_w.l(strcpy.o)
    0x08000234   0x08000234   0x0000001e   Code   RO         6786    .text               mc_w.l(llshl.o)
    0x08000252   0x08000252   0x00000002   PAD
    0x08000254   0x08000254   0x00000024   Code   RO         6799    .text               mc_w.l(init.o)
    0x08000278   0x08000278   0x00000056   Code   RO         6813    .text               mc_w.l(__dczerorl2.o)
    0x080002ce   0x080002ce   0x00000002   PAD
    0x080002d0   0x080002d0   0x00000084   Code   RO         6424    CODE                os_cpu_a.o
    0x08000354   0x08000354   0x000000dc   Code   RO          516    i.App_OS_IdleTaskHook  iwdg.o
    0x08000430   0x08000430   0x0000007c   Code   RO         6430    i.App_OS_SetAllHooks  os_app_hooks.o
    0x080004ac   0x080004ac   0x00000002   Code   RO         6431    i.App_OS_StatTaskHook  os_app_hooks.o
    0x080004ae   0x080004ae   0x00000002   Code   RO         6432    i.App_OS_TaskCreateHook  os_app_hooks.o
    0x080004b0   0x080004b0   0x00000002   Code   RO         6433    i.App_OS_TaskDelHook  os_app_hooks.o
    0x080004b2   0x080004b2   0x00000002   Code   RO         6434    i.App_OS_TaskReturnHook  os_app_hooks.o
    0x080004b4   0x080004b4   0x00000002   Code   RO         6435    i.App_OS_TaskSwHook  os_app_hooks.o
    0x080004b6   0x080004b6   0x00000002   Code   RO         6436    i.App_OS_TimeTickHook  os_app_hooks.o
    0x080004b8   0x080004b8   0x00000002   Code   RO          657    i.BusFault_Handler  stm32f1xx_it.o
    0x080004ba   0x080004ba   0x00000002   PAD
    0x080004bc   0x080004bc   0x0000001c   Code   RO         4474    i.CPU_Init          cpu_core.o
    0x080004d8   0x080004d8   0x0000004c   Code   RO         4475    i.CPU_IntDisMeasInit  cpu_core.o
    0x08000524   0x08000524   0x00000014   Code   RO         4476    i.CPU_IntDisMeasMaxCalc  cpu_core.o
    0x08000538   0x08000538   0x0000001c   Code   RO         4477    i.CPU_IntDisMeasMaxCurGet  cpu_core.o
    0x08000554   0x08000554   0x00000020   Code   RO         4478    i.CPU_IntDisMeasMaxCurReset  cpu_core.o
    0x08000574   0x08000574   0x0000001c   Code   RO         4479    i.CPU_IntDisMeasMaxGet  cpu_core.o
    0x08000590   0x08000590   0x00000020   Code   RO         4480    i.CPU_IntDisMeasStart  cpu_core.o
    0x080005b0   0x080005b0   0x00000030   Code   RO         4481    i.CPU_IntDisMeasStop  cpu_core.o
    0x080005e0   0x080005e0   0x00000028   Code   RO         4482    i.CPU_NameClr       cpu_core.o
    0x08000608   0x08000608   0x0000000c   Code   RO         4488    i.CPU_TS_TmrFreqSet  cpu_core.o
    0x08000614   0x08000614   0x00000030   Code   RO         4419    i.CPU_TS_TmrInit    bsp.o
    0x08000644   0x08000644   0x0000000c   Code   RO         4420    i.CPU_TS_TmrRd      bsp.o
    0x08000650   0x08000650   0x00000002   Code   RO          658    i.DebugMon_Handler  stm32f1xx_it.o
    0x08000652   0x08000652   0x00000006   Code   RO          659    i.EXTI1_IRQHandler  stm32f1xx_it.o
    0x08000658   0x08000658   0x00000014   Code   RO          660    i.EXTI4_IRQHandler  stm32f1xx_it.o
    0x0800066c   0x0800066c   0x00000048   Code   RO          380    i.Error_Handler     main.o
    0x080006b4   0x080006b4   0x0000001c   Code   RO          485    i.HAL_GPIO_EXTI_Callback  gpio.o
    0x080006d0   0x080006d0   0x00000018   Code   RO         3718    i.HAL_GPIO_EXTI_IRQHandler  stm32f1xx_hal_gpio.o
    0x080006e8   0x080006e8   0x000001e0   Code   RO         3719    i.HAL_GPIO_Init     stm32f1xx_hal_gpio.o
    0x080008c8   0x080008c8   0x0000000a   Code   RO         3721    i.HAL_GPIO_ReadPin  stm32f1xx_hal_gpio.o
    0x080008d2   0x080008d2   0x0000000a   Code   RO         3723    i.HAL_GPIO_WritePin  stm32f1xx_hal_gpio.o
    0x080008dc   0x080008dc   0x0000000c   Code   RO         3415    i.HAL_GetTick       stm32f1xx_hal.o
    0x080008e8   0x080008e8   0x00000052   Code   RO         2120    i.HAL_IWDG_Init     stm32f1xx_hal_iwdg.o
    0x0800093a   0x0800093a   0x0000000c   Code   RO         2121    i.HAL_IWDG_Refresh  stm32f1xx_hal_iwdg.o
    0x08000946   0x08000946   0x00000002   PAD
    0x08000948   0x08000948   0x00000024   Code   RO         3422    i.HAL_Init          stm32f1xx_hal.o
    0x0800096c   0x0800096c   0x00000040   Code   RO         3423    i.HAL_InitTick      stm32f1xx_hal.o
    0x080009ac   0x080009ac   0x00000044   Code   RO          744    i.HAL_MspInit       stm32f1xx_hal_msp.o
    0x080009f0   0x080009f0   0x0000001a   Code   RO         3879    i.HAL_NVIC_EnableIRQ  stm32f1xx_hal_cortex.o
    0x08000a0a   0x08000a0a   0x00000002   PAD
    0x08000a0c   0x08000a0c   0x00000040   Code   RO         3885    i.HAL_NVIC_SetPriority  stm32f1xx_hal_cortex.o
    0x08000a4c   0x08000a4c   0x00000024   Code   RO         3886    i.HAL_NVIC_SetPriorityGrouping  stm32f1xx_hal_cortex.o
    0x08000a70   0x08000a70   0x00000066   Code   RO          254    i.HAL_RCC_CSSCallback  delay.o
    0x08000ad6   0x08000ad6   0x00000002   PAD
    0x08000ad8   0x08000ad8   0x0000012c   Code   RO         3579    i.HAL_RCC_ClockConfig  stm32f1xx_hal_rcc.o
    0x08000c04   0x08000c04   0x0000000c   Code   RO         3582    i.HAL_RCC_EnableCSS  stm32f1xx_hal_rcc.o
    0x08000c10   0x08000c10   0x0000000c   Code   RO         3584    i.HAL_RCC_GetHCLKFreq  stm32f1xx_hal_rcc.o
    0x08000c1c   0x08000c1c   0x00000020   Code   RO         3586    i.HAL_RCC_GetPCLK1Freq  stm32f1xx_hal_rcc.o
    0x08000c3c   0x08000c3c   0x00000020   Code   RO         3587    i.HAL_RCC_GetPCLK2Freq  stm32f1xx_hal_rcc.o
    0x08000c5c   0x08000c5c   0x0000006c   Code   RO         3588    i.HAL_RCC_GetSysClockFreq  stm32f1xx_hal_rcc.o
    0x08000cc8   0x08000cc8   0x00000018   Code   RO         3590    i.HAL_RCC_NMI_IRQHandler  stm32f1xx_hal_rcc.o
    0x08000ce0   0x08000ce0   0x00000320   Code   RO         3591    i.HAL_RCC_OscConfig  stm32f1xx_hal_rcc.o
    0x08001000   0x08001000   0x00000028   Code   RO         3890    i.HAL_SYSTICK_Config  stm32f1xx_hal_cortex.o
    0x08001028   0x08001028   0x00000054   Code   RO         2830    i.HAL_TIMEx_ConfigBreakDeadTime  stm32f1xx_hal_tim_ex.o
    0x0800107c   0x0800107c   0x00000042   Code   RO         2845    i.HAL_TIMEx_MasterConfigSynchronization  stm32f1xx_hal_tim_ex.o
    0x080010be   0x080010be   0x00000036   Code   RO         2152    i.HAL_TIM_Base_Init  stm32f1xx_hal_tim.o
    0x080010f4   0x080010f4   0x00000040   Code   RO          556    i.HAL_TIM_Base_MspInit  tim.o
    0x08001134   0x08001134   0x000000d6   Code   RO         2161    i.HAL_TIM_ConfigClockSource  stm32f1xx_hal_tim.o
    0x0800120a   0x0800120a   0x00000002   PAD
    0x0800120c   0x0800120c   0x0000007c   Code   RO          557    i.HAL_TIM_MspPostInit  tim.o
    0x08001288   0x08001288   0x000000d0   Code   RO         2219    i.HAL_TIM_PWM_ConfigChannel  stm32f1xx_hal_tim.o
    0x08001358   0x08001358   0x00000036   Code   RO         2222    i.HAL_TIM_PWM_Init  stm32f1xx_hal_tim.o
    0x0800138e   0x0800138e   0x00000002   Code   RO         2224    i.HAL_TIM_PWM_MspInit  stm32f1xx_hal_tim.o
    0x08001390   0x08001390   0x00000062   Code   RO         3103    i.HAL_UART_Init     stm32f1xx_hal_uart.o
    0x080013f2   0x080013f2   0x00000002   PAD
    0x080013f4   0x080013f4   0x00000070   Code   RO          610    i.HAL_UART_MspInit  usart.o
    0x08001464   0x08001464   0x000000ba   Code   RO         3111    i.HAL_UART_Transmit  stm32f1xx_hal_uart.o
    0x0800151e   0x0800151e   0x00000002   Code   RO          661    i.HardFault_Handler  stm32f1xx_it.o
    0x08001520   0x08001520   0x00000082   Code   RO           13    i.I2C_Read_Byte     i2c.o
    0x080015a2   0x080015a2   0x00000046   Code   RO           14    i.I2C_Send_Byte     i2c.o
    0x080015e8   0x080015e8   0x00000032   Code   RO           15    i.I2C_Stop          i2c.o
    0x0800161a   0x0800161a   0x00000002   PAD
    0x0800161c   0x0800161c   0x00000088   Code   RO           16    i.I2C_Wait_Ack      i2c.o
    0x080016a4   0x080016a4   0x00000148   Code   RO          486    i.MX_GPIO_Init      gpio.o
    0x080017ec   0x080017ec   0x0000002c   Code   RO          517    i.MX_IWDG_Init      iwdg.o
    0x08001818   0x08001818   0x000000f8   Code   RO          558    i.MX_TIM1_Init      tim.o
    0x08001910   0x08001910   0x000000c8   Code   RO          559    i.MX_TIM4_Init      tim.o
    0x080019d8   0x080019d8   0x00000038   Code   RO          611    i.MX_USART2_UART_Init  usart.o
    0x08001a10   0x08001a10   0x00000002   Code   RO          662    i.MemManage_Handler  stm32f1xx_it.o
    0x08001a12   0x08001a12   0x00000008   Code   RO         4817    i.Mem_Clr           lib_mem.o
    0x08001a1a   0x08001a1a   0x00000002   PAD
    0x08001a1c   0x08001a1c   0x0000004c   Code   RO         4834    i.Mem_Set           lib_mem.o
    0x08001a68   0x08001a68   0x00000004   Code   RO          663    i.NMI_Handler       stm32f1xx_it.o
    0x08001a6c   0x08001a6c   0x00000002   Code   RO         5091    i.OSCfg_Init        os_cfg_app.o
    0x08001a6e   0x08001a6e   0x00000002   PAD
    0x08001a70   0x08001a70   0x00000010   Code   RO         6331    i.OSIdleTaskHook    os_cpu_c.o
    0x08001a80   0x08001a80   0x00000184   Code   RO         5163    i.OSInit            os_core.o
    0x08001c04   0x08001c04   0x00000034   Code   RO         6332    i.OSInitHook        os_cpu_c.o
    0x08001c38   0x08001c38   0x00000020   Code   RO         5164    i.OSIntEnter        os_core.o
    0x08001c58   0x08001c58   0x00000090   Code   RO         5165    i.OSIntExit         os_core.o
    0x08001ce8   0x08001ce8   0x000000b0   Code   RO         5602    i.OSMutexCreate     os_mutex.o
    0x08001d98   0x08001d98   0x0000007c   Code   RO         5166    i.OSSched           os_core.o
    0x08001e14   0x08001e14   0x0000005c   Code   RO         5167    i.OSSchedLock       os_core.o
    0x08001e70   0x08001e70   0x00000058   Code   RO         5168    i.OSSchedRoundRobinCfg  os_core.o
    0x08001ec8   0x08001ec8   0x00000074   Code   RO         5170    i.OSSchedUnlock     os_core.o
    0x08001f3c   0x08001f3c   0x00000058   Code   RO         5171    i.OSStart           os_core.o
    0x08001f94   0x08001f94   0x000000f8   Code   RO         5873    i.OSStatReset       os_stat.o
    0x0800208c   0x0800208c   0x000000b4   Code   RO         5874    i.OSStatTaskCPUUsageInit  os_stat.o
    0x08002140   0x08002140   0x00000010   Code   RO         6333    i.OSStatTaskHook    os_cpu_c.o
    0x08002150   0x08002150   0x000001f8   Code   RO         5904    i.OSTaskCreate      os_task.o
    0x08002348   0x08002348   0x00000010   Code   RO         6334    i.OSTaskCreateHook  os_cpu_c.o
    0x08002358   0x08002358   0x0000016c   Code   RO         5905    i.OSTaskDel         os_task.o
    0x080024c4   0x080024c4   0x00000010   Code   RO         6335    i.OSTaskDelHook     os_cpu_c.o
    0x080024d4   0x080024d4   0x00000070   Code   RO         5913    i.OSTaskResume      os_task.o
    0x08002544   0x08002544   0x00000010   Code   RO         6336    i.OSTaskReturnHook  os_cpu_c.o
    0x08002554   0x08002554   0x00000170   Code   RO         5914    i.OSTaskSemPend     os_task.o
    0x080026c4   0x080026c4   0x000000ac   Code   RO         5918    i.OSTaskStkChk      os_task.o
    0x08002770   0x08002770   0x00000070   Code   RO         6337    i.OSTaskStkInit     os_cpu_c.o
    0x080027e0   0x080027e0   0x00000054   Code   RO         5919    i.OSTaskSuspend     os_task.o
    0x08002834   0x08002834   0x00000068   Code   RO         6338    i.OSTaskSwHook      os_cpu_c.o
    0x0800289c   0x0800289c   0x000000ec   Code   RO         6119    i.OSTimeDly         os_time.o
    0x08002988   0x08002988   0x00000188   Code   RO         6120    i.OSTimeDlyHMSM     os_time.o
    0x08002b10   0x08002b10   0x00000040   Code   RO         6124    i.OSTimeTick        os_time.o
    0x08002b50   0x08002b50   0x00000010   Code   RO         6339    i.OSTimeTickHook    os_cpu_c.o
    0x08002b60   0x08002b60   0x00000030   Code   RO         6340    i.OS_CPU_SysTickHandler  os_cpu_c.o
    0x08002b90   0x08002b90   0x00000002   Code   RO         5401    i.OS_Dbg_Init       os_dbg.o
    0x08002b92   0x08002b92   0x00000002   PAD
    0x08002b94   0x08002b94   0x00000018   Code   RO         5427    i.OS_FlagInit       os_flag.o
    0x08002bac   0x08002bac   0x00000188   Code   RO         5428    i.OS_FlagPost       os_flag.o
    0x08002d34   0x08002d34   0x00000044   Code   RO         5429    i.OS_FlagTaskRdy    os_flag.o
    0x08002d78   0x08002d78   0x00000034   Code   RO         5173    i.OS_IdleTask       os_core.o
    0x08002dac   0x08002dac   0x00000068   Code   RO         5174    i.OS_IdleTaskInit   os_core.o
    0x08002e14   0x08002e14   0x000000b8   Code   RO         5500    i.OS_IntQPost       os_int.o
    0x08002ecc   0x08002ecc   0x0000011c   Code   RO         5501    i.OS_IntQRePost     os_int.o
    0x08002fe8   0x08002fe8   0x00000088   Code   RO         5502    i.OS_IntQTask       os_int.o
    0x08003070   0x08003070   0x00000118   Code   RO         5503    i.OS_IntQTaskInit   os_int.o
    0x08003188   0x08003188   0x00000018   Code   RO         5534    i.OS_MemInit        os_mem.o
    0x080031a0   0x080031a0   0x00000068   Code   RO         5566    i.OS_MsgPoolInit    os_msg.o
    0x08003208   0x08003208   0x00000034   Code   RO         5567    i.OS_MsgQFreeAll    os_msg.o
    0x0800323c   0x0800323c   0x0000000e   Code   RO         5569    i.OS_MsgQInit       os_msg.o
    0x0800324a   0x0800324a   0x00000002   PAD
    0x0800324c   0x0800324c   0x00000088   Code   RO         5570    i.OS_MsgQPut        os_msg.o
    0x080032d4   0x080032d4   0x00000024   Code   RO         5608    i.OS_MutexDbgListAdd  os_mutex.o
    0x080032f8   0x080032f8   0x00000018   Code   RO         5610    i.OS_MutexInit      os_mutex.o
    0x08003310   0x08003310   0x00000050   Code   RO         5175    i.OS_Pend           os_core.o
    0x08003360   0x08003360   0x00000030   Code   RO         5178    i.OS_PendDataInit   os_core.o
    0x08003390   0x08003390   0x00000048   Code   RO         5179    i.OS_PendDbgNameAdd  os_core.o
    0x080033d8   0x080033d8   0x0000001c   Code   RO         5180    i.OS_PendDbgNameRemove  os_core.o
    0x080033f4   0x080033f4   0x0000000a   Code   RO         5182    i.OS_PendListInit   os_core.o
    0x080033fe   0x080033fe   0x0000005a   Code   RO         5184    i.OS_PendListInsertPrio  os_core.o
    0x08003458   0x08003458   0x00000026   Code   RO         5185    i.OS_PendListRemove  os_core.o
    0x0800347e   0x0800347e   0x00000036   Code   RO         5186    i.OS_PendListRemove1  os_core.o
    0x080034b4   0x080034b4   0x00000098   Code   RO         5189    i.OS_Post           os_core.o
    0x0800354c   0x0800354c   0x00000026   Code   RO         5190    i.OS_Post1          os_core.o
    0x08003572   0x08003572   0x00000002   PAD
    0x08003574   0x08003574   0x00000024   Code   RO         5692    i.OS_PrioGetHighest  os_prio.o
    0x08003598   0x08003598   0x0000000c   Code   RO         5693    i.OS_PrioInit       os_prio.o
    0x080035a4   0x080035a4   0x00000020   Code   RO         5694    i.OS_PrioInsert     os_prio.o
    0x080035c4   0x080035c4   0x00000020   Code   RO         5695    i.OS_PrioRemove     os_prio.o
    0x080035e4   0x080035e4   0x00000018   Code   RO         5738    i.OS_QInit          os_q.o
    0x080035fc   0x080035fc   0x00000104   Code   RO         5739    i.OS_QPost          os_q.o
    0x08003700   0x08003700   0x00000024   Code   RO         5191    i.OS_RdyListInit    os_core.o
    0x08003724   0x08003724   0x00000030   Code   RO         5192    i.OS_RdyListInsert  os_core.o
    0x08003754   0x08003754   0x00000038   Code   RO         5193    i.OS_RdyListInsertHead  os_core.o
    0x0800378c   0x0800378c   0x00000034   Code   RO         5194    i.OS_RdyListInsertTail  os_core.o
    0x080037c0   0x080037c0   0x00000034   Code   RO         5195    i.OS_RdyListMoveHeadToTail  os_core.o
    0x080037f4   0x080037f4   0x00000054   Code   RO         5196    i.OS_RdyListRemove  os_core.o
    0x08003848   0x08003848   0x00000048   Code   RO         5197    i.OS_Sched0         os_core.o
    0x08003890   0x08003890   0x0000001c   Code   RO         5198    i.OS_SchedLockTimeMeasStart  os_core.o
    0x080038ac   0x080038ac   0x0000003c   Code   RO         5199    i.OS_SchedLockTimeMeasStop  os_core.o
    0x080038e8   0x080038e8   0x00000068   Code   RO         5200    i.OS_SchedRoundRobin  os_core.o
    0x08003950   0x08003950   0x00000018   Code   RO         5810    i.OS_SemInit        os_sem.o
    0x08003968   0x08003968   0x000000e4   Code   RO         5811    i.OS_SemPost        os_sem.o
    0x08003a4c   0x08003a4c   0x000002a4   Code   RO         5875    i.OS_StatTask       os_stat.o
    0x08003cf0   0x08003cf0   0x000000bc   Code   RO         5876    i.OS_StatTaskInit   os_stat.o
    0x08003dac   0x08003dac   0x0000002a   Code   RO         5201    i.OS_TaskBlock      os_core.o
    0x08003dd6   0x08003dd6   0x00000002   PAD
    0x08003dd8   0x08003dd8   0x00000024   Code   RO         5921    i.OS_TaskDbgListAdd  os_task.o
    0x08003dfc   0x08003dfc   0x00000038   Code   RO         5922    i.OS_TaskDbgListRemove  os_task.o
    0x08003e34   0x08003e34   0x00000020   Code   RO         5923    i.OS_TaskInit       os_task.o
    0x08003e54   0x08003e54   0x000000c8   Code   RO         5924    i.OS_TaskInitTCB    os_task.o
    0x08003f1c   0x08003f1c   0x00000144   Code   RO         5925    i.OS_TaskQPost      os_task.o
    0x08004060   0x08004060   0x0000001c   Code   RO         5202    i.OS_TaskRdy        os_core.o
    0x0800407c   0x0800407c   0x00000100   Code   RO         5926    i.OS_TaskResume     os_task.o
    0x0800417c   0x0800417c   0x00000018   Code   RO         5927    i.OS_TaskReturn     os_task.o
    0x08004194   0x08004194   0x00000188   Code   RO         5928    i.OS_TaskSemPost    os_task.o
    0x0800431c   0x0800431c   0x000000e8   Code   RO         5929    i.OS_TaskSuspend    os_task.o
    0x08004404   0x08004404   0x0000002c   Code   RO         6071    i.OS_TickListInit   os_tick.o
    0x08004430   0x08004430   0x000000d8   Code   RO         6072    i.OS_TickListInsert  os_tick.o
    0x08004508   0x08004508   0x00000036   Code   RO         6073    i.OS_TickListRemove  os_tick.o
    0x0800453e   0x0800453e   0x00000002   PAD
    0x08004540   0x08004540   0x00000028   Code   RO         6074    i.OS_TickListResetPeak  os_tick.o
    0x08004568   0x08004568   0x0000017c   Code   RO         6075    i.OS_TickListUpdate  os_tick.o
    0x080046e4   0x080046e4   0x00000028   Code   RO         6076    i.OS_TickTask       os_tick.o
    0x0800470c   0x0800470c   0x000000a8   Code   RO         6077    i.OS_TickTaskInit   os_tick.o
    0x080047b4   0x080047b4   0x00000104   Code   RO         6170    i.OS_TmrInit        os_tmr.o
    0x080048b8   0x080048b8   0x00000098   Code   RO         6171    i.OS_TmrLink        os_tmr.o
    0x08004950   0x08004950   0x00000028   Code   RO         6172    i.OS_TmrResetPeak   os_tmr.o
    0x08004978   0x08004978   0x000000a4   Code   RO         6173    i.OS_TmrTask        os_tmr.o
    0x08004a1c   0x08004a1c   0x0000004c   Code   RO         6174    i.OS_TmrUnlink      os_tmr.o
    0x08004a68   0x08004a68   0x000000b4   Code   RO          835    i.One_measurement   vl53l0x.o
    0x08004b1c   0x08004b1c   0x00000002   Code   RO          665    i.SVC_Handler       stm32f1xx_it.o
    0x08004b1e   0x08004b1e   0x00000066   Code   RO          381    i.SystemClock_Config  main.o
    0x08004b84   0x08004b84   0x00000048   Code   RO         4380    i.SystemInit        system_stm32f1xx.o
    0x08004bcc   0x08004bcc   0x0000006c   Code   RO         2240    i.TIM_Base_SetConfig  stm32f1xx_hal_tim.o
    0x08004c38   0x08004c38   0x00000014   Code   RO         2251    i.TIM_ETR_SetConfig  stm32f1xx_hal_tim.o
    0x08004c4c   0x08004c4c   0x00000010   Code   RO         2252    i.TIM_ITRx_SetConfig  stm32f1xx_hal_tim.o
    0x08004c5c   0x08004c5c   0x00000050   Code   RO         2253    i.TIM_OC1_SetConfig  stm32f1xx_hal_tim.o
    0x08004cac   0x08004cac   0x00000058   Code   RO         2254    i.TIM_OC2_SetConfig  stm32f1xx_hal_tim.o
    0x08004d04   0x08004d04   0x00000058   Code   RO         2255    i.TIM_OC3_SetConfig  stm32f1xx_hal_tim.o
    0x08004d5c   0x08004d5c   0x00000044   Code   RO         2256    i.TIM_OC4_SetConfig  stm32f1xx_hal_tim.o
    0x08004da0   0x08004da0   0x00000022   Code   RO         2258    i.TIM_TI1_ConfigInputStage  stm32f1xx_hal_tim.o
    0x08004dc2   0x08004dc2   0x00000024   Code   RO         2260    i.TIM_TI2_ConfigInputStage  stm32f1xx_hal_tim.o
    0x08004de6   0x08004de6   0x00000002   PAD
    0x08004de8   0x08004de8   0x000000b8   Code   RO         3129    i.UART_SetConfig    stm32f1xx_hal_uart.o
    0x08004ea0   0x08004ea0   0x00000064   Code   RO         3131    i.UART_WaitOnFlagUntilTimeout  stm32f1xx_hal_uart.o
    0x08004f04   0x08004f04   0x00000002   Code   RO          667    i.UsageFault_Handler  stm32f1xx_it.o
    0x08004f06   0x08004f06   0x00000002   PAD
    0x08004f08   0x08004f08   0x0000007c   Code   RO         1067    i.VL53L0X_CheckAndLoadInterruptSettings  vl53l0x_api.o
    0x08004f84   0x08004f84   0x0000004c   Code   RO         1068    i.VL53L0X_ClearInterruptMask  vl53l0x_api.o
    0x08004fd0   0x08004fd0   0x00000198   Code   RO         1069    i.VL53L0X_DataInit  vl53l0x_api.o
    0x08005168   0x08005168   0x00000004   Code   RO         1073    i.VL53L0X_GetDeviceInfo  vl53l0x_api.o
    0x0800516c   0x0800516c   0x00000080   Code   RO         1075    i.VL53L0X_GetDeviceParameters  vl53l0x_api.o
    0x080051ec   0x080051ec   0x0000001a   Code   RO         1077    i.VL53L0X_GetFractionEnable  vl53l0x_api.o
    0x08005206   0x08005206   0x00000036   Code   RO         1081    i.VL53L0X_GetInterMeasurementPeriodMilliSeconds  vl53l0x_api.o
    0x0800523c   0x0800523c   0x00000022   Code   RO         1082    i.VL53L0X_GetInterruptMaskStatus  vl53l0x_api.o
    0x0800525e   0x0800525e   0x00000034   Code   RO         1083    i.VL53L0X_GetInterruptThresholds  vl53l0x_api.o
    0x08005292   0x08005292   0x00000018   Code   RO         1085    i.VL53L0X_GetLimitCheckEnable  vl53l0x_api.o
    0x080052aa   0x080052aa   0x00000002   PAD
    0x080052ac   0x080052ac   0x0000007a   Code   RO         1088    i.VL53L0X_GetLimitCheckValue  vl53l0x_api.o
    0x08005326   0x08005326   0x0000003a   Code   RO         1091    i.VL53L0X_GetMeasurementDataReady  vl53l0x_api.o
    0x08005360   0x08005360   0x00000004   Code   RO         1093    i.VL53L0X_GetMeasurementTimingBudgetMicroSeconds  vl53l0x_api.o
    0x08005364   0x08005364   0x00000004   Code   RO         1097    i.VL53L0X_GetOffsetCalibrationDataMicroMeter  vl53l0x_api.o
    0x08005368   0x08005368   0x00000004   Code   RO         1098    i.VL53L0X_GetPalErrorString  vl53l0x_api.o
    0x0800536c   0x0800536c   0x0000012c   Code   RO         1105    i.VL53L0X_GetRangingMeasurementData  vl53l0x_api.o
    0x08005498   0x08005498   0x00000072   Code   RO         1109    i.VL53L0X_GetSequenceStepEnables  vl53l0x_api.o
    0x0800550a   0x0800550a   0x00000004   Code   RO         1118    i.VL53L0X_GetVcselPulsePeriod  vl53l0x_api.o
    0x0800550e   0x0800550e   0x0000002c   Code   RO         1120    i.VL53L0X_GetWrapAroundCheckEnable  vl53l0x_api.o
    0x0800553a   0x0800553a   0x0000000a   Code   RO         1121    i.VL53L0X_GetXTalkCompensationEnable  vl53l0x_api.o
    0x08005544   0x08005544   0x0000002c   Code   RO         1122    i.VL53L0X_GetXTalkCompensationRateMegaCps  vl53l0x_api.o
    0x08005570   0x08005570   0x00000006   Code   RO         1124    i.VL53L0X_PerformRefCalibration  vl53l0x_api.o
    0x08005576   0x08005576   0x00000004   Code   RO         1125    i.VL53L0X_PerformRefSpadManagement  vl53l0x_api.o
    0x0800557a   0x0800557a   0x00000022   Code   RO         1127    i.VL53L0X_PerformSingleMeasurement  vl53l0x_api.o
    0x0800559c   0x0800559c   0x00000034   Code   RO         1128    i.VL53L0X_PerformSingleRangingMeasurement  vl53l0x_api.o
    0x080055d0   0x080055d0   0x00000012   Code   RO          989    i.VL53L0X_PollingDelay  vl53l0x_platform.o
    0x080055e2   0x080055e2   0x00000016   Code   RO          990    i.VL53L0X_RdByte    vl53l0x_platform.o
    0x080055f8   0x080055f8   0x00000016   Code   RO          991    i.VL53L0X_RdDWord   vl53l0x_platform.o
    0x0800560e   0x0800560e   0x00000016   Code   RO          992    i.VL53L0X_RdWord    vl53l0x_platform.o
    0x08005624   0x08005624   0x0000001e   Code   RO          993    i.VL53L0X_ReadMulti  vl53l0x_platform.o
    0x08005642   0x08005642   0x00000008   Code   RO         1132    i.VL53L0X_SetDeviceAddress  vl53l0x_api.o
    0x0800564a   0x0800564a   0x00000024   Code   RO         1133    i.VL53L0X_SetDeviceMode  vl53l0x_api.o
    0x0800566e   0x0800566e   0x00000138   Code   RO         1136    i.VL53L0X_SetGpioConfig  vl53l0x_api.o
    0x080057a6   0x080057a6   0x00000002   PAD
    0x080057a8   0x080057a8   0x00000082   Code   RO         1141    i.VL53L0X_SetLimitCheckEnable  vl53l0x_api.o
    0x0800582a   0x0800582a   0x00000050   Code   RO         1142    i.VL53L0X_SetLimitCheckValue  vl53l0x_api.o
    0x0800587a   0x0800587a   0x00000004   Code   RO         1144    i.VL53L0X_SetMeasurementTimingBudgetMicroSeconds  vl53l0x_api.o
    0x0800587e   0x0800587e   0x00000004   Code   RO         1149    i.VL53L0X_SetRefCalibration  vl53l0x_api.o
    0x08005882   0x08005882   0x00000004   Code   RO         1150    i.VL53L0X_SetReferenceSpads  vl53l0x_api.o
    0x08005886   0x08005886   0x000000ae   Code   RO         1151    i.VL53L0X_SetSequenceStepEnable  vl53l0x_api.o
    0x08005934   0x08005934   0x00000004   Code   RO         1156    i.VL53L0X_SetVcselPulsePeriod  vl53l0x_api.o
    0x08005938   0x08005938   0x000000d4   Code   RO         1160    i.VL53L0X_StartMeasurement  vl53l0x_api.o
    0x08005a0c   0x08005a0c   0x00000174   Code   RO         1161    i.VL53L0X_StaticInit  vl53l0x_api.o
    0x08005b80   0x08005b80   0x00000042   Code   RO          994    i.VL53L0X_UpdateByte  vl53l0x_platform.o
    0x08005bc2   0x08005bc2   0x00000016   Code   RO          995    i.VL53L0X_WrByte    vl53l0x_platform.o
    0x08005bd8   0x08005bd8   0x00000016   Code   RO          997    i.VL53L0X_WrWord    vl53l0x_platform.o
    0x08005bee   0x08005bee   0x0000001e   Code   RO          998    i.VL53L0X_WriteMulti  vl53l0x_platform.o
    0x08005c0c   0x08005c0c   0x000000d8   Code   RO         1841    i.VL53L0X_calc_dmax  vl53l0x_api_core.o
    0x08005ce4   0x08005ce4   0x00000010   Code   RO         1842    i.VL53L0X_calc_macro_period_ps  vl53l0x_api_core.o
    0x08005cf4   0x08005cf4   0x00000228   Code   RO         1843    i.VL53L0X_calc_sigma_estimate  vl53l0x_api_core.o
    0x08005f1c   0x08005f1c   0x00000022   Code   RO         1844    i.VL53L0X_calc_timeout_mclks  vl53l0x_api_core.o
    0x08005f3e   0x08005f3e   0x00000022   Code   RO         1845    i.VL53L0X_calc_timeout_us  vl53l0x_api_core.o
    0x08005f60   0x08005f60   0x0000003c   Code   RO         2018    i.VL53L0X_check_part_used  vl53l0x_api_strings.o
    0x08005f9c   0x08005f9c   0x0000000c   Code   RO         1846    i.VL53L0X_decode_timeout  vl53l0x_api_core.o
    0x08005fa8   0x08005fa8   0x00000008   Code   RO         1847    i.VL53L0X_decode_vcsel_period  vl53l0x_api_core.o
    0x08005fb0   0x08005fb0   0x0000004a   Code   RO         1848    i.VL53L0X_device_read_strobe  vl53l0x_api_core.o
    0x08005ffa   0x08005ffa   0x0000001e   Code   RO         1849    i.VL53L0X_encode_timeout  vl53l0x_api_core.o
    0x08006018   0x08006018   0x0000000a   Code   RO         1850    i.VL53L0X_encode_vcsel_period  vl53l0x_api_core.o
    0x08006022   0x08006022   0x00000002   PAD
    0x08006024   0x08006024   0x000000b0   Code   RO         2020    i.VL53L0X_get_device_info  vl53l0x_api_strings.o
    0x080060d4   0x080060d4   0x00000528   Code   RO         1851    i.VL53L0X_get_info_from_device  vl53l0x_api_core.o
    0x080065fc   0x080065fc   0x000000c4   Code   RO         1852    i.VL53L0X_get_measurement_timing_budget_micro_seconds  vl53l0x_api_core.o
    0x080066c0   0x080066c0   0x00000032   Code   RO         1686    i.VL53L0X_get_offset_calibration_data_micro_meter  vl53l0x_api_calibration.o
    0x080066f2   0x080066f2   0x00000002   PAD
    0x080066f4   0x080066f4   0x00000250   Code   RO         2022    i.VL53L0X_get_pal_error_string  vl53l0x_api_strings.o
    0x08006944   0x08006944   0x000001e6   Code   RO         1853    i.VL53L0X_get_pal_range_status  vl53l0x_api_core.o
    0x08006b2a   0x08006b2a   0x0000001c   Code   RO         1854    i.VL53L0X_get_total_signal_rate  vl53l0x_api_core.o
    0x08006b46   0x08006b46   0x0000002e   Code   RO         1855    i.VL53L0X_get_total_xtalk_rate  vl53l0x_api_core.o
    0x08006b74   0x08006b74   0x00000030   Code   RO         1856    i.VL53L0X_get_vcsel_pulse_period  vl53l0x_api_core.o
    0x08006ba4   0x08006ba4   0x0000002a   Code   RO         1857    i.VL53L0X_isqrt     vl53l0x_api_core.o
    0x08006bce   0x08006bce   0x00000002   PAD
    0x08006bd0   0x08006bd0   0x000000a4   Code   RO         1858    i.VL53L0X_load_tuning_settings  vl53l0x_api_core.o
    0x08006c74   0x08006c74   0x00000036   Code   RO         1859    i.VL53L0X_measurement_poll_for_completion  vl53l0x_api_core.o
    0x08006caa   0x08006caa   0x00000074   Code   RO         1690    i.VL53L0X_perform_phase_calibration  vl53l0x_api_calibration.o
    0x08006d1e   0x08006d1e   0x00000040   Code   RO         1691    i.VL53L0X_perform_ref_calibration  vl53l0x_api_calibration.o
    0x08006d5e   0x08006d5e   0x0000021e   Code   RO         1692    i.VL53L0X_perform_ref_spad_management  vl53l0x_api_calibration.o
    0x08006f7c   0x08006f7c   0x00000038   Code   RO         1693    i.VL53L0X_perform_single_ref_calibration  vl53l0x_api_calibration.o
    0x08006fb4   0x08006fb4   0x00000074   Code   RO         1694    i.VL53L0X_perform_vhv_calibration  vl53l0x_api_calibration.o
    0x08007028   0x08007028   0x00000006   Code   RO          909    i.VL53L0X_read_byte  vl53l0x_i2c.o
    0x0800702e   0x0800702e   0x0000002c   Code   RO          910    i.VL53L0X_read_dword  vl53l0x_i2c.o
    0x0800705a   0x0800705a   0x00000016   Code   RO          911    i.VL53L0X_read_multi  vl53l0x_i2c.o
    0x08007070   0x08007070   0x0000001c   Code   RO          912    i.VL53L0X_read_word  vl53l0x_i2c.o
    0x0800708c   0x0800708c   0x000000b2   Code   RO         1696    i.VL53L0X_ref_calibration_io  vl53l0x_api_calibration.o
    0x0800713e   0x0800713e   0x000000c2   Code   RO         1862    i.VL53L0X_set_measurement_timing_budget_micro_seconds  vl53l0x_api_core.o
    0x08007200   0x08007200   0x00000020   Code   RO         1698    i.VL53L0X_set_ref_calibration  vl53l0x_api_calibration.o
    0x08007220   0x08007220   0x000000a6   Code   RO         1699    i.VL53L0X_set_reference_spads  vl53l0x_api_calibration.o
    0x080072c6   0x080072c6   0x00000220   Code   RO         1863    i.VL53L0X_set_vcsel_pulse_period  vl53l0x_api_core.o
    0x080074e6   0x080074e6   0x0000000c   Code   RO          913    i.VL53L0X_write_byte  vl53l0x_i2c.o
    0x080074f2   0x080074f2   0x00000016   Code   RO          915    i.VL53L0X_write_multi  vl53l0x_i2c.o
    0x08007508   0x08007508   0x00000032   Code   RO          916    i.VL53L0X_write_word  vl53l0x_i2c.o
    0x0800753a   0x0800753a   0x00000002   PAD
    0x0800753c   0x0800753c   0x000000cc   Code   RO          917    i.VL_IIC_Read_nByte  vl53l0x_i2c.o
    0x08007608   0x08007608   0x000000bc   Code   RO          918    i.VL_IIC_Write_nByte  vl53l0x_i2c.o
    0x080076c4   0x080076c4   0x00000020   Code   RO         6715    i.__0printf$8       mc_w.l(printf8.o)
    0x080076e4   0x080076e4   0x00000020   Code   RO         3892    i.__NVIC_SetPriority  stm32f1xx_hal_cortex.o
    0x08007704   0x08007704   0x0000000e   Code   RO         6807    i.__scatterload_copy  mc_w.l(handlers.o)
    0x08007712   0x08007712   0x00000002   Code   RO         6808    i.__scatterload_null  mc_w.l(handlers.o)
    0x08007714   0x08007714   0x0000000e   Code   RO         6809    i.__scatterload_zeroinit  mc_w.l(handlers.o)
    0x08007722   0x08007722   0x00000002   PAD
    0x08007724   0x08007724   0x00000410   Code   RO         6722    i._printf_core      mc_w.l(printf8.o)
    0x08007b34   0x08007b34   0x00000024   Code   RO         6723    i._printf_post_padding  mc_w.l(printf8.o)
    0x08007b58   0x08007b58   0x0000002e   Code   RO         6724    i._printf_pre_padding  mc_w.l(printf8.o)
    0x08007b86   0x08007b86   0x00000094   Code   RO         1701    i.enable_ref_spads  vl53l0x_api_calibration.o
    0x08007c1a   0x08007c1a   0x0000002a   Code   RO         1702    i.enable_spad_bit   vl53l0x_api_calibration.o
    0x08007c44   0x08007c44   0x00000018   Code   RO          612    i.fputc             usart.o
    0x08007c5c   0x08007c5c   0x0000005c   Code   RO         1703    i.get_next_good_spad  vl53l0x_api_calibration.o
    0x08007cb8   0x08007cb8   0x0000000a   Code   RO         1704    i.get_ref_spad_map  vl53l0x_api_calibration.o
    0x08007cc2   0x08007cc2   0x000000f2   Code   RO         1864    i.get_sequence_step_timeout  vl53l0x_api_core.o
    0x08007db4   0x08007db4   0x00000020   Code   RO          255    i.hw_ms_delay       delay.o
    0x08007dd4   0x08007dd4   0x00000034   Code   RO          256    i.hw_us_delay       delay.o
    0x08007e08   0x08007e08   0x0000001c   Code   RO           17    i.i2c1_scl_out      i2c.o
    0x08007e24   0x08007e24   0x00000034   Code   RO           18    i.i2c_bus_init      i2c.o
    0x08007e58   0x08007e58   0x00000004   Code   RO           19    i.i2c_delay_us      i2c.o
    0x08007e5c   0x08007e5c   0x00000018   Code   RO           20    i.i2c_sda_in        i2c.o
    0x08007e74   0x08007e74   0x00000028   Code   RO           21    i.i2c_sda_mode      i2c.o
    0x08007e9c   0x08007e9c   0x0000001c   Code   RO           22    i.i2c_sda_out       i2c.o
    0x08007eb8   0x08007eb8   0x000002d8   Code   RO           23    i.i2c_xfer          i2c.o
    0x08008190   0x08008190   0x00000018   Code   RO         1705    i.is_aperture       vl53l0x_api_calibration.o
    0x080081a8   0x080081a8   0x000000d8   Code   RO          802    i.launch_task       task_launch.o
    0x08008280   0x08008280   0x000000e0   Code   RO          382    i.main              main.o
    0x08008360   0x08008360   0x00000064   Code   RO         1706    i.perform_ref_signal_measurement  vl53l0x_api_calibration.o
    0x080083c4   0x080083c4   0x0000005c   Code   RO          837    i.print_pal_error   vl53l0x.o
    0x08008420   0x08008420   0x00000038   Code   RO         1165    i.sequence_step_enabled  vl53l0x_api.o
    0x08008458   0x08008458   0x0000000a   Code   RO         1707    i.set_ref_spad_map  vl53l0x_api_calibration.o
    0x08008462   0x08008462   0x00000102   Code   RO         1865    i.set_sequence_step_timeout  vl53l0x_api_core.o
    0x08008564   0x08008564   0x000001d8   Code   RO          383    i.start_task        main.o
    0x0800873c   0x0800873c   0x00000088   Code   RO          838    i.vl53l0x_Addr_set  vl53l0x.o
    0x080087c4   0x080087c4   0x0000009c   Code   RO          840    i.vl53l0x_init      vl53l0x.o
    0x08008860   0x08008860   0x00000048   Code   RO          841    i.vl53l0x_reset     vl53l0x.o
    0x080088a8   0x080088a8   0x00000124   Code   RO          842    i.vl53l0x_set_mode  vl53l0x.o
    0x080089cc   0x080089cc   0x00000014   Data   RO           25    .constdata          i2c.o
    0x080089e0   0x080089e0   0x00000010   Data   RO         4381    .constdata          system_stm32f1xx.o
    0x080089f0   0x080089f0   0x00000008   Data   RO         4382    .constdata          system_stm32f1xx.o
    0x080089f8   0x080089f8   0x00000004   Data   RO         5102    .constdata          os_cfg_app.o
    0x080089fc   0x080089fc   0x00000004   Data   RO         5103    .constdata          os_cfg_app.o
    0x08008a00   0x08008a00   0x00000004   Data   RO         5104    .constdata          os_cfg_app.o
    0x08008a04   0x08008a04   0x00000004   Data   RO         5106    .constdata          os_cfg_app.o
    0x08008a08   0x08008a08   0x00000002   Data   RO         5107    .constdata          os_cfg_app.o
    0x08008a0a   0x08008a0a   0x00000002   PAD
    0x08008a0c   0x08008a0c   0x00000004   Data   RO         5109    .constdata          os_cfg_app.o
    0x08008a10   0x08008a10   0x00000004   Data   RO         5110    .constdata          os_cfg_app.o
    0x08008a14   0x08008a14   0x00000004   Data   RO         5111    .constdata          os_cfg_app.o
    0x08008a18   0x08008a18   0x00000004   Data   RO         5113    .constdata          os_cfg_app.o
    0x08008a1c   0x08008a1c   0x00000004   Data   RO         5114    .constdata          os_cfg_app.o
    0x08008a20   0x08008a20   0x00000002   Data   RO         5116    .constdata          os_cfg_app.o
    0x08008a22   0x08008a22   0x00000002   PAD
    0x08008a24   0x08008a24   0x00000004   Data   RO         5118    .constdata          os_cfg_app.o
    0x08008a28   0x08008a28   0x00000001   Data   RO         5119    .constdata          os_cfg_app.o
    0x08008a29   0x08008a29   0x00000003   PAD
    0x08008a2c   0x08008a2c   0x00000004   Data   RO         5120    .constdata          os_cfg_app.o
    0x08008a30   0x08008a30   0x00000004   Data   RO         5121    .constdata          os_cfg_app.o
    0x08008a34   0x08008a34   0x00000004   Data   RO         5122    .constdata          os_cfg_app.o
    0x08008a38   0x08008a38   0x00000004   Data   RO         5123    .constdata          os_cfg_app.o
    0x08008a3c   0x08008a3c   0x00000004   Data   RO         5125    .constdata          os_cfg_app.o
    0x08008a40   0x08008a40   0x00000004   Data   RO         5126    .constdata          os_cfg_app.o
    0x08008a44   0x08008a44   0x00000001   Data   RO         5127    .constdata          os_cfg_app.o
    0x08008a45   0x08008a45   0x00000003   PAD
    0x08008a48   0x08008a48   0x00000004   Data   RO         5128    .constdata          os_cfg_app.o
    0x08008a4c   0x08008a4c   0x00000004   Data   RO         5129    .constdata          os_cfg_app.o
    0x08008a50   0x08008a50   0x00000004   Data   RO         5130    .constdata          os_cfg_app.o
    0x08008a54   0x08008a54   0x00000002   Data   RO         5132    .constdata          os_cfg_app.o
    0x08008a56   0x08008a56   0x00000001   Data   RO         5134    .constdata          os_cfg_app.o
    0x08008a57   0x08008a57   0x00000001   PAD
    0x08008a58   0x08008a58   0x00000004   Data   RO         5135    .constdata          os_cfg_app.o
    0x08008a5c   0x08008a5c   0x00000004   Data   RO         5136    .constdata          os_cfg_app.o
    0x08008a60   0x08008a60   0x00000004   Data   RO         5137    .constdata          os_cfg_app.o
    0x08008a64   0x08008a64   0x00000004   Data   RO         5138    .constdata          os_cfg_app.o
    0x08008a68   0x08008a68   0x00000002   Data   RO         5140    .constdata          os_cfg_app.o
    0x08008a6a   0x08008a6a   0x00000002   PAD
    0x08008a6c   0x08008a6c   0x00000020   Data   RO         6805    Region$$Table       anon$$obj.o


    Execution Region RW_IRAM1 (Exec base: 0x20000000, Load base: 0x08008a8c, Size: 0x00002eb8, Max: 0x00005000, ABSOLUTE, COMPRESSED[0x000002c8])

    Exec Addr    Load Addr    Size         Type   Attr      Idx    E Section Name        Object

    0x20000000   COMPRESSED   0x00000023   Data   RW          301    .data               ads7924.o
    0x20000023   COMPRESSED   0x00000001   Data   RW          806    .data               task_launch.o
    0x20000024   COMPRESSED   0x00000040   Data   RW          844    .data               vl53l0x.o
    0x20000064   COMPRESSED   0x000002a9   Data   RW         1166    .data               vl53l0x_api.o
    0x2000030d   COMPRESSED   0x00000003   PAD
    0x20000310   COMPRESSED   0x00000010   Data   RW         1708    .data               vl53l0x_api_calibration.o
    0x20000320   COMPRESSED   0x0000000c   Data   RW         3429    .data               stm32f1xx_hal.o
    0x2000032c   COMPRESSED   0x00000004   Data   RW         4383    .data               system_stm32f1xx.o
    0x20000330   COMPRESSED   0x0000001c   Data   RW         4492    .data               cpu_core.o
    0x2000034c   COMPRESSED   0x00000004   Data   RW         5696    .data               os_prio.o
    0x20000350   COMPRESSED   0x00000004   Data   RW         6258    .data               os_var.o
    0x20000354   COMPRESSED   0x00000004   Data   RW         6259    .data               os_var.o
    0x20000358   COMPRESSED   0x00000004   Data   RW         6260    .data               os_var.o
    0x2000035c   COMPRESSED   0x00000004   Data   RW         6261    .data               os_var.o
    0x20000360   COMPRESSED   0x00000004   Data   RW         6262    .data               os_var.o
    0x20000364   COMPRESSED   0x00000004   Data   RW         6263    .data               os_var.o
    0x20000368   COMPRESSED   0x00000004   Data   RW         6264    .data               os_var.o
    0x2000036c   COMPRESSED   0x00000004   Data   RW         6265    .data               os_var.o
    0x20000370   COMPRESSED   0x00000001   Data   RW         6266    .data               os_var.o
    0x20000371   COMPRESSED   0x00000003   PAD
    0x20000374   COMPRESSED   0x00000004   Data   RW         6267    .data               os_var.o
    0x20000378   COMPRESSED   0x00000001   Data   RW         6268    .data               os_var.o
    0x20000379   COMPRESSED   0x00000003   PAD
    0x2000037c   COMPRESSED   0x00000004   Data   RW         6269    .data               os_var.o
    0x20000380   COMPRESSED   0x00000004   Data   RW         6270    .data               os_var.o
    0x20000384   COMPRESSED   0x00000002   Data   RW         6271    .data               os_var.o
    0x20000386   COMPRESSED   0x00000002   Data   RW         6272    .data               os_var.o
    0x20000388   COMPRESSED   0x00000002   Data   RW         6273    .data               os_var.o
    0x2000038a   COMPRESSED   0x00000002   PAD
    0x2000038c   COMPRESSED   0x00000004   Data   RW         6274    .data               os_var.o
    0x20000390   COMPRESSED   0x00000004   Data   RW         6275    .data               os_var.o
    0x20000394   COMPRESSED   0x00000002   Data   RW         6276    .data               os_var.o
    0x20000396   COMPRESSED   0x00000002   PAD
    0x20000398   COMPRESSED   0x00000004   Data   RW         6277    .data               os_var.o
    0x2000039c   COMPRESSED   0x00000002   Data   RW         6278    .data               os_var.o
    0x2000039e   COMPRESSED   0x00000002   PAD
    0x200003a0   COMPRESSED   0x00000004   Data   RW         6279    .data               os_var.o
    0x200003a4   COMPRESSED   0x00000002   Data   RW         6280    .data               os_var.o
    0x200003a6   COMPRESSED   0x00000001   Data   RW         6281    .data               os_var.o
    0x200003a7   COMPRESSED   0x00000001   Data   RW         6282    .data               os_var.o
    0x200003a8   COMPRESSED   0x00000001   Data   RW         6283    .data               os_var.o
    0x200003a9   COMPRESSED   0x00000003   PAD
    0x200003ac   COMPRESSED   0x00000004   Data   RW         6284    .data               os_var.o
    0x200003b0   COMPRESSED   0x00000002   Data   RW         6285    .data               os_var.o
    0x200003b2   COMPRESSED   0x00000002   PAD
    0x200003b4   COMPRESSED   0x00000004   Data   RW         6286    .data               os_var.o
    0x200003b8   COMPRESSED   0x00000004   Data   RW         6287    .data               os_var.o
    0x200003bc   COMPRESSED   0x00000004   Data   RW         6288    .data               os_var.o
    0x200003c0   COMPRESSED   0x00000001   Data   RW         6289    .data               os_var.o
    0x200003c1   COMPRESSED   0x00000003   PAD
    0x200003c4   COMPRESSED   0x00000004   Data   RW         6290    .data               os_var.o
    0x200003c8   COMPRESSED   0x00000001   Data   RW         6291    .data               os_var.o
    0x200003c9   COMPRESSED   0x00000003   PAD
    0x200003cc   COMPRESSED   0x00000004   Data   RW         6292    .data               os_var.o
    0x200003d0   COMPRESSED   0x00000002   Data   RW         6293    .data               os_var.o
    0x200003d2   COMPRESSED   0x00000001   Data   RW         6294    .data               os_var.o
    0x200003d3   COMPRESSED   0x00000001   PAD
    0x200003d4   COMPRESSED   0x00000002   Data   RW         6295    .data               os_var.o
    0x200003d6   COMPRESSED   0x00000002   Data   RW         6296    .data               os_var.o
    0x200003d8   COMPRESSED   0x00000004   Data   RW         6297    .data               os_var.o
    0x200003dc   COMPRESSED   0x00000004   Data   RW         6298    .data               os_var.o
    0x200003e0   COMPRESSED   0x00000004   Data   RW         6299    .data               os_var.o
    0x200003e4   COMPRESSED   0x00000001   Data   RW         6300    .data               os_var.o
    0x200003e5   COMPRESSED   0x00000003   PAD
    0x200003e8   COMPRESSED   0x00000004   Data   RW         6301    .data               os_var.o
    0x200003ec   COMPRESSED   0x00000004   Data   RW         6302    .data               os_var.o
    0x200003f0   COMPRESSED   0x00000004   Data   RW         6303    .data               os_var.o
    0x200003f4   COMPRESSED   0x00000002   Data   RW         6304    .data               os_var.o
    0x200003f6   COMPRESSED   0x00000001   Data   RW         6305    .data               os_var.o
    0x200003f7   COMPRESSED   0x00000001   PAD
    0x200003f8   COMPRESSED   0x00000004   Data   RW         6306    .data               os_var.o
    0x200003fc   COMPRESSED   0x00000004   Data   RW         6307    .data               os_var.o
    0x20000400   COMPRESSED   0x00000004   Data   RW         6308    .data               os_var.o
    0x20000404   COMPRESSED   0x00000004   Data   RW         6310    .data               os_var.o
    0x20000408   COMPRESSED   0x00000004   Data   RW         6311    .data               os_var.o
    0x2000040c   COMPRESSED   0x00000004   Data   RW         6312    .data               os_var.o
    0x20000410   COMPRESSED   0x00000004   Data   RW         6313    .data               os_var.o
    0x20000414   COMPRESSED   0x00000004   Data   RW         6314    .data               os_var.o
    0x20000418   COMPRESSED   0x00000004   Data   RW         6315    .data               os_var.o
    0x2000041c   COMPRESSED   0x00000004   Data   RW         6342    .data               os_cpu_c.o
    0x20000420   COMPRESSED   0x00000004   Data   RW         6783    .data               mc_w.l(stdout.o)
    0x20000424        -       0x00000010   Zero   RW           24    .bss                i2c.o
    0x20000434   COMPRESSED   0x00000004   PAD
    0x20000438        -       0x000004c8   Zero   RW          384    .bss                main.o
    0x20000900        -       0x0000000c   Zero   RW          518    .bss                iwdg.o
    0x2000090c        -       0x00000080   Zero   RW          560    .bss                tim.o
    0x2000098c        -       0x00000040   Zero   RW          613    .bss                usart.o
    0x200009cc        -       0x000000c8   Zero   RW          803    .bss                task_launch.o
    0x20000a94   COMPRESSED   0x00000004   PAD
    0x20000a98        -       0x00000400   Zero   RW          804    .bss                task_launch.o
    0x20000e98        -       0x0000002c   Zero   RW          805    .bss                task_launch.o
    0x20000ec4        -       0x000001e0   Zero   RW          843    .bss                vl53l0x.o
    0x200010a4        -       0x00000010   Zero   RW         4490    .bss                cpu_core.o
    0x200010b4        -       0x00000200   Zero   RW         5092    .bss                os_cfg_app.o
    0x200012b4        -       0x00000140   Zero   RW         5093    .bss                os_cfg_app.o
    0x200013f4        -       0x00000200   Zero   RW         5094    .bss                os_cfg_app.o
    0x200015f4        -       0x00000200   Zero   RW         5095    .bss                os_cfg_app.o
    0x200017f4        -       0x00000640   Zero   RW         5096    .bss                os_cfg_app.o
    0x20001e34        -       0x00000200   Zero   RW         5097    .bss                os_cfg_app.o
    0x20002034        -       0x00000200   Zero   RW         5098    .bss                os_cfg_app.o
    0x20002234        -       0x00000088   Zero   RW         5099    .bss                os_cfg_app.o
    0x200022bc        -       0x00000200   Zero   RW         5100    .bss                os_cfg_app.o
    0x200024bc        -       0x00000088   Zero   RW         5101    .bss                os_cfg_app.o
    0x20002544        -       0x000000c8   Zero   RW         6251    .bss                os_var.o
    0x2000260c        -       0x000000c8   Zero   RW         6252    .bss                os_var.o
    0x200026d4        -       0x0000000c   Zero   RW         6253    .bss                os_var.o
    0x200026e0        -       0x00000180   Zero   RW         6254    .bss                os_var.o
    0x20002860        -       0x000000c8   Zero   RW         6255    .bss                os_var.o
    0x20002928        -       0x000000c8   Zero   RW         6256    .bss                os_var.o
    0x200029f0        -       0x000000c8   Zero   RW         6257    .bss                os_var.o
    0x20002ab8        -       0x00000400   Zero   RW            1    STACK               startup_stm32f103xb.o


==============================================================================

Image component sizes


      Code (inc. data)   RO Data    RW Data    ZI Data      Debug   Object Name

         0          0          0         35          0       3203   ads7924.o
        60         16          0          0          0       1562   bsp.o
        52          0          0          0          0        312   cpu_a.o
       344         48          0         28         16      15396   cpu_core.o
       186         10          0          0          0       1942   delay.o
       356         32          0          0          0       1541   gpio.o
      1290        254         20          0         16     472672   i2c.o
       264        132          0          0         12       1177   iwdg.o
        84          0          0          0          0       1604   lib_mem.o
       870        230          0          0       1224      18475   main.o
       136         56          0          0          0       3154   os_app_hooks.o
         2          0        103          0       5264      20814   os_cfg_app.o
      2500        430          0          0          0      20311   os_core.o
       132         32          0          0          0        360   os_cpu_a.o
       412         66          0          4          0       7052   os_cpu_c.o
         2          0          0          0          0        818   os_dbg.o
       484         28          0          0          0       3079   os_flag.o
       884        200          0          0          0       3438   os_int.o
        24         10          0          0          0        789   os_mem.o
       306         20          0          0          0       3093   os_msg.o
       236         38          0          0          0       2150   os_mutex.o
       112         16          0          4          0       2566   os_prio.o
       284         18          0          0          0       2184   os_q.o
       252         14          0          0          0       2014   os_sem.o
      1292        220          0          0          0       3951   os_stat.o
      3156        250          0          0          0      13500   os_task.o
       942        128          0          0          0       5401   os_tick.o
       692         42          0          0          0       2953   os_time.o
       692        136          0          0          0       3940   os_tmr.o
         0          0          0        176       1396      19417   os_var.o
        36          8        236          0       1024        784   startup_stm32f103xb.o
       112         20          0         12          0       4631   stm32f1xx_hal.o
       198         14          0          0          0      28767   stm32f1xx_hal_cortex.o
       524         40          0          0          0       3962   stm32f1xx_hal_gpio.o
        94          0          0          0          0       1619   stm32f1xx_hal_iwdg.o
        68         10          0          0          0        786   stm32f1xx_hal_msp.o
      1320        114          0          0          0       6429   stm32f1xx_hal_rcc.o
      1070         34          0          0          0      10272   stm32f1xx_hal_tim.o
       150          0          0          0          0       2008   stm32f1xx_hal_tim_ex.o
       568          6          0          0          0       3776   stm32f1xx_hal_uart.o
        42          0          0          0          0       3589   stm32f1xx_it.o
        72         16         24          4          0       1067   system_stm32f1xx.o
       216         52          0          1       1268       1287   task_launch.o
       636         50          0          0        128       3005   tim.o
       192         26          0          0         64       2006   usart.o
       928        176          0         64        480       5303   vl53l0x.o
      3130         62          0        681          0      31183   vl53l0x_api.o
      1746          4          0         16          0      16299   vl53l0x_api_calibration.o
      4608         18          0          0          0      26077   vl53l0x_api_core.o
       828        492          0          0          0       3207   vl53l0x_api_strings.o
       576        148          0          0          0       6477   vl53l0x_i2c.o
       254          0          0          0          0       6507   vl53l0x_platform.o

    ----------------------------------------------------------------------
     33458       3716        428       1056      10900     807909   Object Totals
         0          0         32          0          0          0   (incl. Generated)
        44          0         13         31          8          0   (incl. Padding)

    ----------------------------------------------------------------------

      Code (inc. data)   RO Data    RW Data    ZI Data      Debug   Library Member Name

        86          0          0          0          0          0   __dczerorl2.o
         0          0          0          0          0          0   entry.o
         0          0          0          0          0          0   entry10a.o
         0          0          0          0          0          0   entry11a.o
         8          4          0          0          0          0   entry2.o
         4          0          0          0          0          0   entry5.o
         0          0          0          0          0          0   entry7b.o
         0          0          0          0          0          0   entry8b.o
         8          4          0          0          0          0   entry9a.o
        30          0          0          0          0          0   handlers.o
        36          8          0          0          0         68   init.o
        30          0          0          0          0         68   llshl.o
        32          0          0          0          0         68   llushr.o
        36          0          0          0          0         68   memcpya.o
        36          0          0          0          0        108   memseta.o
      1154         54          0          0          0        352   printf8.o
         0          0          0          4          0          0   stdout.o
        18          0          0          0          0         68   strcpy.o
        98          0          0          0          0         92   uldiv.o

    ----------------------------------------------------------------------
      1582         70          0          4          0        892   Library Totals
         6          0          0          0          0          0   (incl. Padding)

    ----------------------------------------------------------------------

      Code (inc. data)   RO Data    RW Data    ZI Data      Debug   Library Name

      1576         70          0          4          0        892   mc_w.l

    ----------------------------------------------------------------------
      1582         70          0          4          0        892   Library Totals

    ----------------------------------------------------------------------

==============================================================================


      Code (inc. data)   RO Data    RW Data    ZI Data      Debug   

     35040       3786        428       1060      10900     792809   Grand Totals
     35040       3786        428        712      10900     792809   ELF Image Totals (compressed)
     35040       3786        428        712          0          0   ROM Totals

==============================================================================

    Total RO  Size (Code + RO Data)                35468 (  34.64kB)
    Total RW  Size (RW Data + ZI Data)             11960 (  11.68kB)
    Total ROM Size (Code + RO Data + RW Data)      36180 (  35.33kB)

==============================================================================

