Component: ARM Compiler 5.06 update 6 (build 750) Tool: armlink [4d35ed]

==============================================================================

Section Cross References

    main.o(.text) refers to stm32f4xx_hal.o(.text) for HAL_Init
    main.o(.text) refers to sys.o(.text) for Stm32_Clock_Init
    main.o(.text) refers to delay.o(.text) for delay_init
    main.o(.text) refers to usart.o(.text) for uart_init
    main.o(.text) refers to led.o(.text) for LED_Init
    main.o(.text) refers to key.o(.text) for KEY_Init
    main.o(.text) refers to sdram.o(.text) for SDRAM_Init
    main.o(.text) refers to lcd.o(.text) for LCD_Init
    main.o(.text) refers to 24cxx.o(.text) for AT24CXX_Init
    main.o(.text) refers to vl53l0x.o(.text) for vl53l0x_test
    main.o(.text) refers to lcd.o(.data) for POINT_COLOR
    stm32f4xx_it.o(.text) refers to stm32f4xx_hal.o(.text) for HAL_IncTick
    system_stm32f4xx.o(.text) refers to system_stm32f4xx.o(.data) for .data
    startup_stm32f429xx.o(STACK) refers (Special) to heapauxi.o(.text) for __use_two_region_memory
    startup_stm32f429xx.o(HEAP) refers (Special) to heapauxi.o(.text) for __use_two_region_memory
    startup_stm32f429xx.o(RESET) refers (Special) to heapauxi.o(.text) for __use_two_region_memory
    startup_stm32f429xx.o(RESET) refers to startup_stm32f429xx.o(STACK) for __initial_sp
    startup_stm32f429xx.o(RESET) refers to startup_stm32f429xx.o(.text) for Reset_Handler
    startup_stm32f429xx.o(RESET) refers to stm32f4xx_it.o(.text) for NMI_Handler
    startup_stm32f429xx.o(RESET) refers to usmart.o(.text) for TIM4_IRQHandler
    startup_stm32f429xx.o(RESET) refers to usart.o(.text) for USART1_IRQHandler
    startup_stm32f429xx.o(RESET) refers to vl53l0x_it.o(.text) for EXTI15_10_IRQHandler
    startup_stm32f429xx.o(.text) refers (Special) to heapauxi.o(.text) for __use_two_region_memory
    startup_stm32f429xx.o(.text) refers to system_stm32f4xx.o(.text) for SystemInit
    startup_stm32f429xx.o(.text) refers to __main.o(!!!main) for __main
    startup_stm32f429xx.o(.text) refers to startup_stm32f429xx.o(HEAP) for Heap_Mem
    startup_stm32f429xx.o(.text) refers to startup_stm32f429xx.o(STACK) for Stack_Mem
    stm32f4xx_hal.o(.text) refers to stm32f4xx_hal_rcc.o(.text) for HAL_RCC_GetHCLKFreq
    stm32f4xx_hal.o(.text) refers to stm32f4xx_hal_cortex.o(.text) for HAL_SYSTICK_Config
    stm32f4xx_hal.o(.text) refers to stm32f4xx_hal.o(.data) for .data
    stm32f4xx_hal_pwr_ex.o(.text) refers to stm32f4xx_hal.o(.text) for HAL_GetTick
    stm32f4xx_hal_rcc.o(.text) refers to stm32f4xx_hal.o(.text) for HAL_GetTick
    stm32f4xx_hal_rcc.o(.text) refers to stm32f4xx_hal_gpio.o(.text) for HAL_GPIO_Init
    stm32f4xx_hal_rcc.o(.text) refers to stm32f4xx_hal_rcc.o(.constdata) for .constdata
    stm32f4xx_hal_rcc.o(.text) refers to system_stm32f4xx.o(.data) for SystemCoreClock
    stm32f4xx_hal_rcc_ex.o(.text) refers to stm32f4xx_hal.o(.text) for HAL_GetTick
    stm32f4xx_hal_uart.o(.text) refers to stm32f4xx_hal_rcc.o(.text) for HAL_RCC_GetPCLK2Freq
    stm32f4xx_hal_uart.o(.text) refers to usart.o(.text) for HAL_UART_MspInit
    stm32f4xx_hal_uart.o(.text) refers to stm32f4xx_hal.o(.text) for HAL_GetTick
    stm32f4xx_hal_uart.o(.text) refers to stm32f4xx_hal_dma.o(.text) for HAL_DMA_Start_IT
    stm32f4xx_hal_usart.o(.text) refers to stm32f4xx_hal_rcc.o(.text) for HAL_RCC_GetPCLK2Freq
    stm32f4xx_hal_usart.o(.text) refers to stm32f4xx_hal.o(.text) for HAL_GetTick
    stm32f4xx_hal_usart.o(.text) refers to stm32f4xx_hal_dma.o(.text) for HAL_DMA_Start_IT
    stm32f4xx_hal_dma.o(.text) refers to stm32f4xx_hal.o(.text) for HAL_GetTick
    stm32f4xx_hal_dma.o(.text) refers to stm32f4xx_hal_dma.o(.constdata) for .constdata
    stm32f4xx_hal_tim.o(.text) refers to stm32f4xx_hal_dma.o(.text) for HAL_DMA_Start_IT
    stm32f4xx_hal_tim.o(.text) refers to stm32f4xx_hal_tim_ex.o(.text) for HAL_TIMEx_BreakCallback
    stm32f4xx_hal_tim_ex.o(.text) refers to stm32f4xx_hal_tim.o(.text) for TIM_Base_SetConfig
    stm32f4xx_hal_tim_ex.o(.text) refers to stm32f4xx_hal_dma.o(.text) for HAL_DMA_Start_IT
    stm32f4xx_ll_fmc.o(.text) refers to stm32f4xx_hal.o(.text) for HAL_GetTick
    stm32f4xx_hal_sram.o(.text) refers to lcd.o(.text) for HAL_SRAM_MspInit
    stm32f4xx_hal_sram.o(.text) refers to stm32f4xx_ll_fmc.o(.text) for FMC_NORSRAM_Init
    stm32f4xx_hal_sram.o(.text) refers to stm32f4xx_hal_dma.o(.text) for HAL_DMA_Start_IT
    stm32f4xx_hal_sdram.o(.text) refers to sdram.o(.text) for HAL_SDRAM_MspInit
    stm32f4xx_hal_sdram.o(.text) refers to stm32f4xx_ll_fmc.o(.text) for FMC_SDRAM_Init
    stm32f4xx_hal_sdram.o(.text) refers to stm32f4xx_hal_dma.o(.text) for HAL_DMA_Start_IT
    stm32f4xx_hal_ltdc.o(.text) refers to ltdc.o(.text) for HAL_LTDC_MspInit
    stm32f4xx_hal_ltdc.o(.text) refers to rt_memcpy_w.o(.text) for __aeabi_memcpy4
    stm32f4xx_hal_dma2d.o(.text) refers to stm32f4xx_hal.o(.text) for HAL_GetTick
[...]
    HAL_UART_Transmit_IT                     0x08002069   Thumb Code    84  stm32f4xx_hal_uart.o(.text)
    HAL_UART_Receive_IT                      0x080020bd   Thumb Code   104  stm32f4xx_hal_uart.o(.text)
    HAL_UART_ErrorCallback                   0x08002125   Thumb Code     2  stm32f4xx_hal_uart.o(.text)
    HAL_UART_TxHalfCpltCallback              0x08002145   Thumb Code     2  stm32f4xx_hal_uart.o(.text)
    HAL_UART_TxCpltCallback                  0x08002151   Thumb Code     2  stm32f4xx_hal_uart.o(.text)
    HAL_UART_Transmit_DMA                    0x08002181   Thumb Code   132  stm32f4xx_hal_uart.o(.text)
    HAL_UART_RxHalfCpltCallback              0x08002205   Thumb Code     2  stm32f4xx_hal_uart.o(.text)
    HAL_UART_RxCpltCallback                  0x08002211   Thumb Code     2  stm32f4xx_hal_uart.o(.text)
    HAL_UART_Receive_DMA                     0x08002247   Thumb Code   118  stm32f4xx_hal_uart.o(.text)
    HAL_UART_DMAPause                        0x080022bd   Thumb Code    86  stm32f4xx_hal_uart.o(.text)
    HAL_UART_DMAResume                       0x08002313   Thumb Code   102  stm32f4xx_hal_uart.o(.text)
    HAL_UART_DMAStop                         0x08002379   Thumb Code    50  stm32f4xx_hal_uart.o(.text)
    HAL_UART_IRQHandler                      0x080023ab   Thumb Code   244  stm32f4xx_hal_uart.o(.text)
    HAL_LIN_SendBreak                        0x0800249f   Thumb Code    44  stm32f4xx_hal_uart.o(.text)
    HAL_MultiProcessor_EnterMuteMode         0x080024cb   Thumb Code    44  stm32f4xx_hal_uart.o(.text)
    HAL_MultiProcessor_ExitMuteMode          0x080024f7   Thumb Code    44  stm32f4xx_hal_uart.o(.text)
    HAL_HalfDuplex_EnableTransmitter         0x08002523   Thumb Code    48  stm32f4xx_hal_uart.o(.text)
    HAL_HalfDuplex_EnableReceiver            0x08002553   Thumb Code    48  stm32f4xx_hal_uart.o(.text)
    HAL_UART_GetState                        0x08002583   Thumb Code     6  stm32f4xx_hal_uart.o(.text)
    HAL_UART_GetError                        0x08002589   Thumb Code     4  stm32f4xx_hal_uart.o(.text)
    HAL_DMA_Init                             0x080026cf   Thumb Code   116  stm32f4xx_hal_dma.o(.text)
    HAL_DMA_DeInit                           0x08002743   Thumb Code    86  stm32f4xx_hal_dma.o(.text)
    HAL_DMA_Start                            0x080027c1   Thumb Code    58  stm32f4xx_hal_dma.o(.text)
    HAL_DMA_Start_IT                         0x080027fb   Thumb Code    78  stm32f4xx_hal_dma.o(.text)
    HAL_DMA_Abort                            0x08002849   Thumb Code    82  stm32f4xx_hal_dma.o(.text)
    HAL_DMA_PollForTransfer                  0x0800289b   Thumb Code   314  stm32f4xx_hal_dma.o(.text)
    HAL_DMA_IRQHandler                       0x080029d5   Thumb Code   426  stm32f4xx_hal_dma.o(.text)
    HAL_DMA_GetState                         0x08002b7f   Thumb Code     6  stm32f4xx_hal_dma.o(.text)
    HAL_DMA_GetError                         0x08002b85   Thumb Code     4  stm32f4xx_hal_dma.o(.text)
    TIM_Base_SetConfig                       0x08002b89   Thumb Code   148  stm32f4xx_hal_tim.o(.text)
    HAL_TIM_Base_MspInit                     0x08002c1d   Thumb Code     2  stm32f4xx_hal_tim.o(.text)
    HAL_TIM_Base_Init                        0x08002c1f   Thumb Code    54  stm32f4xx_hal_tim.o(.text)
    HAL_TIM_Base_MspDeInit                   0x08002c55   Thumb Code     2  stm32f4xx_hal_tim.o(.text)
    HAL_TIM_Base_DeInit                      0x08002c57   Thumb Code    56  stm32f4xx_hal_tim.o(.text)
    HAL_TIM_Base_Start                       0x08002c8f   Thumb Code    26  stm32f4xx_hal_tim.o(.text)
    HAL_TIM_Base_Stop                        0x08002ca9   Thumb Code    44  stm32f4xx_hal_tim.o(.text)
    HAL_TIM_Base_Start_IT                    0x08002cd5   Thumb Code    24  stm32f4xx_hal_tim.o(.text)
    HAL_TIM_Base_Stop_IT                     0x08002ced   Thumb Code    42  stm32f4xx_hal_tim.o(.text)
    HAL_TIM_ErrorCallback                    0x08002d17   Thumb Code     2  stm32f4xx_hal_tim.o(.text)
    TIM_DMAError                             0x08002d19   Thumb Code    16  stm32f4xx_hal_tim.o(.text)
    HAL_TIM_PeriodElapsedCallback            0x08002d29   Thumb Code     2  stm32f4xx_hal_tim.o(.text)
    HAL_TIM_Base_Start_DMA                   0x08002d3b   Thumb Code    84  stm32f4xx_hal_tim.o(.text)
    HAL_TIM_Base_Stop_DMA                    0x08002d8f   Thumb Code    48  stm32f4xx_hal_tim.o(.text)
    HAL_TIM_OC_MspInit                       0x08002dbf   Thumb Code     2  stm32f4xx_hal_tim.o(.text)
    HAL_TIM_OC_Init                          0x08002dc1   Thumb Code    54  stm32f4xx_hal_tim.o(.text)
    HAL_TIM_OC_MspDeInit                     0x08002df7   Thumb Code     2  stm32f4xx_hal_tim.o(.text)
    HAL_TIM_OC_DeInit                        0x08002df9   Thumb Code    56  stm32f4xx_hal_tim.o(.text)
    TIM_CCxChannelCmd                        0x08002e31   Thumb Code    22  stm32f4xx_hal_tim.o(.text)
    HAL_TIM_OC_Start                         0x08002e47   Thumb Code    48  stm32f4xx_hal_tim.o(.text)
    HAL_TIM_OC_Stop                          0x08002e77   Thumb Code    78  stm32f4xx_hal_tim.o(.text)
    HAL_TIM_OC_Start_IT                      0x08002ec5   Thumb Code    98  stm32f4xx_hal_tim.o(.text)
    HAL_TIM_OC_Stop_IT                       0x08002f27   Thumb Code   178  stm32f4xx_hal_tim.o(.text)
    HAL_TIM_PWM_PulseFinishedCallback        0x08002fd9   Thumb Code     2  stm32f4xx_hal_tim.o(.text)
    TIM_DMADelayPulseCplt                    0x08002fdb   Thumb Code    62  stm32f4xx_hal_tim.o(.text)
    HAL_TIM_OC_Start_DMA                     0x08003019   Thumb Code   226  stm32f4xx_hal_tim.o(.text)
    HAL_TIM_OC_Stop_DMA                      0x080030fb   Thumb Code   134  stm32f4xx_hal_tim.o(.text)
    HAL_TIM_PWM_MspInit                      0x08003181   Thumb Code     2  stm32f4xx_hal_tim.o(.text)
    HAL_TIM_PWM_Init                         0x08003183   Thumb Code    54  stm32f4xx_hal_tim.o(.text)
    HAL_TIM_PWM_MspDeInit                    0x080031b9   Thumb Code     2  stm32f4xx_hal_tim.o(.text)
    HAL_TIM_PWM_DeInit                       0x080031bb   Thumb Code    56  stm32f4xx_hal_tim.o(.text)
    HAL_TIM_PWM_Start                        0x080031f3   Thumb Code    48  stm32f4xx_hal_tim.o(.text)
    HAL_TIM_PWM_Stop                         0x08003223   Thumb Code    84  stm32f4xx_hal_tim.o(.text)
    HAL_TIM_PWM_Start_IT                     0x08003277   Thumb Code    98  stm32f4xx_hal_tim.o(.text)
    HAL_TIM_PWM_Stop_IT                      0x080032d9   Thumb Code   128  stm32f4xx_hal_tim.o(.text)
    HAL_TIM_PWM_Start_DMA                    0x08003359   Thumb Code   226  stm32f4xx_hal_tim.o(.text)
    HAL_TIM_PWM_Stop_DMA                     0x0800343b   Thumb Code   144  stm32f4xx_hal_tim.o(.text)
    HAL_TIM_IC_MspInit                       0x080034cb   Thumb Code     2  stm32f4xx_hal_tim.o(.text)
    HAL_TIM_IC_Init                          0x080034cd   Thumb Code    54  stm32f4xx_hal_tim.o(.text)
    HAL_TIM_IC_MspDeInit                     0x08003503   Thumb Code     2  stm32f4xx_hal_tim.o(.text)
    HAL_TIM_IC_DeInit                        0x08003505   Thumb Code    56  stm32f4xx_hal_tim.o(.text)
    HAL_TIM_IC_Start                         0x0800353d   Thumb Code    26  stm32f4xx_hal_tim.o(.text)
    HAL_TIM_IC_Stop                          0x08003557   Thumb Code    44  stm32f4xx_hal_tim.o(.text)
    HAL_TIM_IC_Start_IT                      0x08003583   Thumb Code    76  stm32f4xx_hal_tim.o(.text)
    HAL_TIM_IC_Stop_IT                       0x080035cf   Thumb Code    94  stm32f4xx_hal_tim.o(.text)
    HAL_TIM_IC_CaptureCallback               0x0800362d   Thumb Code     2  stm32f4xx_hal_tim.o(.text)
    TIM_DMACaptureCplt                       0x0800362f   Thumb Code    62  stm32f4xx_hal_tim.o(.text)
    HAL_TIM_IC_Start_DMA                     0x0800366d   Thumb Code   194  stm32f4xx_hal_tim.o(.text)
    HAL_TIM_IC_Stop_DMA                      0x0800372f   Thumb Code   100  stm32f4xx_hal_tim.o(.text)
    HAL_TIM_OnePulse_MspInit                 0x08003793   Thumb Code     2  stm32f4xx_hal_tim.o(.text)
    HAL_TIM_OnePulse_Init                    0x08003795   Thumb Code    74  stm32f4xx_hal_tim.o(.text)
    HAL_TIM_OnePulse_MspDeInit               0x080037df   Thumb Code     2  stm32f4xx_hal_tim.o(.text)
    HAL_TIM_OnePulse_DeInit                  0x080037e1   Thumb Code    56  stm32f4xx_hal_tim.o(.text)
    HAL_TIM_OnePulse_Start                   0x08003819   Thumb Code    50  stm32f4xx_hal_tim.o(.text)
    HAL_TIM_OnePulse_Stop                    0x0800384b   Thumb Code    90  stm32f4xx_hal_tim.o(.text)
    HAL_TIM_OnePulse_Start_IT                0x080038a5   Thumb Code    70  stm32f4xx_hal_tim.o(.text)
    HAL_TIM_OnePulse_Stop_IT                 0x080038eb   Thumb Code   110  stm32f4xx_hal_tim.o(.text)
    HAL_TIM_Encoder_MspInit                  0x08003959   Thumb Code     2  stm32f4xx_hal_tim.o(.text)
    HAL_TIM_Encoder_Init                     0x0800395b   Thumb Code   150  stm32f4xx_hal_tim.o(.text)
    HAL_TIM_Encoder_MspDeInit                0x080039f1   Thumb Code     2  stm32f4xx_hal_tim.o(.text)
    HAL_TIM_Encoder_DeInit                   0x080039f3   Thumb Code    56  stm32f4xx_hal_tim.o(.text)
    HAL_TIM_Encoder_Start                    0x08003a2b   Thumb Code    50  stm32f4xx_hal_tim.o(.text)
    HAL_TIM_Encoder_Stop                     0x08003a5d   Thumb Code    68  stm32f4xx_hal_tim.o(.text)
    HAL_TIM_Encoder_Start_IT                 0x08003aa1   Thumb Code    92  stm32f4xx_hal_tim.o(.text)
    HAL_TIM_Encoder_Stop_IT                  0x08003afd   Thumb Code   116  stm32f4xx_hal_tim.o(.text)
    HAL_TIM_Encoder_Start_DMA                0x08003b71   Thumb Code   272  stm32f4xx_hal_tim.o(.text)
    HAL_TIM_Encoder_Stop_DMA                 0x08003c81   Thumb Code   116  stm32f4xx_hal_tim.o(.text)
    HAL_TIM_TriggerCallback                  0x08003cf5   Thumb Code     2  stm32f4xx_hal_tim.o(.text)
    HAL_TIM_OC_DelayElapsedCallback          0x08003cf7   Thumb Code     2  stm32f4xx_hal_tim.o(.text)
    HAL_TIM_IRQHandler                       0x08003cf9   Thumb Code   358  stm32f4xx_hal_tim.o(.text)
    TIM_OC2_SetConfig                        0x08003efd   Thumb Code    90  stm32f4xx_hal_tim.o(.text)
    HAL_TIM_OC_ConfigChannel                 0x08003fa7   Thumb Code    86  stm32f4xx_hal_tim.o(.text)
    TIM_TI1_SetConfig                        0x08004033   Thumb Code   104  stm32f4xx_hal_tim.o(.text)
    HAL_TIM_IC_ConfigChannel                 0x0800409b   Thumb Code   282  stm32f4xx_hal_tim.o(.text)
    HAL_TIM_PWM_ConfigChannel                0x080041b5   Thumb Code   240  stm32f4xx_hal_tim.o(.text)
    HAL_TIM_OnePulse_ConfigChannel           0x080042a5   Thumb Code   218  stm32f4xx_hal_tim.o(.text)
    HAL_TIM_DMABurst_WriteStart              0x0800438f   Thumb Code   238  stm32f4xx_hal_tim.o(.text)
    HAL_TIM_DMABurst_WriteStop               0x0800447d   Thumb Code    96  stm32f4xx_hal_tim.o(.text)
    HAL_TIM_DMABurst_ReadStart               0x080044dd   Thumb Code   240  stm32f4xx_hal_tim.o(.text)
    HAL_TIM_DMABurst_ReadStop                0x080045cd   Thumb Code    96  stm32f4xx_hal_tim.o(.text)
    HAL_TIM_GenerateEvent                    0x0800462d   Thumb Code    38  stm32f4xx_hal_tim.o(.text)
    HAL_TIM_ConfigOCrefClear                 0x08004653   Thumb Code   172  stm32f4xx_hal_tim.o(.text)
    HAL_TIM_ConfigClockSource                0x080046ff   Thumb Code   260  stm32f4xx_hal_tim.o(.text)
    HAL_TIM_ConfigTI1Input                   0x08004803   Thumb Code    16  stm32f4xx_hal_tim.o(.text)
    HAL_TIM_SlaveConfigSynchronization       0x0800488f   Thumb Code    66  stm32f4xx_hal_tim.o(.text)
    HAL_TIM_SlaveConfigSynchronization_IT    0x080048d1   Thumb Code    66  stm32f4xx_hal_tim.o(.text)
    HAL_TIM_ReadCapturedValue                0x08004913   Thumb Code    68  stm32f4xx_hal_tim.o(.text)
    HAL_TIM_Base_GetState                    0x08004957   Thumb Code     6  stm32f4xx_hal_tim.o(.text)
    HAL_TIM_OC_GetState                      0x0800495d   Thumb Code     6  stm32f4xx_hal_tim.o(.text)
    HAL_TIM_PWM_GetState                     0x08004963   Thumb Code     6  stm32f4xx_hal_tim.o(.text)
    HAL_TIM_IC_GetState                      0x08004969   Thumb Code     6  stm32f4xx_hal_tim.o(.text)
    HAL_TIM_OnePulse_GetState                0x0800496f   Thumb Code     6  stm32f4xx_hal_tim.o(.text)
    HAL_TIM_Encoder_GetState                 0x08004975   Thumb Code     6  stm32f4xx_hal_tim.o(.text)
    HAL_TIMEx_HallSensor_MspInit             0x080049e5   Thumb Code     2  stm32f4xx_hal_tim_ex.o(.text)
    HAL_TIMEx_HallSensor_Init                0x080049e7   Thumb Code   176  stm32f4xx_hal_tim_ex.o(.text)
    HAL_TIMEx_HallSensor_MspDeInit           0x08004a97   Thumb Code     2  stm32f4xx_hal_tim_ex.o(.text)
    HAL_TIMEx_HallSensor_DeInit              0x08004a99   Thumb Code    56  stm32f4xx_hal_tim_ex.o(.text)
    HAL_TIMEx_HallSensor_Start               0x08004ad1   Thumb Code    28  stm32f4xx_hal_tim_ex.o(.text)
    HAL_TIMEx_HallSensor_Stop                0x08004aed   Thumb Code    46  stm32f4xx_hal_tim_ex.o(.text)
    HAL_TIMEx_HallSensor_Start_IT            0x08004b1b   Thumb Code    38  stm32f4xx_hal_tim_ex.o(.text)
    HAL_TIMEx_HallSensor_Stop_IT             0x08004b41   Thumb Code    56  stm32f4xx_hal_tim_ex.o(.text)
    HAL_TIMEx_HallSensor_Start_DMA           0x08004b79   Thumb Code    96  stm32f4xx_hal_tim_ex.o(.text)
    HAL_TIMEx_HallSensor_Stop_DMA            0x08004bd9   Thumb Code    56  stm32f4xx_hal_tim_ex.o(.text)
    HAL_TIMEx_OCN_Start                      0x08004c11   Thumb Code    36  stm32f4xx_hal_tim_ex.o(.text)
    HAL_TIMEx_OCN_Stop                       0x08004c35   Thumb Code    68  stm32f4xx_hal_tim_ex.o(.text)
    HAL_TIMEx_OCN_Start_IT                   0x08004c79   Thumb Code    96  stm32f4xx_hal_tim_ex.o(.text)
    HAL_TIMEx_OCN_Stop_IT                    0x08004cd9   Thumb Code   134  stm32f4xx_hal_tim_ex.o(.text)
    HAL_TIMEx_OCN_Start_DMA                  0x08004d5f   Thumb Code   210  stm32f4xx_hal_tim_ex.o(.text)
    HAL_TIMEx_OCN_Stop_DMA                   0x08004e31   Thumb Code   124  stm32f4xx_hal_tim_ex.o(.text)
    HAL_TIMEx_PWMN_Start                     0x08004ead   Thumb Code    36  stm32f4xx_hal_tim_ex.o(.text)
    HAL_TIMEx_PWMN_Stop                      0x08004ed1   Thumb Code    68  stm32f4xx_hal_tim_ex.o(.text)
    HAL_TIMEx_PWMN_Start_IT                  0x08004f15   Thumb Code    96  stm32f4xx_hal_tim_ex.o(.text)
    HAL_TIMEx_PWMN_Stop_IT                   0x08004f75   Thumb Code   148  stm32f4xx_hal_tim_ex.o(.text)
    HAL_TIMEx_PWMN_Start_DMA                 0x08005009   Thumb Code   210  stm32f4xx_hal_tim_ex.o(.text)
    HAL_TIMEx_PWMN_Stop_DMA                  0x080050db   Thumb Code   124  stm32f4xx_hal_tim_ex.o(.text)
    HAL_TIMEx_OnePulseN_Start                0x08005157   Thumb Code    26  stm32f4xx_hal_tim_ex.o(.text)
    HAL_TIMEx_OnePulseN_Stop                 0x08005171   Thumb Code    68  stm32f4xx_hal_tim_ex.o(.text)
    HAL_TIMEx_OnePulseN_Start_IT             0x080051b5   Thumb Code    46  stm32f4xx_hal_tim_ex.o(.text)
    HAL_TIMEx_OnePulseN_Stop_IT              0x080051e3   Thumb Code    88  stm32f4xx_hal_tim_ex.o(.text)
    HAL_TIMEx_ConfigCommutationEvent         0x0800523b   Thumb Code    92  stm32f4xx_hal_tim_ex.o(.text)
    HAL_TIMEx_ConfigCommutationEvent_IT      0x08005297   Thumb Code   102  stm32f4xx_hal_tim_ex.o(.text)
    HAL_TIMEx_CommutationCallback            0x080052fd   Thumb Code     2  stm32f4xx_hal_tim_ex.o(.text)
    TIMEx_DMACommutationCplt                 0x080052ff   Thumb Code    16  stm32f4xx_hal_tim_ex.o(.text)
    HAL_TIMEx_ConfigCommutationEvent_DMA     0x0800530f   Thumb Code   116  stm32f4xx_hal_tim_ex.o(.text)
    HAL_TIMEx_MasterConfigSynchronization    0x08005383   Thumb Code    80  stm32f4xx_hal_tim_ex.o(.text)
    HAL_TIMEx_ConfigBreakDeadTime            0x080053d3   Thumb Code    74  stm32f4xx_hal_tim_ex.o(.text)
    HAL_TIMEx_RemapConfig                    0x0800541d   Thumb Code    34  stm32f4xx_hal_tim_ex.o(.text)
    HAL_TIMEx_BreakCallback                  0x0800543f   Thumb Code     2  stm32f4xx_hal_tim_ex.o(.text)
    HAL_TIMEx_HallSensor_GetState            0x08005441   Thumb Code     6  stm32f4xx_hal_tim_ex.o(.text)
    FMC_NORSRAM_Init                         0x0800545d   Thumb Code   110  stm32f4xx_ll_fmc.o(.text)
    FMC_NORSRAM_DeInit                       0x080054cb   Thumb Code    48  stm32f4xx_ll_fmc.o(.text)
    FMC_NORSRAM_Timing_Init                  0x080054fb   Thumb Code    86  stm32f4xx_ll_fmc.o(.text)
    FMC_NORSRAM_Extended_Timing_Init         0x08005551   Thumb Code    60  stm32f4xx_ll_fmc.o(.text)
    FMC_NORSRAM_WriteOperation_Enable        0x0800558d   Thumb Code    16  stm32f4xx_ll_fmc.o(.text)
    FMC_NORSRAM_WriteOperation_Disable       0x0800559d   Thumb Code    16  stm32f4xx_ll_fmc.o(.text)
    FMC_NAND_Init                            0x080055ad   Thumb Code    74  stm32f4xx_ll_fmc.o(.text)
    FMC_NAND_CommonSpace_Timing_Init         0x080055f7   Thumb Code    48  stm32f4xx_ll_fmc.o(.text)
    FMC_NAND_AttributeSpace_Timing_Init      0x08005627   Thumb Code    48  stm32f4xx_ll_fmc.o(.text)
    FMC_NAND_DeInit                          0x08005657   Thumb Code    52  stm32f4xx_ll_fmc.o(.text)
    FMC_NAND_ECC_Enable                      0x0800568b   Thumb Code    26  stm32f4xx_ll_fmc.o(.text)
    FMC_NAND_ECC_Disable                     0x080056a5   Thumb Code    26  stm32f4xx_ll_fmc.o(.text)
    FMC_NAND_GetECC                          0x080056bf   Thumb Code    78  stm32f4xx_ll_fmc.o(.text)
    FMC_PCCARD_Init                          0x0800570d   Thumb Code    34  stm32f4xx_ll_fmc.o(.text)
    FMC_PCCARD_CommonSpace_Timing_Init       0x0800572f   Thumb Code    28  stm32f4xx_ll_fmc.o(.text)
    FMC_PCCARD_AttributeSpace_Timing_Init    0x0800574b   Thumb Code    28  stm32f4xx_ll_fmc.o(.text)
    FMC_PCCARD_IOSpace_Timing_Init           0x08005767   Thumb Code    28  stm32f4xx_ll_fmc.o(.text)
    FMC_PCCARD_DeInit                        0x08005783   Thumb Code    30  stm32f4xx_ll_fmc.o(.text)
    FMC_SDRAM_Init                           0x080057a1   Thumb Code    76  stm32f4xx_ll_fmc.o(.text)
    FMC_SDRAM_Timing_Init                    0x080057ed   Thumb Code   148  stm32f4xx_ll_fmc.o(.text)
    FMC_SDRAM_DeInit                         0x08005881   Thumb Code    30  stm32f4xx_ll_fmc.o(.text)
    FMC_SDRAM_WriteProtection_Enable         0x0800589f   Thumb Code    16  stm32f4xx_ll_fmc.o(.text)
    FMC_SDRAM_WriteProtection_Disable        0x080058af   Thumb Code    16  stm32f4xx_ll_fmc.o(.text)
    FMC_SDRAM_SendCommand                    0x080058bf   Thumb Code    72  stm32f4xx_ll_fmc.o(.text)
    FMC_SDRAM_ProgramRefreshRate             0x08005907   Thumb Code    12  stm32f4xx_ll_fmc.o(.text)
    FMC_SDRAM_SetAutoRefreshNumber           0x08005913   Thumb Code    12  stm32f4xx_ll_fmc.o(.text)
    FMC_SDRAM_GetModeStatus                  0x0800591f   Thumb Code    18  stm32f4xx_ll_fmc.o(.text)
    HAL_SRAM_Init                            0x08005933   Thumb Code    86  stm32f4xx_hal_sram.o(.text)
    HAL_SRAM_MspDeInit                       0x08005989   Thumb Code     2  stm32f4xx_hal_sram.o(.text)
    HAL_SRAM_DeInit                          0x0800598b   Thumb Code    28  stm32f4xx_hal_sram.o(.text)
    HAL_SRAM_DMA_XferCpltCallback            0x080059a7   Thumb Code     2  stm32f4xx_hal_sram.o(.text)
    HAL_SRAM_DMA_XferErrorCallback           0x080059a9   Thumb Code     2  stm32f4xx_hal_sram.o(.text)
    HAL_SRAM_Read_8b                         0x080059ab   Thumb Code    54  stm32f4xx_hal_sram.o(.text)
    HAL_SRAM_Write_8b                        0x080059e1   Thumb Code    66  stm32f4xx_hal_sram.o(.text)
    HAL_SRAM_Read_16b                        0x08005a23   Thumb Code    54  stm32f4xx_hal_sram.o(.text)
    HAL_SRAM_Write_16b                       0x08005a59   Thumb Code    66  stm32f4xx_hal_sram.o(.text)
    HAL_SRAM_Read_32b                        0x08005a9b   Thumb Code    50  stm32f4xx_hal_sram.o(.text)
    HAL_SRAM_Write_32b                       0x08005acd   Thumb Code    62  stm32f4xx_hal_sram.o(.text)
    HAL_SRAM_Read_DMA                        0x08005b0b   Thumb Code    52  stm32f4xx_hal_sram.o(.text)
    HAL_SRAM_Write_DMA                       0x08005b3f   Thumb Code    70  stm32f4xx_hal_sram.o(.text)
    HAL_SRAM_WriteOperation_Enable           0x08005b85   Thumb Code    42  stm32f4xx_hal_sram.o(.text)
    HAL_SRAM_WriteOperation_Disable          0x08005baf   Thumb Code    48  stm32f4xx_hal_sram.o(.text)
    HAL_SRAM_GetState                        0x08005bdf   Thumb Code     6  stm32f4xx_hal_sram.o(.text)
    HAL_SDRAM_Init                           0x08005bef   Thumb Code    66  stm32f4xx_hal_sdram.o(.text)
    HAL_SDRAM_MspDeInit                      0x08005c31   Thumb Code     2  stm32f4xx_hal_sdram.o(.text)
    HAL_SDRAM_DeInit                         0x08005c33   Thumb Code    28  stm32f4xx_hal_sdram.o(.text)
    HAL_SDRAM_RefreshErrorCallback           0x08005c4f   Thumb Code     2  stm32f4xx_hal_sdram.o(.text)
    HAL_SDRAM_IRQHandler                     0x08005c51   Thumb Code    30  stm32f4xx_hal_sdram.o(.text)
    HAL_SDRAM_DMA_XferCpltCallback           0x08005c6f   Thumb Code     2  stm32f4xx_hal_sdram.o(.text)
    HAL_SDRAM_DMA_XferErrorCallback          0x08005c71   Thumb Code     2  stm32f4xx_hal_sdram.o(.text)
    HAL_SDRAM_Read_8b                        0x08005c73   Thumb Code    66  stm32f4xx_hal_sdram.o(.text)
    HAL_SDRAM_Write_8b                       0x08005cb5   Thumb Code    66  stm32f4xx_hal_sdram.o(.text)
    HAL_SDRAM_Read_16b                       0x08005cf7   Thumb Code    66  stm32f4xx_hal_sdram.o(.text)
    HAL_SDRAM_Write_16b                      0x08005d39   Thumb Code    66  stm32f4xx_hal_sdram.o(.text)
    HAL_SDRAM_Read_32b                       0x08005d7b   Thumb Code    62  stm32f4xx_hal_sdram.o(.text)
    HAL_SDRAM_Write_32b                      0x08005db9   Thumb Code    62  stm32f4xx_hal_sdram.o(.text)
    HAL_SDRAM_Read_DMA                       0x08005df7   Thumb Code    64  stm32f4xx_hal_sdram.o(.text)
    HAL_SDRAM_Write_DMA                      0x08005e37   Thumb Code    74  stm32f4xx_hal_sdram.o(.text)
    HAL_SDRAM_WriteProtection_Enable         0x08005e81   Thumb Code    36  stm32f4xx_hal_sdram.o(.text)
    HAL_SDRAM_WriteProtection_Disable        0x08005ea5   Thumb Code    36  stm32f4xx_hal_sdram.o(.text)
    HAL_SDRAM_SendCommand                    0x08005ec9   Thumb Code    46  stm32f4xx_hal_sdram.o(.text)
    HAL_SDRAM_ProgramRefreshRate             0x08005ef7   Thumb Code    34  stm32f4xx_hal_sdram.o(.text)
    HAL_SDRAM_SetAutoRefreshNumber           0x08005f19   Thumb Code    34  stm32f4xx_hal_sdram.o(.text)
    HAL_SDRAM_GetModeStatus                  0x08005f3b   Thumb Code     6  stm32f4xx_hal_sdram.o(.text)
    HAL_SDRAM_GetState                       0x08005f41   Thumb Code     6  stm32f4xx_hal_sdram.o(.text)
    HAL_LTDC_Init                            0x08005f53   Thumb Code   248  stm32f4xx_hal_ltdc.o(.text)
    HAL_LTDC_MspDeInit                       0x0800604b   Thumb Code     2  stm32f4xx_hal_ltdc.o(.text)
    HAL_LTDC_DeInit                          0x0800604d   Thumb Code    24  stm32f4xx_hal_ltdc.o(.text)
    HAL_LTDC_LineEventCallback               0x08006065   Thumb Code     2  stm32f4xx_hal_ltdc.o(.text)
    HAL_LTDC_ErrorCallback                   0x08006067   Thumb Code     2  stm32f4xx_hal_ltdc.o(.text)
    HAL_LTDC_IRQHandler                      0x08006069   Thumb Code   162  stm32f4xx_hal_ltdc.o(.text)
    HAL_LTDC_ConfigLayer                     0x0800626d   Thumb Code    82  stm32f4xx_hal_ltdc.o(.text)
    HAL_LTDC_ConfigColorKeying               0x080062bf   Thumb Code    64  stm32f4xx_hal_ltdc.o(.text)
    HAL_LTDC_ConfigCLUT                      0x080062ff   Thumb Code   116  stm32f4xx_hal_ltdc.o(.text)
    HAL_LTDC_EnableColorKeying               0x08006373   Thumb Code    64  stm32f4xx_hal_ltdc.o(.text)
    HAL_LTDC_DisableColorKeying              0x080063b3   Thumb Code    58  stm32f4xx_hal_ltdc.o(.text)
    HAL_LTDC_EnableCLUT                      0x080063ed   Thumb Code    58  stm32f4xx_hal_ltdc.o(.text)
    HAL_LTDC_DisableCLUT                     0x08006427   Thumb Code    58  stm32f4xx_hal_ltdc.o(.text)
    HAL_LTDC_EnableDither                    0x08006461   Thumb Code    42  stm32f4xx_hal_ltdc.o(.text)
    HAL_LTDC_DisableDither                   0x0800648b   Thumb Code    42  stm32f4xx_hal_ltdc.o(.text)
    HAL_LTDC_SetWindowSize                   0x080064b5   Thumb Code    82  stm32f4xx_hal_ltdc.o(.text)
    HAL_LTDC_SetWindowPosition               0x08006507   Thumb Code    84  stm32f4xx_hal_ltdc.o(.text)
    HAL_LTDC_SetPixelFormat                  0x0800655b   Thumb Code    68  stm32f4xx_hal_ltdc.o(.text)
    HAL_LTDC_SetAlpha                        0x0800659f   Thumb Code    68  stm32f4xx_hal_ltdc.o(.text)
    HAL_LTDC_SetAddress                      0x080065e3   Thumb Code    68  stm32f4xx_hal_ltdc.o(.text)
    HAL_LTDC_SetPitch                        0x08006627   Thumb Code   138  stm32f4xx_hal_ltdc.o(.text)
    HAL_LTDC_ProgramLineEvent                0x080066b1   Thumb Code    52  stm32f4xx_hal_ltdc.o(.text)
    HAL_LTDC_GetState                        0x080066e5   Thumb Code     6  stm32f4xx_hal_ltdc.o(.text)
    HAL_LTDC_GetError                        0x080066eb   Thumb Code     6  stm32f4xx_hal_ltdc.o(.text)
    delay_init                               0x080066f9   Thumb Code    16  delay.o(.text)
    delay_us                                 0x08006709   Thumb Code    48  delay.o(.text)
    delay_ms                                 0x08006739   Thumb Code    26  delay.o(.text)
    Stm32_Clock_Init                         0x08006759   Thumb Code   122  sys.o(.text)
    _sys_exit                                0x080067dd   Thumb Code     2  usart.o(.text)
    fputc                                    0x080067df   Thumb Code    14  usart.o(.text)
    uart_init                                0x080067ed   Thumb Code    28  usart.o(.text)
    HAL_UART_MspInit                         0x08006809   Thumb Code   134  usart.o(.text)
    USART1_IRQHandler                        0x0800688f   Thumb Code   100  usart.o(.text)
    LED_Init                                 0x08006909   Thumb Code    68  led.o(.text)
    KEY_Init                                 0x08006955   Thumb Code   110  key.o(.text)
    KEY_Scan                                 0x080069c3   Thumb Code   200  key.o(.text)
    LCD_WR_REG                               0x08006aa1   Thumb Code    20  lcd.o(.text)
    LCD_WR_DATA                              0x08006ab5   Thumb Code    22  lcd.o(.text)
    LCD_RD_DATA                              0x08006acb   Thumb Code    18  lcd.o(.text)
    LCD_WriteReg                             0x08006add   Thumb Code    10  lcd.o(.text)
    LCD_ReadReg                              0x08006ae7   Thumb Code    18  lcd.o(.text)
    LCD_WriteRAM_Prepare                     0x08006af9   Thumb Code    10  lcd.o(.text)
    LCD_WriteRAM                             0x08006b03   Thumb Code     8  lcd.o(.text)
    LCD_BGR2RGB                              0x08006b0b   Thumb Code    18  lcd.o(.text)
    opt_delay                                0x08006b1d   Thumb Code     8  lcd.o(.text)
    LCD_SetCursor                            0x08006b25   Thumb Code   252  lcd.o(.text)
    LCD_ReadPoint                            0x08006c21   Thumb Code   146  lcd.o(.text)
    LCD_DisplayOn                            0x08006cb3   Thumb Code    60  lcd.o(.text)
    LCD_DisplayOff                           0x08006cef   Thumb Code    60  lcd.o(.text)
    LCD_Scan_Dir                             0x08006d2b   Thumb Code   452  lcd.o(.text)
    LCD_DrawPoint                            0x08006eef   Thumb Code    36  lcd.o(.text)
    LCD_Fast_DrawPoint                       0x08006f13   Thumb Code   234  lcd.o(.text)
    LCD_SSD_BackLightSet                     0x08006ffd   Thumb Code    70  lcd.o(.text)
    LCD_Display_Dir                          0x08007043   Thumb Code   232  lcd.o(.text)
    LCD_Set_Window                           0x0800712b   Thumb Code   376  lcd.o(.text)
    HAL_SRAM_MspInit                         0x080072a3   Thumb Code   136  lcd.o(.text)
    LCD_Clear                                0x0800732b   Thumb Code    58  lcd.o(.text)
    LCD_Init                                 0x08007365   Thumb Code  9114  lcd.o(.text)
    LCD_Fill                                 0x080096ff   Thumb Code    86  lcd.o(.text)
    LCD_Color_Fill                           0x08009755   Thumb Code    98  lcd.o(.text)
    LCD_DrawLine                             0x080097b7   Thumb Code   150  lcd.o(.text)
    LCD_DrawRectangle                        0x0800984d   Thumb Code    56  lcd.o(.text)
    LCD_Draw_Circle                          0x08009885   Thumb Code   176  lcd.o(.text)
    LCD_ShowChar                             0x08009935   Thumb Code   196  lcd.o(.text)
    LCD_Pow                                  0x080099f9   Thumb Code    16  lcd.o(.text)
    LCD_ShowNum                              0x08009a09   Thumb Code   116  lcd.o(.text)
    LCD_ShowxNum                             0x08009a7d   Thumb Code   166  lcd.o(.text)
    LCD_ShowString                           0x08009b23   Thumb Code    82  lcd.o(.text)
    SDRAM_Send_Cmd                           0x08009b75   Thumb Code    48  sdram.o(.text)
    SDRAM_Initialization_Sequence            0x08009ba5   Thumb Code    74  sdram.o(.text)
    SDRAM_Init                               0x08009bef   Thumb Code    86  sdram.o(.text)
    HAL_SDRAM_MspInit                        0x08009c45   Thumb Code   192  sdram.o(.text)
    FMC_SDRAM_WriteBuffer                    0x08009d05   Thumb Code    24  sdram.o(.text)
    FMC_SDRAM_ReadBuffer                     0x08009d1d   Thumb Code    22  sdram.o(.text)
    LTDC_Switch                              0x08009d55   Thumb Code    30  ltdc.o(.text)
    LTDC_Layer_Switch                        0x08009d73   Thumb Code    46  ltdc.o(.text)
    LTDC_Select_Layer                        0x08009da1   Thumb Code     8  ltdc.o(.text)
    LTDC_Display_Dir                         0x08009da9   Thumb Code    36  ltdc.o(.text)
    LTDC_Draw_Point                          0x08009dcd   Thumb Code    54  ltdc.o(.text)
    LTDC_Read_Point                          0x08009e03   Thumb Code    50  ltdc.o(.text)
    LTDC_Fill                                0x08009e35   Thumb Code   164  ltdc.o(.text)
    LTDC_Color_Fill                          0x08009ed9   Thumb Code   176  ltdc.o(.text)
    LTDC_Clear                               0x08009f89   Thumb Code    30  ltdc.o(.text)
    LTDC_Clk_Set                             0x08009fa7   Thumb Code    30  ltdc.o(.text)
    LTDC_Layer_Window_Config                 0x08009fc5   Thumb Code    32  ltdc.o(.text)
    LTDC_Layer_Parameter_Config              0x08009fe5   Thumb Code    86  ltdc.o(.text)
    LTDC_PanelID_Read                        0x0800a03b   Thumb Code   170  ltdc.o(.text)
    LTDC_Init                                0x0800a0e5   Thumb Code   432  ltdc.o(.text)
    HAL_LTDC_MspInit                         0x0800a295   Thumb Code   216  ltdc.o(.text)
    IIC_Init                                 0x0800a39d   Thumb Code    58  myiic.o(.text)
    IIC_Start                                0x0800a3d7   Thumb Code    56  myiic.o(.text)
    IIC_Stop                                 0x0800a40f   Thumb Code    58  myiic.o(.text)
    IIC_Wait_Ack                             0x0800a449   Thumb Code    74  myiic.o(.text)
    IIC_Ack                                  0x0800a493   Thumb Code    56  myiic.o(.text)
    IIC_NAck                                 0x0800a4cb   Thumb Code    56  myiic.o(.text)
    IIC_Send_Byte                            0x0800a503   Thumb Code    86  myiic.o(.text)
    IIC_Read_Byte                            0x0800a559   Thumb Code    96  myiic.o(.text)
    AT24CXX_Init                             0x0800a5c5   Thumb Code     4  24cxx.o(.text)
    AT24CXX_ReadOneByte                      0x0800a5c9   Thumb Code    66  24cxx.o(.text)
    AT24CXX_WriteOneByte                     0x0800a60b   Thumb Code    62  24cxx.o(.text)
    AT24CXX_WriteLenByte                     0x0800a649   Thumb Code    42  24cxx.o(.text)
    AT24CXX_ReadLenByte                      0x0800a673   Thumb Code    40  24cxx.o(.text)
    AT24CXX_Check                            0x0800a69b   Thumb Code    38  24cxx.o(.text)
    AT24CXX_Read                             0x0800a6c1   Thumb Code    34  24cxx.o(.text)
    AT24CXX_Write                            0x0800a6e3   Thumb Code    32  24cxx.o(.text)
    VL53L0X_GetVersion                       0x0800a705   Thumb Code    22  vl53l0x_api.o(.text)
    VL53L0X_GetPalSpecVersion                0x0800a71b   Thumb Code    24  vl53l0x_api.o(.text)
    VL53L0X_GetProductRevision               0x0800a733   Thumb Code    28  vl53l0x_api.o(.text)
    VL53L0X_GetDeviceInfo                    0x0800a74f   Thumb Code     4  vl53l0x_api.o(.text)
    VL53L0X_GetDeviceErrorStatus             0x0800a753   Thumb Code    24  vl53l0x_api.o(.text)
    VL53L0X_GetDeviceErrorString             0x0800a76b   Thumb Code     4  vl53l0x_api.o(.text)
    VL53L0X_GetRangeStatusString             0x0800a76f   Thumb Code     4  vl53l0x_api.o(.text)
    VL53L0X_GetPalErrorString                0x0800a773   Thumb Code     4  vl53l0x_api.o(.text)
    VL53L0X_GetPalStateString                0x0800a777   Thumb Code     4  vl53l0x_api.o(.text)
    VL53L0X_GetPalState                      0x0800a77b   Thumb Code    12  vl53l0x_api.o(.text)
    VL53L0X_GetVcselPulsePeriod              0x0800a787   Thumb Code     4  vl53l0x_api.o(.text)
    VL53L0X_SetMeasurementTimingBudgetMicroSeconds 0x0800a78b   Thumb Code     4  vl53l0x_api.o(.text)
    VL53L0X_SetSequenceStepEnable            0x0800a78f   Thumb Code   172  vl53l0x_api.o(.text)
    VL53L0X_GetFractionEnable                0x0800a83b   Thumb Code    26  vl53l0x_api.o(.text)
    VL53L0X_GetMeasurementTimingBudgetMicroSeconds 0x0800a855   Thumb Code     4  vl53l0x_api.o(.text)
    VL53L0X_GetWrapAroundCheckEnable         0x0800a859   Thumb Code    44  vl53l0x_api.o(.text)
    VL53L0X_GetLimitCheckEnable              0x0800a885   Thumb Code    24  vl53l0x_api.o(.text)
    VL53L0X_GetLimitCheckValue               0x0800a89d   Thumb Code   130  vl53l0x_api.o(.text)
    VL53L0X_GetOffsetCalibrationDataMicroMeter 0x0800a91f   Thumb Code     4  vl53l0x_api.o(.text)
    VL53L0X_GetXTalkCompensationRateMegaCps  0x0800a923   Thumb Code    44  vl53l0x_api.o(.text)
    VL53L0X_GetInterMeasurementPeriodMilliSeconds 0x0800a94f   Thumb Code    54  vl53l0x_api.o(.text)
    VL53L0X_GetDeviceMode                    0x0800a985   Thumb Code    10  vl53l0x_api.o(.text)
    VL53L0X_GetDeviceParameters              0x0800a98f   Thumb Code   126  vl53l0x_api.o(.text)
    VL53L0X_ClearInterruptMask               0x0800aa0d   Thumb Code    76  vl53l0x_api.o(.text)
    VL53L0X_SetGpioConfig                    0x0800aa59   Thumb Code   340  vl53l0x_api.o(.text)
    VL53L0X_StaticInit                       0x0800abad   Thumb Code   368  vl53l0x_api.o(.text)
    VL53L0X_SetPowerMode                     0x0800ad1d   Thumb Code    70  vl53l0x_api.o(.text)
    VL53L0X_GetPowerMode                     0x0800ad63   Thumb Code    36  vl53l0x_api.o(.text)
    VL53L0X_SetOffsetCalibrationDataMicroMeter 0x0800ad87   Thumb Code     4  vl53l0x_api.o(.text)
    VL53L0X_SetLinearityCorrectiveGain       0x0800ad8b   Thumb Code    34  vl53l0x_api.o(.text)
    VL53L0X_GetLinearityCorrectiveGain       0x0800adad   Thumb Code    12  vl53l0x_api.o(.text)
    VL53L0X_SetGroupParamHold                0x0800adb9   Thumb Code     6  vl53l0x_api.o(.text)
    VL53L0X_GetUpperLimitMilliMeter          0x0800adbf   Thumb Code     6  vl53l0x_api.o(.text)
    VL53L0X_GetTotalSignalRate               0x0800adc5   Thumb Code    34  vl53l0x_api.o(.text)
    VL53L0X_SetDeviceAddress                 0x0800ade7   Thumb Code     8  vl53l0x_api.o(.text)
    VL53L0X_SetLimitCheckValue               0x0800adef   Thumb Code    80  vl53l0x_api.o(.text)
    VL53L0X_SetLimitCheckEnable              0x0800ae3f   Thumb Code   126  vl53l0x_api.o(.text)
    VL53L0X_DataInit                         0x0800aebd   Thumb Code   414  vl53l0x_api.o(.text)
    VL53L0X_SetTuningSettingBuffer           0x0800b05b   Thumb Code    34  vl53l0x_api.o(.text)
    VL53L0X_GetTuningSettingBuffer           0x0800b07d   Thumb Code    20  vl53l0x_api.o(.text)
    VL53L0X_WaitDeviceBooted                 0x0800b091   Thumb Code     6  vl53l0x_api.o(.text)
    VL53L0X_ResetDevice                      0x0800b097   Thumb Code    90  vl53l0x_api.o(.text)
    VL53L0X_SetWrapAroundCheckEnable         0x0800b0f1   Thumb Code    70  vl53l0x_api.o(.text)
    VL53L0X_SetXTalkCompensationRateMegaCps  0x0800b137   Thumb Code    46  vl53l0x_api.o(.text)
    VL53L0X_SetInterMeasurementPeriodMilliSeconds 0x0800b165   Thumb Code    48  vl53l0x_api.o(.text)
    VL53L0X_SetDeviceMode                    0x0800b195   Thumb Code    36  vl53l0x_api.o(.text)
    VL53L0X_SetDeviceParameters              0x0800b1b9   Thumb Code   116  vl53l0x_api.o(.text)
    VL53L0X_SetRangeFractionEnable           0x0800b22d   Thumb Code    24  vl53l0x_api.o(.text)
    VL53L0X_SetHistogramMode                 0x0800b245   Thumb Code     6  vl53l0x_api.o(.text)
    VL53L0X_GetHistogramMode                 0x0800b24b   Thumb Code     6  vl53l0x_api.o(.text)
    VL53L0X_SetVcselPulsePeriod              0x0800b251   Thumb Code     4  vl53l0x_api.o(.text)
    sequence_step_enabled                    0x0800b255   Thumb Code    56  vl53l0x_api.o(.text)
    VL53L0X_GetSequenceStepEnable            0x0800b28d   Thumb Code    44  vl53l0x_api.o(.text)
    VL53L0X_GetSequenceStepEnables           0x0800b2b9   Thumb Code   114  vl53l0x_api.o(.text)
    VL53L0X_GetNumberOfSequenceSteps         0x0800b32b   Thumb Code     8  vl53l0x_api.o(.text)
    VL53L0X_GetSequenceStepsInfo             0x0800b333   Thumb Code     4  vl53l0x_api.o(.text)
    VL53L0X_SetSequenceStepTimeout           0x0800b337   Thumb Code    90  vl53l0x_api.o(.text)
    VL53L0X_GetSequenceStepTimeout           0x0800b391   Thumb Code    38  vl53l0x_api.o(.text)
    VL53L0X_SetXTalkCompensationEnable       0x0800b3b7   Thumb Code    52  vl53l0x_api.o(.text)
    VL53L0X_GetXTalkCompensationEnable       0x0800b3eb   Thumb Code    10  vl53l0x_api.o(.text)
    VL53L0X_SetRefCalibration                0x0800b3f5   Thumb Code     4  vl53l0x_api.o(.text)
    VL53L0X_GetRefCalibration                0x0800b3f9   Thumb Code     4  vl53l0x_api.o(.text)
    VL53L0X_GetNumberOfLimitCheck            0x0800b3fd   Thumb Code    10  vl53l0x_api.o(.text)
    VL53L0X_GetLimitCheckInfo                0x0800b407   Thumb Code     4  vl53l0x_api.o(.text)
    VL53L0X_GetLimitCheckStatus              0x0800b40b   Thumb Code    22  vl53l0x_api.o(.text)
    VL53L0X_GetLimitCheckCurrent             0x0800b421   Thumb Code    68  vl53l0x_api.o(.text)
    VL53L0X_SetDmaxCalParameters             0x0800b465   Thumb Code    46  vl53l0x_api.o(.text)
    VL53L0X_GetDmaxCalParameters             0x0800b493   Thumb Code    20  vl53l0x_api.o(.text)
    VL53L0X_GetInterruptThresholds           0x0800b4a7   Thumb Code    52  vl53l0x_api.o(.text)
    VL53L0X_CheckAndLoadInterruptSettings    0x0800b4db   Thumb Code   122  vl53l0x_api.o(.text)
    VL53L0X_StartMeasurement                 0x0800b555   Thumb Code   210  vl53l0x_api.o(.text)
    VL53L0X_PerformSingleMeasurement         0x0800b627   Thumb Code    34  vl53l0x_api.o(.text)
    VL53L0X_PerformSingleHistogramMeasurement 0x0800b649   Thumb Code     6  vl53l0x_api.o(.text)
    VL53L0X_PerformRefCalibration            0x0800b64f   Thumb Code     6  vl53l0x_api.o(.text)
    VL53L0X_PerformXTalkMeasurement          0x0800b655   Thumb Code     6  vl53l0x_api.o(.text)
    VL53L0X_PerformXTalkCalibration          0x0800b65b   Thumb Code     4  vl53l0x_api.o(.text)
    VL53L0X_PerformOffsetCalibration         0x0800b65f   Thumb Code     4  vl53l0x_api.o(.text)
    VL53L0X_StopMeasurement                  0x0800b663   Thumb Code    84  vl53l0x_api.o(.text)
    VL53L0X_GetInterruptMaskStatus           0x0800b6b7   Thumb Code    34  vl53l0x_api.o(.text)
    VL53L0X_GetMeasurementDataReady          0x0800b6d9   Thumb Code    58  vl53l0x_api.o(.text)
    VL53L0X_WaitDeviceReadyForNewMeasurement 0x0800b713   Thumb Code     6  vl53l0x_api.o(.text)
    VL53L0X_GetRangingMeasurementData        0x0800b719   Thumb Code   300  vl53l0x_api.o(.text)
    VL53L0X_GetMeasurementRefSignal          0x0800b845   Thumb Code    42  vl53l0x_api.o(.text)
    VL53L0X_GetHistogramMeasurementData      0x0800b86f   Thumb Code     6  vl53l0x_api.o(.text)
    VL53L0X_PerformSingleRangingMeasurement  0x0800b875   Thumb Code    52  vl53l0x_api.o(.text)
    VL53L0X_SetNumberOfROIZones              0x0800b8a9   Thumb Code    10  vl53l0x_api.o(.text)
    VL53L0X_GetNumberOfROIZones              0x0800b8b3   Thumb Code     8  vl53l0x_api.o(.text)
    VL53L0X_GetMaxNumberOfROIZones           0x0800b8bb   Thumb Code     8  vl53l0x_api.o(.text)
    VL53L0X_GetGpioConfig                    0x0800b8c3   Thumb Code   124  vl53l0x_api.o(.text)
    VL53L0X_SetInterruptThresholds           0x0800b93f   Thumb Code    38  vl53l0x_api.o(.text)
    VL53L0X_GetStopCompletedStatus           0x0800b965   Thumb Code   130  vl53l0x_api.o(.text)
    VL53L0X_EnableInterruptMask              0x0800b9e7   Thumb Code     6  vl53l0x_api.o(.text)
    VL53L0X_SetSpadAmbientDamperThreshold    0x0800b9ed   Thumb Code    42  vl53l0x_api.o(.text)
    VL53L0X_GetSpadAmbientDamperThreshold    0x0800ba17   Thumb Code    42  vl53l0x_api.o(.text)
    VL53L0X_SetSpadAmbientDamperFactor       0x0800ba41   Thumb Code    44  vl53l0x_api.o(.text)
    VL53L0X_GetSpadAmbientDamperFactor       0x0800ba6d   Thumb Code    48  vl53l0x_api.o(.text)
    VL53L0X_SetReferenceSpads                0x0800ba9d   Thumb Code     4  vl53l0x_api.o(.text)
    VL53L0X_GetReferenceSpads                0x0800baa1   Thumb Code     4  vl53l0x_api.o(.text)
    VL53L0X_PerformRefSpadManagement         0x0800baa5   Thumb Code     4  vl53l0x_api.o(.text)
    VL53L0X_perform_xtalk_calibration        0x0800baa9   Thumb Code   218  vl53l0x_api_calibration.o(.text)
    VL53L0X_perform_offset_calibration       0x0800bb83   Thumb Code   198  vl53l0x_api_calibration.o(.text)
    VL53L0X_set_offset_calibration_data_micro_meter 0x0800bc49   Thumb Code    52  vl53l0x_api_calibration.o(.text)
    VL53L0X_get_offset_calibration_data_micro_meter 0x0800bc7d   Thumb Code    52  vl53l0x_api_calibration.o(.text)
    VL53L0X_apply_offset_adjustment          0x0800bcb1   Thumb Code    50  vl53l0x_api_calibration.o(.text)
    get_next_good_spad                       0x0800bce3   Thumb Code    82  vl53l0x_api_calibration.o(.text)
    is_aperture                              0x0800bd35   Thumb Code    20  vl53l0x_api_calibration.o(.text)
    enable_spad_bit                          0x0800bd49   Thumb Code    42  vl53l0x_api_calibration.o(.text)
    count_enabled_spads                      0x0800bd73   Thumb Code   142  vl53l0x_api_calibration.o(.text)
    set_ref_spad_map                         0x0800be01   Thumb Code    10  vl53l0x_api_calibration.o(.text)
    get_ref_spad_map                         0x0800be0b   Thumb Code    10  vl53l0x_api_calibration.o(.text)
    enable_ref_spads                         0x0800be15   Thumb Code   142  vl53l0x_api_calibration.o(.text)
    perform_ref_signal_measurement           0x0800bea3   Thumb Code   100  vl53l0x_api_calibration.o(.text)
    VL53L0X_ref_calibration_io               0x0800bf07   Thumb Code   180  vl53l0x_api_calibration.o(.text)
    VL53L0X_perform_single_ref_calibration   0x0800bfbb   Thumb Code    56  vl53l0x_api_calibration.o(.text)
    VL53L0X_perform_phase_calibration        0x0800bff3   Thumb Code   128  vl53l0x_api_calibration.o(.text)
    VL53L0X_perform_vhv_calibration          0x0800c073   Thumb Code   112  vl53l0x_api_calibration.o(.text)
    VL53L0X_perform_ref_calibration          0x0800c0e3   Thumb Code    64  vl53l0x_api_calibration.o(.text)
    VL53L0X_perform_ref_spad_management      0x0800c123   Thumb Code   560  vl53l0x_api_calibration.o(.text)
    VL53L0X_set_reference_spads              0x0800c353   Thumb Code   166  vl53l0x_api_calibration.o(.text)
    VL53L0X_get_reference_spads              0x0800c3f9   Thumb Code   112  vl53l0x_api_calibration.o(.text)
    VL53L0X_set_ref_calibration              0x0800c469   Thumb Code    32  vl53l0x_api_calibration.o(.text)
    VL53L0X_get_ref_calibration              0x0800c489   Thumb Code    26  vl53l0x_api_calibration.o(.text)
    VL53L0X_reverse_bytes                    0x0800c4a5   Thumb Code    32  vl53l0x_api_core.o(.text)
    VL53L0X_measurement_poll_for_completion  0x0800c4c5   Thumb Code    54  vl53l0x_api_core.o(.text)
    VL53L0X_decode_vcsel_period              0x0800c4fb   Thumb Code     8  vl53l0x_api_core.o(.text)
    VL53L0X_encode_vcsel_period              0x0800c503   Thumb Code    10  vl53l0x_api_core.o(.text)
    VL53L0X_isqrt                            0x0800c50d   Thumb Code    42  vl53l0x_api_core.o(.text)
    VL53L0X_quadrature_sum                   0x0800c537   Thumb Code    26  vl53l0x_api_core.o(.text)
    VL53L0X_device_read_strobe               0x0800c551   Thumb Code    72  vl53l0x_api_core.o(.text)
    VL53L0X_get_info_from_device             0x0800c599   Thumb Code  1324  vl53l0x_api_core.o(.text)
    VL53L0X_calc_macro_period_ps             0x0800cac5   Thumb Code    16  vl53l0x_api_core.o(.text)
    VL53L0X_encode_timeout                   0x0800cad5   Thumb Code    30  vl53l0x_api_core.o(.text)
    VL53L0X_decode_timeout                   0x0800caf3   Thumb Code    10  vl53l0x_api_core.o(.text)
    VL53L0X_calc_timeout_mclks               0x0800cafd   Thumb Code    34  vl53l0x_api_core.o(.text)
    VL53L0X_calc_timeout_us                  0x0800cb1f   Thumb Code    34  vl53l0x_api_core.o(.text)
    get_sequence_step_timeout                0x0800cb41   Thumb Code   242  vl53l0x_api_core.o(.text)
    set_sequence_step_timeout                0x0800cc33   Thumb Code   258  vl53l0x_api_core.o(.text)
    VL53L0X_set_vcsel_pulse_period           0x0800cd35   Thumb Code   576  vl53l0x_api_core.o(.text)
    VL53L0X_get_vcsel_pulse_period           0x0800cf75   Thumb Code    48  vl53l0x_api_core.o(.text)
    VL53L0X_set_measurement_timing_budget_micro_seconds 0x0800cfa5   Thumb Code   194  vl53l0x_api_core.o(.text)
    VL53L0X_get_measurement_timing_budget_micro_seconds 0x0800d067   Thumb Code   196  vl53l0x_api_core.o(.text)
    VL53L0X_load_tuning_settings             0x0800d12b   Thumb Code   154  vl53l0x_api_core.o(.text)
    VL53L0X_get_total_xtalk_rate             0x0800d1c5   Thumb Code    46  vl53l0x_api_core.o(.text)
    VL53L0X_get_total_signal_rate            0x0800d1f3   Thumb Code    28  vl53l0x_api_core.o(.text)
    VL53L0X_calc_dmax                        0x0800d20f   Thumb Code   208  vl53l0x_api_core.o(.text)
    VL53L0X_calc_sigma_estimate              0x0800d2df   Thumb Code   536  vl53l0x_api_core.o(.text)
    VL53L0X_get_pal_range_status             0x0800d4f7   Thumb Code   500  vl53l0x_api_core.o(.text)
    VL53L0X_check_part_used                  0x0800d6ed   Thumb Code    60  vl53l0x_api_strings.o(.text)
    VL53L0X_get_device_info                  0x0800d729   Thumb Code   108  vl53l0x_api_strings.o(.text)
    VL53L0X_get_device_error_string          0x0800d795   Thumb Code   102  vl53l0x_api_strings.o(.text)
    VL53L0X_get_range_status_string          0x0800d7fb   Thumb Code    56  vl53l0x_api_strings.o(.text)
    VL53L0X_get_pal_error_string             0x0800d833   Thumb Code   176  vl53l0x_api_strings.o(.text)
    VL53L0X_get_pal_state_string             0x0800d8e3   Thumb Code  1050  vl53l0x_api_strings.o(.text)
    VL53L0X_get_sequence_steps_info          0x0800dcfd   Thumb Code    54  vl53l0x_api_strings.o(.text)
    VL53L0X_get_limit_check_info             0x0800dd33   Thumb Code    56  vl53l0x_api_strings.o(.text)
    VL53L0X_i2c_init                         0x0800de69   Thumb Code    60  vl53l0x_i2c.o(.text)
    VL_IIC_Start                             0x0800dea5   Thumb Code    56  vl53l0x_i2c.o(.text)
    VL_IIC_Stop                              0x0800dedd   Thumb Code    58  vl53l0x_i2c.o(.text)
    VL_IIC_Wait_Ack                          0x0800df17   Thumb Code    74  vl53l0x_i2c.o(.text)
    VL_IIC_Ack                               0x0800df61   Thumb Code    56  vl53l0x_i2c.o(.text)
    VL_IIC_NAck                              0x0800df99   Thumb Code    56  vl53l0x_i2c.o(.text)
    VL_IIC_Send_Byte                         0x0800dfd1   Thumb Code    94  vl53l0x_i2c.o(.text)
    VL_IIC_Read_Byte                         0x0800e02f   Thumb Code    96  vl53l0x_i2c.o(.text)
    VL_IIC_Write_1Byte                       0x0800e08f   Thumb Code    60  vl53l0x_i2c.o(.text)
    VL_IIC_Read_1Byte                        0x0800e0cb   Thumb Code    74  vl53l0x_i2c.o(.text)
    VL_IIC_Write_nByte                       0x0800e115   Thumb Code    66  vl53l0x_i2c.o(.text)
    VL_IIC_Read_nByte                        0x0800e157   Thumb Code    98  vl53l0x_i2c.o(.text)
    VL53L0X_write_multi                      0x0800e1b9   Thumb Code    22  vl53l0x_i2c.o(.text)
    VL53L0X_read_multi                       0x0800e1cf   Thumb Code    22  vl53l0x_i2c.o(.text)
    VL53L0X_write_byte                       0x0800e1e5   Thumb Code    12  vl53l0x_i2c.o(.text)
    VL53L0X_write_word                       0x0800e1f1   Thumb Code    50  vl53l0x_i2c.o(.text)
    VL53L0X_write_dword                      0x0800e223   Thumb Code    34  vl53l0x_i2c.o(.text)
    VL53L0X_read_byte                        0x0800e245   Thumb Code    16  vl53l0x_i2c.o(.text)
    VL53L0X_read_word                        0x0800e255   Thumb Code    28  vl53l0x_i2c.o(.text)
    VL53L0X_read_dword                       0x0800e271   Thumb Code    44  vl53l0x_i2c.o(.text)
    VL53L0X_WriteMulti                       0x0800e29d   Thumb Code    30  vl53l0x_platform.o(.text)
    VL53L0X_ReadMulti                        0x0800e2bb   Thumb Code    30  vl53l0x_platform.o(.text)
    VL53L0X_WrByte                           0x0800e2d9   Thumb Code    22  vl53l0x_platform.o(.text)
    VL53L0X_WrWord                           0x0800e2ef   Thumb Code    22  vl53l0x_platform.o(.text)
    VL53L0X_WrDWord                          0x0800e305   Thumb Code    22  vl53l0x_platform.o(.text)
    VL53L0X_UpdateByte                       0x0800e31b   Thumb Code    66  vl53l0x_platform.o(.text)
    VL53L0X_RdByte                           0x0800e35d   Thumb Code    22  vl53l0x_platform.o(.text)
    VL53L0X_RdWord                           0x0800e373   Thumb Code    22  vl53l0x_platform.o(.text)
    VL53L0X_RdDWord                          0x0800e389   Thumb Code    22  vl53l0x_platform.o(.text)
    VL53L0X_PollingDelay                     0x0800e39f   Thumb Code    18  vl53l0x_platform.o(.text)
    print_pal_error                          0x0800e3b1   Thumb Code    26  vl53l0x.o(.text)
    mode_string                              0x0800e3cb   Thumb Code    38  vl53l0x.o(.text)
    vl53l0x_Addr_set                         0x0800e3f1   Thumb Code   120  vl53l0x.o(.text)
    vl53l0x_reset                            0x0800e469   Thumb Code    60  vl53l0x.o(.text)
    vl53l0x_init                             0x0800e4a5   Thumb Code   168  vl53l0x.o(.text)
    vl53l0x_mtest_ui                         0x0800e54d   Thumb Code    86  vl53l0x.o(.text)
    vl53l0x_test                             0x0800e5a3   Thumb Code   198  vl53l0x.o(.text)
    vl53l0x_info                             0x0800e669   Thumb Code    68  vl53l0x.o(.text)
    One_measurement                          0x0800e6ad   Thumb Code    32  vl53l0x.o(.text)
    vl53l0x_adjust                           0x0800e89d   Thumb Code   444  vl53l0x_cali.o(.text)
    vl53l0x_calibration_test                 0x0800ea59   Thumb Code  1220  vl53l0x_cali.o(.text)
    vl53l0x_set_mode                         0x0800ef9d   Thumb Code   328  vl53l0x_gen.o(.text)
    vl53l0x_start_single_test                0x0800f0e5   Thumb Code    46  vl53l0x_gen.o(.text)
    vl53l0x_general_start                    0x0800f113   Thumb Code   336  vl53l0x_gen.o(.text)
    general_ui                               0x0800f263   Thumb Code   112  vl53l0x_gen.o(.text)
    vl53l0x_general_test                     0x0800f2d3   Thumb Code   158  vl53l0x_gen.o(.text)
    EXTI15_10_IRQHandler                     0x0800f4b1   Thumb Code    12  vl53l0x_it.o(.text)
    vl53l0x_interrupt_start                  0x0800f4bd   Thumb Code   790  vl53l0x_it.o(.text)
    interrupt_ui                             0x0800f7d3   Thumb Code   112  vl53l0x_it.o(.text)
    vl53l0x_interrupt_test                   0x0800f843   Thumb Code   476  vl53l0x_it.o(.text)
    usmart_sys_cmd_exe                       0x0800fa51   Thumb Code  1458  usmart.o(.text)
    usmart_reset_runtime                     0x08010003   Thumb Code    32  usmart.o(.text)
    usmart_get_runtime                       0x08010023   Thumb Code    38  usmart.o(.text)
    TIM4_IRQHandler                          0x08010049   Thumb Code    44  usmart.o(.text)
    Timer4_Init                              0x08010075   Thumb Code    72  usmart.o(.text)
    usmart_init                              0x080100bd   Thumb Code    36  usmart.o(.text)
    usmart_cmd_rec                           0x080100e1   Thumb Code   144  usmart.o(.text)
    usmart_exe                               0x08010171   Thumb Code   812  usmart.o(.text)
    usmart_scan                              0x0801049d   Thumb Code    92  usmart.o(.text)
    read_addr                                0x080104f9   Thumb Code     4  usmart.o(.text)
    write_addr                               0x080104fd   Thumb Code     4  usmart.o(.text)
    usmart_strcmp                            0x08010559   Thumb Code    24  usmart_str.o(.text)
    usmart_strcopy                           0x08010571   Thumb Code    18  usmart_str.o(.text)
    usmart_strlen                            0x08010583   Thumb Code    18  usmart_str.o(.text)
    usmart_pow                               0x08010595   Thumb Code    16  usmart_str.o(.text)
    usmart_str2num                           0x080105a5   Thumb Code   216  usmart_str.o(.text)
    usmart_get_cmdname                       0x0801067d   Thumb Code    46  usmart_str.o(.text)
    usmart_search_nextc                      0x080106ab   Thumb Code    16  usmart_str.o(.text)
    usmart_get_fname                         0x080106bb   Thumb Code   356  usmart_str.o(.text)
    usmart_get_aparm                         0x0801081f   Thumb Code   164  usmart_str.o(.text)
    usmart_get_parmpos                       0x080108c3   Thumb Code    30  usmart_str.o(.text)
    usmart_get_fparam                        0x080108e1   Thumb Code   204  usmart_str.o(.text)
    __use_no_semihosting                     0x080109b9   Thumb Code     2  use_no_semi_2.o(.text)
    __2printf                                0x080109bd   Thumb Code    20  noretval__2printf.o(.text)
    __2sprintf                               0x080109d5   Thumb Code    34  noretval__2sprintf.o(.text)
    _printf_pre_padding                      0x080109fd   Thumb Code    44  _printf_pad.o(.text)
    _printf_post_padding                     0x08010a29   Thumb Code    34  _printf_pad.o(.text)
    _printf_str                              0x08010a4b   Thumb Code    82  _printf_str.o(.text)
    _printf_int_dec                          0x08010a9d   Thumb Code   104  _printf_dec.o(.text)
    _printf_int_hex                          0x08010b15   Thumb Code    84  _printf_hex_int.o(.text)
    _printf_longlong_hex                     0x08010b15   Thumb Code     0  _printf_hex_int.o(.text)
    __printf                                 0x08010b6d   Thumb Code   388  __printf_flags_ss_wp.o(.text)
    strcpy                                   0x08010cf5   Thumb Code    72  strcpy.o(.text)
    __aeabi_memcpy                           0x08010d3d   Thumb Code     0  rt_memcpy_v6.o(.text)
    __rt_memcpy                              0x08010d3d   Thumb Code   138  rt_memcpy_v6.o(.text)
    _memcpy_lastbytes                        0x08010da3   Thumb Code     0  rt_memcpy_v6.o(.text)
    __aeabi_memcpy4                          0x08010dc7   Thumb Code     0  rt_memcpy_w.o(.text)
    __aeabi_memcpy8                          0x08010dc7   Thumb Code     0  rt_memcpy_w.o(.text)
    __rt_memcpy_w                            0x08010dc7   Thumb Code   100  rt_memcpy_w.o(.text)
    _memcpy_lastbytes_aligned                0x08010e0f   Thumb Code     0  rt_memcpy_w.o(.text)
    __aeabi_memclr                           0x08010e2b   Thumb Code     0  rt_memclr.o(.text)
    __rt_memclr                              0x08010e2b   Thumb Code    68  rt_memclr.o(.text)
    _memset                                  0x08010e2f   Thumb Code     0  rt_memclr.o(.text)
    __aeabi_memclr4                          0x08010e6f   Thumb Code     0  rt_memclr_w.o(.text)
    __aeabi_memclr8                          0x08010e6f   Thumb Code     0  rt_memclr_w.o(.text)
    __rt_memclr_w                            0x08010e6f   Thumb Code    78  rt_memclr_w.o(.text)
    _memset_w                                0x08010e73   Thumb Code     0  rt_memclr_w.o(.text)
    __use_two_region_memory                  0x08010ebd   Thumb Code     2  heapauxi.o(.text)
    __rt_heap_escrow$2region                 0x08010ebf   Thumb Code     2  heapauxi.o(.text)
    __rt_heap_expand$2region                 0x08010ec1   Thumb Code     2  heapauxi.o(.text)
    __I$use$semihosting                      0x08010ec3   Thumb Code     0  use_no_semi.o(.text)
    __use_no_semihosting_swi                 0x08010ec3   Thumb Code     2  use_no_semi.o(.text)
    _printf_int_common                       0x08010ec5   Thumb Code   178  _printf_intcommon.o(.text)
    _printf_char_common                      0x08010f83   Thumb Code    32  _printf_char_common.o(.text)
    _sputc                                   0x08010fa9   Thumb Code    10  _sputc.o(.text)
    _printf_cs_common                        0x08010fb3   Thumb Code    20  _printf_char.o(.text)
    _printf_char                             0x08010fc7   Thumb Code    16  _printf_char.o(.text)
    _printf_string                           0x08010fd7   Thumb Code     8  _printf_char.o(.text)
    _printf_char_file                        0x08010fe1   Thumb Code    32  _printf_char_file.o(.text)
    ferror                                   0x08011005   Thumb Code     8  ferror.o(.text)
    __user_setup_stackheap                   0x0801100d   Thumb Code    74  sys_stackheap_outer.o(.text)
    exit                                     0x08011057   Thumb Code    18  exit.o(.text)
    __user_libspace                          0x08011069   Thumb Code     8  libspace.o(.text)
    __user_perproc_libspace                  0x08011069   Thumb Code     0  libspace.o(.text)
    __user_perthread_libspace                0x08011069   Thumb Code     0  libspace.o(.text)
    _is_digit                                0x08011071   Thumb Code    14  __printf_wp.o(i._is_digit)
    __aeabi_d2uiz                            0x08011081   Thumb Code     0  dfixu.o(x$fpl$dfixu)
    _dfixu                                   0x08011081   Thumb Code    90  dfixu.o(x$fpl$dfixu)
    __aeabi_ui2d                             0x080110db   Thumb Code     0  dflt_clz.o(x$fpl$dfltu)
    _dfltu                                   0x080110db   Thumb Code    38  dflt_clz.o(x$fpl$dfltu)
    __aeabi_dmul                             0x08011101   Thumb Code     0  dmul.o(x$fpl$dmul)
    _dmul                                    0x08011101   Thumb Code   332  dmul.o(x$fpl$dmul)
    __fpl_dnaninf                            0x08011255   Thumb Code   156  dnaninf.o(x$fpl$dnaninf)
    __fpl_dretinf                            0x080112f1   Thumb Code    12  dretinf.o(x$fpl$dretinf)
    _fp_init                                 0x080112fd   Thumb Code    10  fpinit.o(x$fpl$fpinit)
    __fplib_config_fpu_vfp                   0x08011305   Thumb Code     0  fpinit.o(x$fpl$fpinit)
    __fplib_config_pureend_doubles           0x08011305   Thumb Code     0  fpinit.o(x$fpl$fpinit)
    APBAHBPrescTable                         0x08011306   Data          16  stm32f4xx_hal_rcc.o(.constdata)
    __I$use$fp                               0x08011306   Number         0  usenofp.o(x$fpl$usenofp)
    asc2_1206                                0x0801131e   Data        1140  lcd.o(.constdata)
    asc2_1608                                0x08011792   Data        1520  lcd.o(.constdata)
    asc2_2412                                0x08011d82   Data        3420  lcd.o(.constdata)
    asc2_3216                                0x08012ade   Data       12160  lcd.o(.constdata)
    Region$$Table$$Base                      0x08015bec   Number         0  anon$$obj.o(Region$$Table)
    Region$$Table$$Limit                     0x08015c0c   Number         0  anon$$obj.o(Region$$Table)
    SystemCoreClock                          0x20000000   Data           4  system_stm32f4xx.o(.data)
    AHBPrescTable                            0x20000004   Data          16  system_stm32f4xx.o(.data)
    USART_RX_STA                             0x2000001c   Data           2  usart.o(.data)
    __stdout                                 0x20000020   Data           4  usart.o(.data)
    POINT_COLOR                              0x20000028   Data           4  lcd.o(.data)
    BACK_COLOR                               0x2000002c   Data           4  lcd.o(.data)
    ltdc_framebuf                            0x20000030   Data           8  ltdc.o(.data)
    DefaultTuningSettings                    0x20000038   Data         243  vl53l0x_api.o(.data)
    InterruptThresholdSettings               0x2000012b   Data         438  vl53l0x_api.o(.data)
    refArrayQuadrants                        0x200002e4   Data          16  vl53l0x_api_calibration.o(.data)
    AjustOK                                  0x200002f4   Data           1  vl53l0x.o(.data)
    Mode_data                                0x200002f5   Data          56  vl53l0x.o(.data)
    Distance_data                            0x2000032e   Data           2  vl53l0x_gen.o(.data)
    alarm_flag                               0x20000330   Data           1  vl53l0x_it.o(.data)
    AlarmModes                               0x20000334   Data          12  vl53l0x_it.o(.data)
    sys_cmd_tab                              0x20000340   Data          28  usmart.o(.data)
    usmart_nametab                           0x2000035c   Data          48  usmart_config.o(.data)
    usmart_dev                               0x2000038c   Data         244  usmart_config.o(.data)
    USART_RX_BUF                             0x20000480   Data         200  usart.o(.bss)
    UART1_Handler                            0x20000548   Data          64  usart.o(.bss)
    SRAM_Handler                             0x20000588   Data          80  lcd.o(.bss)
    lcddev                                   0x200005d8   Data          14  lcd.o(.bss)
    SDRAM_Handler                            0x200005e8   Data          52  sdram.o(.bss)
    LTDC_Handler                             0x2000061c   Data         168  ltdc.o(.bss)
    lcdltdc                                  0x200006c4   Data          32  ltdc.o(.bss)
    vl53l0x_dev                              0x200006e4   Data         352  vl53l0x.o(.bss)
    vl53l0x_dev_info                         0x20000844   Data          99  vl53l0x.o(.bss)
    Vl53l0x_adjust                           0x200008a7   Data          24  vl53l0x_cali.o(.bss)
    Vl53l0x_data                             0x200008bf   Data          24  vl53l0x_cali.o(.bss)
    vl53l0x_data                             0x200008f8   Data          28  vl53l0x_gen.o(.bss)
    TIM4_Handler                             0x20000934   Data          60  usmart.o(.bss)
    __libspace_start                         0x20000970   Data          96  libspace.o(.bss)
    __temporary_stack_top$libspace           0x200009d0   Data           0  libspace.o(.bss)
    ltdc_lcd_framebuf                        0xc0000000   Data       2048000  ltdc.o(.ARM.__AT_0xC0000000)



==============================================================================

Memory Map of the image

  Image Entry point : 0x080001ad

  Load Region LR_IROM1 (Base: 0x08000000, Size: 0x0001608c, Max: 0x00100000, ABSOLUTE, COMPRESSED[0x00015f34])

    Execution Region ER_IROM1 (Exec base: 0x08000000, Load base: 0x08000000, Size: 0x00015c0c, Max: 0x00100000, ABSOLUTE)

    Exec Addr    Load Addr    Size         Type   Attr      Idx    E Section Name        Object

    0x08000000   0x08000000   0x000001ac   Data   RO          488    RESET               startup_stm32f429xx.o
    0x080001ac   0x080001ac   0x00000008   Code   RO         1727  * !!!main             c_w.l(__main.o)
    0x080001b4   0x080001b4   0x00000034   Code   RO         1918    !!!scatter          c_w.l(__scatter.o)
    0x080001e8   0x080001e8   0x0000005a   Code   RO         1916    !!dczerorl2         c_w.l(__dczerorl2.o)
    0x08000242   0x08000242   0x00000002   PAD
    0x08000244   0x08000244   0x0000001c   Code   RO         1920    !!handler_zi        c_w.l(__scatter_zi.o)
    0x08000260   0x08000260   0x00000000   Code   RO         1714    .ARM.Collect$$_printf_percent$$00000000  c_w.l(_printf_percent.o)
    0x08000260   0x08000260   0x00000006   Code   RO         1711    .ARM.Collect$$_printf_percent$$00000008  c_w.l(_printf_i.o)
    0x08000266   0x08000266   0x00000006   Code   RO         1712    .ARM.Collect$$_printf_percent$$00000009  c_w.l(_printf_d.o)
    0x0800026c   0x0800026c   0x00000006   Code   RO         1713    .ARM.Collect$$_printf_percent$$0000000A  c_w.l(_printf_u.o)
    0x08000272   0x08000272   0x00000006   Code   RO         1710    .ARM.Collect$$_printf_percent$$0000000C  c_w.l(_printf_x.o)
    0x08000278   0x08000278   0x00000006   Code   RO         1708    .ARM.Collect$$_printf_percent$$00000013  c_w.l(_printf_c.o)
    0x0800027e   0x0800027e   0x00000006   Code   RO         1709    .ARM.Collect$$_printf_percent$$00000014  c_w.l(_printf_s.o)
    0x08000284   0x08000284   0x00000004   Code   RO         1754    .ARM.Collect$$_printf_percent$$00000017  c_w.l(_printf_percent_end.o)
    0x08000288   0x08000288   0x00000002   Code   RO         1790    .ARM.Collect$$libinit$$00000000  c_w.l(libinit.o)
    0x0800028a   0x0800028a   0x00000004   Code   RO         1796    .ARM.Collect$$libinit$$00000001  c_w.l(libinit2.o)
    0x0800028e   0x0800028e   0x00000000   Code   RO         1799    .ARM.Collect$$libinit$$00000004  c_w.l(libinit2.o)
    0x0800028e   0x0800028e   0x00000000   Code   RO         1802    .ARM.Collect$$libinit$$0000000A  c_w.l(libinit2.o)
    0x0800028e   0x0800028e   0x00000000   Code   RO         1804    .ARM.Collect$$libinit$$0000000C  c_w.l(libinit2.o)
    0x0800028e   0x0800028e   0x00000000   Code   RO         1806    .ARM.Collect$$libinit$$0000000E  c_w.l(libinit2.o)
    0x0800028e   0x0800028e   0x00000000   Code   RO         1809    .ARM.Collect$$libinit$$00000011  c_w.l(libinit2.o)
    0x0800028e   0x0800028e   0x00000000   Code   RO         1811    .ARM.Collect$$libinit$$00000013  c_w.l(libinit2.o)
    0x0800028e   0x0800028e   0x00000000   Code   RO         1813    .ARM.Collect$$libinit$$00000015  c_w.l(libinit2.o)
    0x0800028e   0x0800028e   0x00000000   Code   RO         1815    .ARM.Collect$$libinit$$00000017  c_w.l(libinit2.o)
    0x0800028e   0x0800028e   0x00000000   Code   RO         1817    .ARM.Collect$$libinit$$00000019  c_w.l(libinit2.o)
    0x0800028e   0x0800028e   0x00000000   Code   RO         1819    .ARM.Collect$$libinit$$0000001B  c_w.l(libinit2.o)
    0x0800028e   0x0800028e   0x00000000   Code   RO         1821    .ARM.Collect$$libinit$$0000001D  c_w.l(libinit2.o)
    0x0800028e   0x0800028e   0x00000000   Code   RO         1823    .ARM.Collect$$libinit$$0000001F  c_w.l(libinit2.o)
    0x0800028e   0x0800028e   0x00000000   Code   RO         1825    .ARM.Collect$$libinit$$00000021  c_w.l(libinit2.o)
    0x0800028e   0x0800028e   0x00000000   Code   RO         1827    .ARM.Collect$$libinit$$00000023  c_w.l(libinit2.o)
    0x0800028e   0x0800028e   0x00000000   Code   RO         1829    .ARM.Collect$$libinit$$00000025  c_w.l(libinit2.o)
    0x0800028e   0x0800028e   0x00000000   Code   RO         1833    .ARM.Collect$$libinit$$0000002C  c_w.l(libinit2.o)
    0x0800028e   0x0800028e   0x00000000   Code   RO         1835    .ARM.Collect$$libinit$$0000002E  c_w.l(libinit2.o)
    0x0800028e   0x0800028e   0x00000000   Code   RO         1837    .ARM.Collect$$libinit$$00000030  c_w.l(libinit2.o)
    0x0800028e   0x0800028e   0x00000000   Code   RO         1839    .ARM.Collect$$libinit$$00000032  c_w.l(libinit2.o)
    0x0800028e   0x0800028e   0x00000002   Code   RO         1840    .ARM.Collect$$libinit$$00000033  c_w.l(libinit2.o)
    0x08000290   0x08000290   0x00000002   Code   RO         1858    .ARM.Collect$$libshutdown$$00000000  c_w.l(libshutdown.o)
    0x08000292   0x08000292   0x00000000   Code   RO         1868    .ARM.Collect$$libshutdown$$00000002  c_w.l(libshutdown2.o)
    0x08000292   0x08000292   0x00000000   Code   RO         1870    .ARM.Collect$$libshutdown$$00000004  c_w.l(libshutdown2.o)
    0x08000292   0x08000292   0x00000000   Code   RO         1873    .ARM.Collect$$libshutdown$$00000007  c_w.l(libshutdown2.o)
    0x08000292   0x08000292   0x00000000   Code   RO         1876    .ARM.Collect$$libshutdown$$0000000A  c_w.l(libshutdown2.o)
    0x08000292   0x08000292   0x00000000   Code   RO         1878    .ARM.Collect$$libshutdown$$0000000C  c_w.l(libshutdown2.o)
    0x08000292   0x08000292   0x00000000   Code   RO         1881    .ARM.Collect$$libshutdown$$0000000F  c_w.l(libshutdown2.o)
    0x08000292   0x08000292   0x00000002   Code   RO         1882    .ARM.Collect$$libshutdown$$00000010  c_w.l(libshutdown2.o)
    0x08000294   0x08000294   0x00000000   Code   RO         1743    .ARM.Collect$$rtentry$$00000000  c_w.l(__rtentry.o)
    0x08000294   0x08000294   0x00000000   Code   RO         1761    .ARM.Collect$$rtentry$$00000002  c_w.l(__rtentry2.o)
    0x08000294   0x08000294   0x00000006   Code   RO         1773    .ARM.Collect$$rtentry$$00000004  c_w.l(__rtentry4.o)
    0x0800029a   0x0800029a   0x00000000   Code   RO         1763    .ARM.Collect$$rtentry$$00000009  c_w.l(__rtentry2.o)
    0x0800029a   0x0800029a   0x00000004   Code   RO         1764    .ARM.Collect$$rtentry$$0000000A  c_w.l(__rtentry2.o)
    0x0800029e   0x0800029e   0x00000000   Code   RO         1766    .ARM.Collect$$rtentry$$0000000C  c_w.l(__rtentry2.o)
    0x0800029e   0x0800029e   0x00000008   Code   RO         1767    .ARM.Collect$$rtentry$$0000000D  c_w.l(__rtentry2.o)
    0x080002a6   0x080002a6   0x00000002   Code   RO         1794    .ARM.Collect$$rtexit$$00000000  c_w.l(rtexit.o)
    0x080002a8   0x080002a8   0x00000000   Code   RO         1842    .ARM.Collect$$rtexit$$00000002  c_w.l(rtexit2.o)
    0x080002a8   0x080002a8   0x00000004   Code   RO         1843    .ARM.Collect$$rtexit$$00000003  c_w.l(rtexit2.o)
    0x080002ac   0x080002ac   0x00000006   Code   RO         1844    .ARM.Collect$$rtexit$$00000004  c_w.l(rtexit2.o)
    0x080002b2   0x080002b2   0x00000002   PAD
    0x080002b4   0x080002b4   0x00000158   Code   RO            4    .text               main.o
    0x0800040c   0x0800040c   0x00000014   Code   RO          329    .text               stm32f4xx_it.o
    0x08000420   0x08000420   0x000000cc   Code   RO          359    .text               system_stm32f4xx.o
    0x080004ec   0x080004ec   0x00000040   Code   RO          489    .text               startup_stm32f429xx.o
    0x0800052c   0x0800052c   0x000001a4   Code   RO          496    .text               stm32f4xx_hal.o
    0x080006d0   0x080006d0   0x00000234   Code   RO          522    .text               stm32f4xx_hal_cortex.o
    0x08000904   0x08000904   0x00000344   Code   RO          550    .text               stm32f4xx_hal_gpio.o
    0x08000c48   0x08000c48   0x000002dc   Code   RO          598    .text               stm32f4xx_hal_pwr_ex.o
    0x08000f24   0x08000f24   0x000007e4   Code   RO          622    .text               stm32f4xx_hal_rcc.o
    0x08001708   0x08001708   0x000003d8   Code   RO          650    .text               stm32f4xx_hal_rcc_ex.o
    0x08001ae0   0x08001ae0   0x00000bcc   Code   RO          674    .text               stm32f4xx_hal_uart.o
    0x080026ac   0x080026ac   0x000004dc   Code   RO          722    .text               stm32f4xx_hal_dma.o
    0x08002b88   0x08002b88   0x00001e5c   Code   RO          771    .text               stm32f4xx_hal_tim.o
    0x080049e4   0x080049e4   0x00000a78   Code   RO          796    .text               stm32f4xx_hal_tim_ex.o
    0x0800545c   0x0800545c   0x000004d4   Code   RO          820    .text               stm32f4xx_ll_fmc.o
    0x08005930   0x08005930   0x000002bc   Code   RO          844    .text               stm32f4xx_hal_sram.o
    0x08005bec   0x08005bec   0x00000364   Code   RO          868    .text               stm32f4xx_hal_sdram.o
    0x08005f50   0x08005f50   0x000007a8   Code   RO          892    .text               stm32f4xx_hal_ltdc.o
    0x080066f8   0x080066f8   0x00000060   Code   RO          958    .text               delay.o
    0x08006758   0x08006758   0x00000084   Code   RO          985    .text               sys.o
    0x080067dc   0x080067dc   0x0000012c   Code   RO         1012    .text               usart.o
    0x08006908   0x08006908   0x0000004c   Code   RO         1049    .text               led.o
    0x08006954   0x08006954   0x0000014c   Code   RO         1073    .text               key.o
    0x08006aa0   0x08006aa0   0x000030d4   Code   RO         1098    .text               lcd.o
    0x08009b74   0x08009b74   0x000001e0   Code   RO         1138    .text               sdram.o
    0x08009d54   0x08009d54   0x00000648   Code   RO         1168    .text               ltdc.o
    0x0800a39c   0x0800a39c   0x00000228   Code   RO         1202    .text               myiic.o
    0x0800a5c4   0x0800a5c4   0x0000013e   Code   RO         1226    .text               24cxx.o
    0x0800a702   0x0800a702   0x00000002   PAD
    0x0800a704   0x0800a704   0x000013a4   Code   RO         1250    .text               vl53l0x_api.o
    0x0800baa8   0x0800baa8   0x000009fa   Code   RO         1303    .text               vl53l0x_api_calibration.o
    0x0800c4a2   0x0800c4a2   0x00000002   PAD
    0x0800c4a4   0x0800c4a4   0x00001246   Code   RO         1331    .text               vl53l0x_api_core.o
    0x0800d6ea   0x0800d6ea   0x00000002   PAD
    0x0800d6ec   0x0800d6ec   0x0000077c   Code   RO         1374    .text               vl53l0x_api_strings.o
    0x0800de68   0x0800de68   0x00000434   Code   RO         1398    .text               vl53l0x_i2c.o
    0x0800e29c   0x0800e29c   0x00000114   Code   RO         1423    .text               vl53l0x_platform.o
    0x0800e3b0   0x0800e3b0   0x000004ec   Code   RO         1447    .text               vl53l0x.o
    0x0800e89c   0x0800e89c   0x00000700   Code   RO         1480    .text               vl53l0x_cali.o
    0x0800ef9c   0x0800ef9c   0x00000514   Code   RO         1511    .text               vl53l0x_gen.o
    0x0800f4b0   0x0800f4b0   0x000005a0   Code   RO         1542    .text               vl53l0x_it.o
    0x0800fa50   0x0800fa50   0x00000b08   Code   RO         1570    .text               usmart.o
    0x08010558   0x08010558   0x00000460   Code   RO         1625    .text               usmart_str.o
    0x080109b8   0x080109b8   0x00000002   Code   RO         1649    .text               c_w.l(use_no_semi_2.o)
    0x080109ba   0x080109ba   0x00000002   PAD
    0x080109bc   0x080109bc   0x00000018   Code   RO         1655    .text               c_w.l(noretval__2printf.o)
    0x080109d4   0x080109d4   0x00000028   Code   RO         1657    .text               c_w.l(noretval__2sprintf.o)
    0x080109fc   0x080109fc   0x0000004e   Code   RO         1661    .text               c_w.l(_printf_pad.o)
    0x08010a4a   0x08010a4a   0x00000052   Code   RO         1663    .text               c_w.l(_printf_str.o)
    0x08010a9c   0x08010a9c   0x00000078   Code   RO         1665    .text               c_w.l(_printf_dec.o)
    0x08010b14   0x08010b14   0x00000058   Code   RO         1670    .text               c_w.l(_printf_hex_int.o)
    0x08010b6c   0x08010b6c   0x00000188   Code   RO         1705    .text               c_w.l(__printf_flags_ss_wp.o)
    0x08010cf4   0x08010cf4   0x00000048   Code   RO         1715    .text               c_w.l(strcpy.o)
    0x08010d3c   0x08010d3c   0x0000008a   Code   RO         1717    .text               c_w.l(rt_memcpy_v6.o)
    0x08010dc6   0x08010dc6   0x00000064   Code   RO         1719    .text               c_w.l(rt_memcpy_w.o)
    0x08010e2a   0x08010e2a   0x00000044   Code   RO         1721    .text               c_w.l(rt_memclr.o)
    0x08010e6e   0x08010e6e   0x0000004e   Code   RO         1723    .text               c_w.l(rt_memclr_w.o)
    0x08010ebc   0x08010ebc   0x00000006   Code   RO         1725    .text               c_w.l(heapauxi.o)
    0x08010ec2   0x08010ec2   0x00000002   Code   RO         1741    .text               c_w.l(use_no_semi.o)
    0x08010ec4   0x08010ec4   0x000000b2   Code   RO         1744    .text               c_w.l(_printf_intcommon.o)
    0x08010f76   0x08010f76   0x00000002   PAD
    0x08010f78   0x08010f78   0x00000030   Code   RO         1746    .text               c_w.l(_printf_char_common.o)
    0x08010fa8   0x08010fa8   0x0000000a   Code   RO         1748    .text               c_w.l(_sputc.o)
    0x08010fb2   0x08010fb2   0x0000002c   Code   RO         1750    .text               c_w.l(_printf_char.o)
    0x08010fde   0x08010fde   0x00000002   PAD
    0x08010fe0   0x08010fe0   0x00000024   Code   RO         1752    .text               c_w.l(_printf_char_file.o)
    0x08011004   0x08011004   0x00000008   Code   RO         1777    .text               c_w.l(ferror.o)
    0x0801100c   0x0801100c   0x0000004a   Code   RO         1781    .text               c_w.l(sys_stackheap_outer.o)
    0x08011056   0x08011056   0x00000012   Code   RO         1783    .text               c_w.l(exit.o)
    0x08011068   0x08011068   0x00000008   Code   RO         1791    .text               c_w.l(libspace.o)
    0x08011070   0x08011070   0x0000000e   Code   RO         1698    i._is_digit         c_w.l(__printf_wp.o)
    0x0801107e   0x0801107e   0x00000002   PAD
    0x08011080   0x08011080   0x0000005a   Code   RO         1729    x$fpl$dfixu         fz_wm.l(dfixu.o)
    0x080110da   0x080110da   0x00000026   Code   RO         1733    x$fpl$dfltu         fz_wm.l(dflt_clz.o)
    0x08011100   0x08011100   0x00000154   Code   RO         1739    x$fpl$dmul          fz_wm.l(dmul.o)
    0x08011254   0x08011254   0x0000009c   Code   RO         1755    x$fpl$dnaninf       fz_wm.l(dnaninf.o)
    0x080112f0   0x080112f0   0x0000000c   Code   RO         1757    x$fpl$dretinf       fz_wm.l(dretinf.o)
    0x080112fc   0x080112fc   0x0000000a   Code   RO         1850    x$fpl$fpinit        fz_wm.l(fpinit.o)
    0x08011306   0x08011306   0x00000000   Code   RO         1759    x$fpl$usenofp       fz_wm.l(usenofp.o)
    0x08011306   0x08011306   0x00000010   Data   RO          623    .constdata          stm32f4xx_hal_rcc.o
    0x08011316   0x08011316   0x00000008   Data   RO          723    .constdata          stm32f4xx_hal_dma.o
    0x0801131e   0x0801131e   0x00004740   Data   RO         1100    .constdata          lcd.o
    0x08015a5e   0x08015a5e   0x00000028   Data   RO         1671    .constdata          c_w.l(_printf_hex_int.o)
    0x08015a86   0x08015a86   0x00000011   Data   RO         1706    .constdata          c_w.l(__printf_flags_ss_wp.o)
    0x08015a97   0x08015a97   0x00000001   PAD
    0x08015a98   0x08015a98   0x00000055   Data   RO         1482    .conststring        vl53l0x_cali.o
    0x08015aed   0x08015aed   0x00000003   PAD
    0x08015af0   0x08015af0   0x00000028   Data   RO         1572    .conststring        usmart.o
    0x08015b18   0x08015b18   0x000000d4   Data   RO         1599    .conststring        usmart_config.o
    0x08015bec   0x08015bec   0x00000020   Data   RO         1914    Region$$Table       anon$$obj.o


    Execution Region RW_IRAM1 (Exec base: 0x20000000, Load base: 0x08015c0c, Size: 0x00000fd0, Max: 0x00030000, ABSOLUTE, COMPRESSED[0x00000328])

    Exec Addr    Load Addr    Size         Type   Attr      Idx    E Section Name        Object

    0x20000000   COMPRESSED   0x00000014   Data   RW          360    .data               system_stm32f4xx.o
    0x20000014   COMPRESSED   0x00000004   Data   RW          497    .data               stm32f4xx_hal.o
    0x20000018   COMPRESSED   0x00000004   Data   RW          959    .data               delay.o
    0x2000001c   COMPRESSED   0x00000002   Data   RW         1014    .data               usart.o
    0x2000001e   COMPRESSED   0x00000002   PAD
    0x20000020   COMPRESSED   0x00000004   Data   RW         1015    .data               usart.o
    0x20000024   COMPRESSED   0x00000001   Data   RW         1074    .data               key.o
    0x20000025   COMPRESSED   0x00000003   PAD
    0x20000028   COMPRESSED   0x00000008   Data   RW         1101    .data               lcd.o
    0x20000030   COMPRESSED   0x00000008   Data   RW         1172    .data               ltdc.o
    0x20000038   COMPRESSED   0x000002a9   Data   RW         1251    .data               vl53l0x_api.o
    0x200002e1   COMPRESSED   0x00000003   PAD
    0x200002e4   COMPRESSED   0x00000010   Data   RW         1304    .data               vl53l0x_api_calibration.o
    0x200002f4   COMPRESSED   0x00000001   Data   RW         1449    .data               vl53l0x.o
    0x200002f5   COMPRESSED   0x00000038   Data   RW         1450    .data               vl53l0x.o
    0x2000032d   COMPRESSED   0x00000001   PAD
    0x2000032e   COMPRESSED   0x00000002   Data   RW         1513    .data               vl53l0x_gen.o
    0x20000330   COMPRESSED   0x00000010   Data   RW         1544    .data               vl53l0x_it.o
    0x20000340   COMPRESSED   0x0000001c   Data   RW         1573    .data               usmart.o
    0x2000035c   COMPRESSED   0x00000030   Data   RW         1600    .data               usmart_config.o
    0x2000038c   COMPRESSED   0x000000f4   Data   RW         1601    .data               usmart_config.o
    0x20000480        -       0x00000108   Zero   RW         1013    .bss                usart.o
    0x20000588        -       0x0000005e   Zero   RW         1099    .bss                lcd.o
    0x200005e6   COMPRESSED   0x00000002   PAD
    0x200005e8        -       0x00000034   Zero   RW         1139    .bss                sdram.o
    0x2000061c        -       0x000000c8   Zero   RW         1170    .bss                ltdc.o
    0x200006e4        -       0x000001c3   Zero   RW         1448    .bss                vl53l0x.o
    0x200008a7        -       0x00000030   Zero   RW         1481    .bss                vl53l0x_cali.o
    0x200008d7   COMPRESSED   0x00000001   PAD
    0x200008d8        -       0x0000003c   Zero   RW         1512    .bss                vl53l0x_gen.o
    0x20000914        -       0x00000020   Zero   RW         1543    .bss                vl53l0x_it.o
    0x20000934        -       0x0000003c   Zero   RW         1571    .bss                usmart.o
    0x20000970        -       0x00000060   Zero   RW         1792    .bss                c_w.l(libspace.o)
    0x200009d0        -       0x00000200   Zero   RW          487    HEAP                startup_stm32f429xx.o
    0x20000bd0        -       0x00000400   Zero   RW          486    STACK               startup_stm32f429xx.o



  Load Region LR$$.ARM.__AT_0xC0000000 (Base: 0xc0000000, Size: 0x00000000, Max: 0x001f4000, ABSOLUTE)

    Execution Region ER$$.ARM.__AT_0xC0000000 (Exec base: 0xc0000000, Load base: 0xc0000000, Size: 0x001f4000, Max: 0x001f4000, ABSOLUTE, UNINIT)

    Exec Addr    Load Addr    Size         Type   Attr      Idx    E Section Name        Object

    0xc0000000        -       0x001f4000   Zero   RW         1169    .ARM.__AT_0xC0000000  ltdc.o


==============================================================================

Image component sizes


      Code (inc. data)   RO Data    RW Data    ZI Data      Debug   Object Name

       318          0          0          0          0       3018   24cxx.o
        96          6          0          4          0       1487   delay.o
       332         22          0          1          0       1588   key.o
     12500        140      18240          8         94      21156   lcd.o
        76          8          0          0          0       1043   led.o
      1608         72          0          8    2048200       8150   ltdc.o
       344        118          0          0          0     456555   main.o
       552         12          0          0          0       2592   myiic.o
       480         34          0          0         52       3139   sdram.o
        64         26        428          0       1536        892   startup_stm32f429xx.o
       420         26          0          4          0       5413   stm32f4xx_hal.o
       564         10          0          0          0      32367   stm32f4xx_hal_cortex.o
      1244         12          8          0          0       5532   stm32f4xx_hal_dma.o
       836         54          0          0          0       4479   stm32f4xx_hal_gpio.o
      1960         12          0          0          0       9827   stm32f4xx_hal_ltdc.o
       732         20          0          0          0       4119   stm32f4xx_hal_pwr_ex.o
      2020         60         16          0          0       6412   stm32f4xx_hal_rcc.o
       984         50          0          0          0       2412   stm32f4xx_hal_rcc_ex.o
       868         10          0          0          0       8561   stm32f4xx_hal_sdram.o
       700          8          0          0          0       6760   stm32f4xx_hal_sram.o
      7772        122          0          0          0      33588   stm32f4xx_hal_tim.o
      2680         22          0          0          0      12330   stm32f4xx_hal_tim_ex.o
      3020         28          0          0          0      13403   stm32f4xx_hal_uart.o
        20          0          0          0          0       1402   stm32f4xx_it.o
      1236         24          0          0          0       9529   stm32f4xx_ll_fmc.o
       132         10          0          0          0       1319   sys.o
       204         30          0         20          0       1671   system_stm32f4xx.o
       300         22          0          6        264       3815   usart.o
      2824       1314         40         28         60       5103   usmart.o
         0          0        212        292          0       1920   usmart_config.o
      1120         12          0          0          0       6583   usmart_str.o
      1260        464          0         57        451       4916   vl53l0x.o
      5028         72          0        681          0      41887   vl53l0x_api.o
      2554         12          0         16          0      17442   vl53l0x_api_calibration.o
      4678         16          0          0          0      21498   vl53l0x_api_core.o
      1916       1266          0          0          0       4873   vl53l0x_api_strings.o
      1792       1044         85          0         48       3080   vl53l0x_cali.o
      1300        320          0          2         60       3520   vl53l0x_gen.o
      1076         12          0          0          0       7153   vl53l0x_i2c.o
      1440        354          0         16         32       3431   vl53l0x_it.o
       276          0          0          0          0       4559   vl53l0x_platform.o

    ----------------------------------------------------------------------
     67332       5844      19064       1152    2050800     788524   Object Totals
         0          0         32          0          0          0   (incl. Generated)
         6          0          3          9          3          0   (incl. Padding)

    ----------------------------------------------------------------------

      Code (inc. data)   RO Data    RW Data    ZI Data      Debug   Library Member Name

        90          0          0          0          0          0   __dczerorl2.o
         8          0          0          0          0         68   __main.o
       392          4         17          0          0         92   __printf_flags_ss_wp.o
        14          0          0          0          0         68   __printf_wp.o
         0          0          0          0          0          0   __rtentry.o
        12          0          0          0          0          0   __rtentry2.o
         6          0          0          0          0          0   __rtentry4.o
        52          8          0          0          0          0   __scatter.o
        28          0          0          0          0          0   __scatter_zi.o
         6          0          0          0          0          0   _printf_c.o
        44          0          0          0          0        108   _printf_char.o
        48          6          0          0          0         96   _printf_char_common.o
        36          4          0          0          0         80   _printf_char_file.o
         6          0          0          0          0          0   _printf_d.o
       120         16          0          0          0         92   _printf_dec.o
        88          4         40          0          0         88   _printf_hex_int.o
         6          0          0          0          0          0   _printf_i.o
       178          0          0          0          0         88   _printf_intcommon.o
        78          0          0          0          0        108   _printf_pad.o
         0          0          0          0          0          0   _printf_percent.o
         4          0          0          0          0          0   _printf_percent_end.o
         6          0          0          0          0          0   _printf_s.o
        82          0          0          0          0         80   _printf_str.o
         6          0          0          0          0          0   _printf_u.o
         6          0          0          0          0          0   _printf_x.o
        10          0          0          0          0         68   _sputc.o
        18          0          0          0          0         80   exit.o
         8          0          0          0          0         68   ferror.o
         6          0          0          0          0        152   heapauxi.o
         2          0          0          0          0          0   libinit.o
         6          0          0          0          0          0   libinit2.o
         2          0          0          0          0          0   libshutdown.o
         2          0          0          0          0          0   libshutdown2.o
         8          4          0          0         96         68   libspace.o
        24          4          0          0          0         84   noretval__2printf.o
        40          6          0          0          0         84   noretval__2sprintf.o
        68          0          0          0          0         68   rt_memclr.o
        78          0          0          0          0         80   rt_memclr_w.o
       138          0          0          0          0         68   rt_memcpy_v6.o
       100          0          0          0          0         80   rt_memcpy_w.o
         2          0          0          0          0          0   rtexit.o
        10          0          0          0          0          0   rtexit2.o
        72          0          0          0          0         80   strcpy.o
        74          0          0          0          0         80   sys_stackheap_outer.o
         2          0          0          0          0         68   use_no_semi.o
         2          0          0          0          0         68   use_no_semi_2.o
        90          4          0          0          0        140   dfixu.o
        38          0          0          0          0        116   dflt_clz.o
       340         12          0          0          0        152   dmul.o
       156          4          0          0          0        140   dnaninf.o
        12          0          0          0          0        116   dretinf.o
        10          0          0          0          0        116   fpinit.o
         0          0          0          0          0          0   usenofp.o

    ----------------------------------------------------------------------
      2646         76         58          0         96       2944   Library Totals
        12          0          1          0          0          0   (incl. Padding)

    ----------------------------------------------------------------------

      Code (inc. data)   RO Data    RW Data    ZI Data      Debug   Library Name

      1988         56         57          0         96       2164   c_w.l
       646         20          0          0          0        780   fz_wm.l

    ----------------------------------------------------------------------
      2646         76         58          0         96       2944   Library Totals

    ----------------------------------------------------------------------

==============================================================================


      Code (inc. data)   RO Data    RW Data    ZI Data      Debug   

     69978       5920      19122       1152    2050896     779724   Grand Totals
     69978       5920      19122        808    2050896     779724   ELF Image Totals (compressed)
     69978       5920      19122        808          0          0   ROM Totals

==============================================================================

    Total RO  Size (Code + RO Data)                89100 (  87.01kB)
    Total RW  Size (RW Data + ZI Data)           2052048 (2003.95kB)
    Total ROM Size (Code + RO Data + RW Data)      89908 (  87.80kB)

==============================================================================

