<html>
<body>
<pre>
<h1>礦ision Build Log</h1>
<h2>Tool Versions:</h2>
IDE-Version: μVision V5.29.0.0
Copyright (C) 2019 ARM Ltd and ARM Germany GmbH. All rights reserved.
License Information: Raii Lee, Me., LIC=KIVDY-IH21J-04FSQ-N9M93-ZDPAM-1NK9B
 
Tool Versions:
Toolchain:       MDK-ARM Professional  Version: 5.29.0.0
Toolchain Path:  C:\Keil_v5\ARM\ARMCC\Bin
C Compiler:      Armcc.exe V5.06 update 6 (build 750)
Assembler:       Armasm.exe V5.06 update 6 (build 750)
Linker/Locator:  ArmLink.exe V5.06 update 6 (build 750)
Library Manager: ArmAr.exe V5.06 update 6 (build 750)
Hex Converter:   FromElf.exe V5.06 update 6 (build 750)
CPU DLL:         SARMCM3.DLL V5.29.0.0
Dialog DLL:      DCM.DLL V1.17.3.0
Target DLL:      STLink\ST-LINKIII-KEIL_SWO.dll V3.0.7.0
Dialog DLL:      TCM.DLL V1.36.5.0
 
<h2>Project:</h2>
D:\TOF\Ref\VL53L0X\ATK\2，程序源码\（HAL库版本，适合阿波罗STM32F429开发板）扩展实验21 ATK-VL53L0X模块实验\USER\VL53L0X.uvprojx
Project File Date:  06/02/2020

<h2>Output:</h2>
*** Using Compiler 'V5.06 update 6 (build 750)', folder: 'C:\Keil_v5\ARM\ARMCC\Bin'
Build target 'VL53L0X'
assembling startup_stm32f429xx.s...
compiling stm32f4xx_it.c...
compiling stm32f4xx_hal_cortex.c...
compiling stm32f4xx_hal.c...
compiling system_stm32f4xx.c...
compiling stm32f4xx_hal_pwr.c...
compiling stm32f4xx_hal_gpio.c...
compiling main.c...
compiling stm32f4xx_hal_dma.c...
compiling stm32f4xx_hal_uart.c...
compiling stm32f4xx_hal_dma_ex.c...
compiling stm32f4xx_hal_pwr_ex.c...
compiling stm32f4xx_hal_rcc_ex.c...
compiling stm32f4xx_hal_usart.c...
compiling stm32f4xx_hal_rcc.c...
compiling stm32f4xx_hal_ltdc_ex.c...
compiling stm32f4xx_hal_tim_ex.c...
compiling stm32f4xx_hal_sdram.c...
compiling stm32f4xx_hal_ltdc.c...
compiling stm32f4xx_ll_fmc.c...
compiling stm32f4xx_hal_sram.c...
compiling stm32f4xx_hal_tim.c...
compiling usart.c...
compiling stm32f4xx_hal_dma2d.c...
compiling delay.c...
compiling sys.c...
compiling key.c...
compiling led.c...
compiling lcd.c...
compiling ltdc.c...
compiling sdram.c...
compiling 24cxx.c...
compiling myiic.c...
compiling vl53l0x_api_calibration.c...
compiling vl53l0x_api_core.c...
compiling vl53l0x_api.c...
compiling vl53l0x_i2c.c...
compiling vl53l0x_platform.c...
compiling vl53l0x_cali.c...
compiling vl53l0x_api_strings.c...
compiling vl53l0x_api_ranging.c...
compiling vl53l0x.c...
compiling vl53l0x_gen.c...
compiling usmart.c...
compiling usmart_str.c...
compiling usmart_config.c...
compiling vl53l0x_it.c...
linking...
Program Size: Code=69978 RO-data=19122 RW-data=1152 ZI-data=2050896  
FromELF: creating hex file...
"..\OBJ\VL53L0X.axf" - 0 Error(s), 0 Warning(s).

<h2>Software Packages used:</h2>

Package Vendor: Keil
                http://www.keil.com/pack/Keil.STM32F4xx_DFP.2.14.0.pack
                Keil.STM32F4xx_DFP.2.14.0
                STMicroelectronics STM32F4 Series Device Support, Drivers and Examples

<h2>Collection of Component include folders:</h2>
  .\RTE\_VL53L0X
  D:\src\MDK\Packs\Keil\STM32F4xx_DFP\2.14.0\Drivers\CMSIS\Device\ST\STM32F4xx\Include

<h2>Collection of Component Files used:</h2>
Build Time Elapsed:  00:00:40
</pre>
</body>
</html>
